Archive member included to satisfy reference by file (symbol)

c:/st/stm32cubeide_1.7.0/stm32cubeide/plugins/com.st.stm32cube.ide.mcu.externaltools.gnu-tools-for-stm32.10.3-2021.10.win32_1.0.200.202301161003/tools/bin/../lib/gcc/arm-none-eabi/10.3.1/../../../../arm-none-eabi/lib/thumb/v7e-m+fp/hard\libc_nano.a(lib_a-errno.o)
                              ./Core/Src/syscalls.o (__errno)
c:/st/stm32cubeide_1.7.0/stm32cubeide/plugins/com.st.stm32cube.ide.mcu.externaltools.gnu-tools-for-stm32.10.3-2021.10.win32_1.0.200.202301161003/tools/bin/../lib/gcc/arm-none-eabi/10.3.1/../../../../arm-none-eabi/lib/thumb/v7e-m+fp/hard\libc_nano.a(lib_a-exit.o)
                              c:/st/stm32cubeide_1.7.0/stm32cubeide/plugins/com.st.stm32cube.ide.mcu.externaltools.gnu-tools-for-stm32.10.3-2021.10.win32_1.0.200.202301161003/tools/bin/../lib/gcc/arm-none-eabi/10.3.1/../../../../arm-none-eabi/lib/thumb/v7e-m+fp/hard/crt0.o (exit)
c:/st/stm32cubeide_1.7.0/stm32cubeide/plugins/com.st.stm32cube.ide.mcu.externaltools.gnu-tools-for-stm32.10.3-2021.10.win32_1.0.200.202301161003/tools/bin/../lib/gcc/arm-none-eabi/10.3.1/../../../../arm-none-eabi/lib/thumb/v7e-m+fp/hard\libc_nano.a(lib_a-impure.o)
                              c:/st/stm32cubeide_1.7.0/stm32cubeide/plugins/com.st.stm32cube.ide.mcu.externaltools.gnu-tools-for-stm32.10.3-2021.10.win32_1.0.200.202301161003/tools/bin/../lib/gcc/arm-none-eabi/10.3.1/../../../../arm-none-eabi/lib/thumb/v7e-m+fp/hard\libc_nano.a(lib_a-exit.o) (_global_impure_ptr)
c:/st/stm32cubeide_1.7.0/stm32cubeide/plugins/com.st.stm32cube.ide.mcu.externaltools.gnu-tools-for-stm32.10.3-2021.10.win32_1.0.200.202301161003/tools/bin/../lib/gcc/arm-none-eabi/10.3.1/../../../../arm-none-eabi/lib/thumb/v7e-m+fp/hard\libc_nano.a(lib_a-init.o)
                              c:/st/stm32cubeide_1.7.0/stm32cubeide/plugins/com.st.stm32cube.ide.mcu.externaltools.gnu-tools-for-stm32.10.3-2021.10.win32_1.0.200.202301161003/tools/bin/../lib/gcc/arm-none-eabi/10.3.1/../../../../arm-none-eabi/lib/thumb/v7e-m+fp/hard/crt0.o (__libc_init_array)
c:/st/stm32cubeide_1.7.0/stm32cubeide/plugins/com.st.stm32cube.ide.mcu.externaltools.gnu-tools-for-stm32.10.3-2021.10.win32_1.0.200.202301161003/tools/bin/../lib/gcc/arm-none-eabi/10.3.1/../../../../arm-none-eabi/lib/thumb/v7e-m+fp/hard\libc_nano.a(lib_a-memset.o)
                              c:/st/stm32cubeide_1.7.0/stm32cubeide/plugins/com.st.stm32cube.ide.mcu.externaltools.gnu-tools-for-stm32.10.3-2021.10.win32_1.0.200.202301161003/tools/bin/../lib/gcc/arm-none-eabi/10.3.1/../../../../arm-none-eabi/lib/thumb/v7e-m+fp/hard/crt0.o (memset)
c:/st/stm32cubeide_1.7.0/stm32cubeide/plugins/com.st.stm32cube.ide.mcu.externaltools.gnu-tools-for-stm32.10.3-2021.10.win32_1.0.200.202301161003/tools/bin/../lib/gcc/arm-none-eabi/10.3.1/thumb/v7e-m+fp/hard\libgcc.a(_aeabi_uldivmod.o)
                              ./Drivers/STM32L4xx_HAL_Driver/Src/stm32l4xx_hal_uart.o (__aeabi_uldivmod)
c:/st/stm32cubeide_1.7.0/stm32cubeide/plugins/com.st.stm32cube.ide.mcu.externaltools.gnu-tools-for-stm32.10.3-2021.10.win32_1.0.200.202301161003/tools/bin/../lib/gcc/arm-none-eabi/10.3.1/thumb/v7e-m+fp/hard\libgcc.a(_udivmoddi4.o)
                              c:/st/stm32cubeide_1.7.0/stm32cubeide/plugins/com.st.stm32cube.ide.mcu.externaltools.gnu-tools-for-stm32.10.3-2021.10.win32_1.0.200.202301161003/tools/bin/../lib/gcc/arm-none-eabi/10.3.1/thumb/v7e-m+fp/hard\libgcc.a(_aeabi_uldivmod.o) (__udivmoddi4)
c:/st/stm32cubeide_1.7.0/stm32cubeide/plugins/com.st.stm32cube.ide.mcu.externaltools.gnu-tools-for-stm32.10.3-2021.10.win32_1.0.200.202301161003/tools/bin/../lib/gcc/arm-none-eabi/10.3.1/thumb/v7e-m+fp/hard\libgcc.a(_dvmd_tls.o)
                              c:/st/stm32cubeide_1.7.0/stm32cubeide/plugins/com.st.stm32cube.ide.mcu.externaltools.gnu-tools-for-stm32.10.3-2021.10.win32_1.0.200.202301161003/tools/bin/../lib/gcc/arm-none-eabi/10.3.1/thumb/v7e-m+fp/hard\libgcc.a(_aeabi_uldivmod.o) (__aeabi_ldiv0)

Discarded input sections

 .text          0x0000000000000000        0x0 c:/st/stm32cubeide_1.7.0/stm32cubeide/plugins/com.st.stm32cube.ide.mcu.externaltools.gnu-tools-for-stm32.10.3-2021.10.win32_1.0.200.202301161003/tools/bin/../lib/gcc/arm-none-eabi/10.3.1/thumb/v7e-m+fp/hard/crti.o
 .data          0x0000000000000000        0x0 c:/st/stm32cubeide_1.7.0/stm32cubeide/plugins/com.st.stm32cube.ide.mcu.externaltools.gnu-tools-for-stm32.10.3-2021.10.win32_1.0.200.202301161003/tools/bin/../lib/gcc/arm-none-eabi/10.3.1/thumb/v7e-m+fp/hard/crti.o
 .bss           0x0000000000000000        0x0 c:/st/stm32cubeide_1.7.0/stm32cubeide/plugins/com.st.stm32cube.ide.mcu.externaltools.gnu-tools-for-stm32.10.3-2021.10.win32_1.0.200.202301161003/tools/bin/../lib/gcc/arm-none-eabi/10.3.1/thumb/v7e-m+fp/hard/crti.o
[...]
Memory Configuration

Name             Origin             Length             Attributes
RAM              0x0000000020000000 0x0000000000010000 xrw
RAM2             0x0000000010000000 0x0000000000004000 xrw
FLASH            0x0000000008000000 0x0000000000040000 xr
*default*        0x0000000000000000 0xffffffffffffffff

Linker script and memory map

LOAD c:/st/stm32cubeide_1.7.0/stm32cubeide/plugins/com.st.stm32cube.ide.mcu.externaltools.gnu-tools-for-stm32.10.3-2021.10.win32_1.0.200.202301161003/tools/bin/../lib/gcc/arm-none-eabi/10.3.1/thumb/v7e-m+fp/hard/crti.o
LOAD c:/st/stm32cubeide_1.7.0/stm32cubeide/plugins/com.st.stm32cube.ide.mcu.externaltools.gnu-tools-for-stm32.10.3-2021.10.win32_1.0.200.202301161003/tools/bin/../lib/gcc/arm-none-eabi/10.3.1/thumb/v7e-m+fp/hard/crtbegin.o
LOAD c:/st/stm32cubeide_1.7.0/stm32cubeide/plugins/com.st.stm32cube.ide.mcu.externaltools.gnu-tools-for-stm32.10.3-2021.10.win32_1.0.200.202301161003/tools/bin/../lib/gcc/arm-none-eabi/10.3.1/../../../../arm-none-eabi/lib/thumb/v7e-m+fp/hard/crt0.o
LOAD ./Core/Src/CAN_Bus.o
LOAD ./Core/Src/SPI_MB.o
LOAD ./Core/Src/battery.o
LOAD ./Core/Src/main.o
LOAD ./Core/Src/serial_monitor.o
LOAD ./Core/Src/stm32l4xx_hal_msp.o
LOAD ./Core/Src/stm32l4xx_it.o
LOAD ./Core/Src/syscalls.o
LOAD ./Core/Src/sysmem.o
LOAD ./Core/Src/system_stm32l4xx.o
LOAD ./Core/Startup/startup_stm32l432kcux.o
LOAD ./Drivers/STM32L4xx_HAL_Driver/Src/stm32l4xx_hal.o
LOAD ./Drivers/STM32L4xx_HAL_Driver/Src/stm32l4xx_hal_can.o
LOAD ./Drivers/STM32L4xx_HAL_Driver/Src/stm32l4xx_hal_cortex.o
LOAD ./Drivers/STM32L4xx_HAL_Driver/Src/stm32l4xx_hal_dma.o
LOAD ./Drivers/STM32L4xx_HAL_Driver/Src/stm32l4xx_hal_dma_ex.o
LOAD ./Drivers/STM32L4xx_HAL_Driver/Src/stm32l4xx_hal_exti.o
LOAD ./Drivers/STM32L4xx_HAL_Driver/Src/stm32l4xx_hal_flash.o
LOAD ./Drivers/STM32L4xx_HAL_Driver/Src/stm32l4xx_hal_flash_ex.o
LOAD ./Drivers/STM32L4xx_HAL_Driver/Src/stm32l4xx_hal_flash_ramfunc.o
LOAD ./Drivers/STM32L4xx_HAL_Driver/Src/stm32l4xx_hal_gpio.o
LOAD ./Drivers/STM32L4xx_HAL_Driver/Src/stm32l4xx_hal_pwr.o
LOAD ./Drivers/STM32L4xx_HAL_Driver/Src/stm32l4xx_hal_pwr_ex.o
LOAD ./Drivers/STM32L4xx_HAL_Driver/Src/stm32l4xx_hal_rcc.o
LOAD ./Drivers/STM32L4xx_HAL_Driver/Src/stm32l4xx_hal_rcc_ex.o
LOAD ./Drivers/STM32L4xx_HAL_Driver/Src/stm32l4xx_hal_spi.o
LOAD ./Drivers/STM32L4xx_HAL_Driver/Src/stm32l4xx_hal_spi_ex.o
LOAD ./Drivers/STM32L4xx_HAL_Driver/Src/stm32l4xx_hal_tim.o
LOAD ./Drivers/STM32L4xx_HAL_Driver/Src/stm32l4xx_hal_tim_ex.o
LOAD ./Drivers/STM32L4xx_HAL_Driver/Src/stm32l4xx_hal_uart.o
LOAD ./Drivers/STM32L4xx_HAL_Driver/Src/stm32l4xx_hal_uart_ex.o
START GROUP
LOAD c:/st/stm32cubeide_1.7.0/stm32cubeide/plugins/com.st.stm32cube.ide.mcu.externaltools.gnu-tools-for-stm32.10.3-2021.10.win32_1.0.200.202301161003/tools/bin/../lib/gcc/arm-none-eabi/10.3.1/../../../../arm-none-eabi/lib/thumb/v7e-m+fp/hard\libstdc++_nano.a
LOAD c:/st/stm32cubeide_1.7.0/stm32cubeide/plugins/com.st.stm32cube.ide.mcu.externaltools.gnu-tools-for-stm32.10.3-2021.10.win32_1.0.200.202301161003/tools/bin/../lib/gcc/arm-none-eabi/10.3.1/../../../../arm-none-eabi/lib/thumb/v7e-m+fp/hard\libsupc++_nano.a
END GROUP
LOAD c:/st/stm32cubeide_1.7.0/stm32cubeide/plugins/com.st.stm32cube.ide.mcu.externaltools.gnu-tools-for-stm32.10.3-2021.10.win32_1.0.200.202301161003/tools/bin/../lib/gcc/arm-none-eabi/10.3.1/../../../../arm-none-eabi/lib/thumb/v7e-m+fp/hard\libstdc++_nano.a
LOAD c:/st/stm32cubeide_1.7.0/stm32cubeide/plugins/com.st.stm32cube.ide.mcu.externaltools.gnu-tools-for-stm32.10.3-2021.10.win32_1.0.200.202301161003/tools/bin/../lib/gcc/arm-none-eabi/10.3.1/../../../../arm-none-eabi/lib/thumb/v7e-m+fp/hard\libm.a
LOAD c:/st/stm32cubeide_1.7.0/stm32cubeide/plugins/com.st.stm32cube.ide.mcu.externaltools.gnu-tools-for-stm32.10.3-2021.10.win32_1.0.200.202301161003/tools/bin/../lib/gcc/arm-none-eabi/10.3.1/../../../../arm-none-eabi/lib/thumb/v7e-m+fp/hard\libc_nano.a
START GROUP
LOAD c:/st/stm32cubeide_1.7.0/stm32cubeide/plugins/com.st.stm32cube.ide.mcu.externaltools.gnu-tools-for-stm32.10.3-2021.10.win32_1.0.200.202301161003/tools/bin/../lib/gcc/arm-none-eabi/10.3.1/thumb/v7e-m+fp/hard\libgcc.a
LOAD c:/st/stm32cubeide_1.7.0/stm32cubeide/plugins/com.st.stm32cube.ide.mcu.externaltools.gnu-tools-for-stm32.10.3-2021.10.win32_1.0.200.202301161003/tools/bin/../lib/gcc/arm-none-eabi/10.3.1/../../../../arm-none-eabi/lib/thumb/v7e-m+fp/hard\libc_nano.a
END GROUP
START GROUP
LOAD c:/st/stm32cubeide_1.7.0/stm32cubeide/plugins/com.st.stm32cube.ide.mcu.externaltools.gnu-tools-for-stm32.10.3-2021.10.win32_1.0.200.202301161003/tools/bin/../lib/gcc/arm-none-eabi/10.3.1/thumb/v7e-m+fp/hard\libgcc.a
LOAD c:/st/stm32cubeide_1.7.0/stm32cubeide/plugins/com.st.stm32cube.ide.mcu.externaltools.gnu-tools-for-stm32.10.3-2021.10.win32_1.0.200.202301161003/tools/bin/../lib/gcc/arm-none-eabi/10.3.1/../../../../arm-none-eabi/lib/thumb/v7e-m+fp/hard\libc_nano.a
LOAD c:/st/stm32cubeide_1.7.0/stm32cubeide/plugins/com.st.stm32cube.ide.mcu.externaltools.gnu-tools-for-stm32.10.3-2021.10.win32_1.0.200.202301161003/tools/bin/../lib/gcc/arm-none-eabi/10.3.1/../../../../arm-none-eabi/lib/thumb/v7e-m+fp/hard\libnosys.a
END GROUP
START GROUP
LOAD c:/st/stm32cubeide_1.7.0/stm32cubeide/plugins/com.st.stm32cube.ide.mcu.externaltools.gnu-tools-for-stm32.10.3-2021.10.win32_1.0.200.202301161003/tools/bin/../lib/gcc/arm-none-eabi/10.3.1/thumb/v7e-m+fp/hard\libgcc.a
LOAD c:/st/stm32cubeide_1.7.0/stm32cubeide/plugins/com.st.stm32cube.ide.mcu.externaltools.gnu-tools-for-stm32.10.3-2021.10.win32_1.0.200.202301161003/tools/bin/../lib/gcc/arm-none-eabi/10.3.1/../../../../arm-none-eabi/lib/thumb/v7e-m+fp/hard\libc_nano.a
LOAD c:/st/stm32cubeide_1.7.0/stm32cubeide/plugins/com.st.stm32cube.ide.mcu.externaltools.gnu-tools-for-stm32.10.3-2021.10.win32_1.0.200.202301161003/tools/bin/../lib/gcc/arm-none-eabi/10.3.1/../../../../arm-none-eabi/lib/thumb/v7e-m+fp/hard\libnosys.a
END GROUP
LOAD c:/st/stm32cubeide_1.7.0/stm32cubeide/plugins/com.st.stm32cube.ide.mcu.externaltools.gnu-tools-for-stm32.10.3-2021.10.win32_1.0.200.202301161003/tools/bin/../lib/gcc/arm-none-eabi/10.3.1/thumb/v7e-m+fp/hard/crtend.o
LOAD c:/st/stm32cubeide_1.7.0/stm32cubeide/plugins/com.st.stm32cube.ide.mcu.externaltools.gnu-tools-for-stm32.10.3-2021.10.win32_1.0.200.202301161003/tools/bin/../lib/gcc/arm-none-eabi/10.3.1/thumb/v7e-m+fp/hard/crtn.o
                0x0000000020010000                _estack = (ORIGIN (RAM) + LENGTH (RAM))
                0x0000000000000200                _Min_Heap_Size = 0x200
                0x0000000000000400                _Min_Stack_Size = 0x400

.isr_vector     0x0000000008000000      0x18c
                0x0000000008000000                . = ALIGN (0x4)
 *(.isr_vector)
 .isr_vector    0x0000000008000000      0x18c ./Core/Startup/startup_stm32l432kcux.o
                0x0000000008000000                g_pfnVectors
                0x000000000800018c                . = ALIGN (0x4)

.text           0x000000000800018c     0x399c
                0x000000000800018c                . = ALIGN (0x4)
 *(.text)
 .text          0x000000000800018c       0x40 c:/st/stm32cubeide_1.7.0/stm32cubeide/plugins/com.st.stm32cube.ide.mcu.externaltools.gnu-tools-for-stm32.10.3-2021.10.win32_1.0.200.202301161003/tools/bin/../lib/gcc/arm-none-eabi/10.3.1/thumb/v7e-m+fp/hard/crtbegin.o
 .text          0x00000000080001cc       0x30 c:/st/stm32cubeide_1.7.0/stm32cubeide/plugins/com.st.stm32cube.ide.mcu.externaltools.gnu-tools-for-stm32.10.3-2021.10.win32_1.0.200.202301161003/tools/bin/../lib/gcc/arm-none-eabi/10.3.1/thumb/v7e-m+fp/hard\libgcc.a(_aeabi_uldivmod.o)
                0x00000000080001cc                __aeabi_uldivmod
 .text          0x00000000080001fc      0x2d0 c:/st/stm32cubeide_1.7.0/stm32cubeide/plugins/com.st.stm32cube.ide.mcu.externaltools.gnu-tools-for-stm32.10.3-2021.10.win32_1.0.200.202301161003/tools/bin/../lib/gcc/arm-none-eabi/10.3.1/thumb/v7e-m+fp/hard\libgcc.a(_udivmoddi4.o)
                0x00000000080001fc                __udivmoddi4
 .text          0x00000000080004cc        0x4 c:/st/stm32cubeide_1.7.0/stm32cubeide/plugins/com.st.stm32cube.ide.mcu.externaltools.gnu-tools-for-stm32.10.3-2021.10.win32_1.0.200.202301161003/tools/bin/../lib/gcc/arm-none-eabi/10.3.1/thumb/v7e-m+fp/hard\libgcc.a(_dvmd_tls.o)
                0x00000000080004cc                __aeabi_idiv0
                0x00000000080004cc                __aeabi_ldiv0
 *(.text*)
 .text.send_CAN
                0x00000000080004d0       0x2c ./Core/Src/CAN_Bus.o
                0x00000000080004d0                send_CAN
 .text.read_CAN
                0x00000000080004fc       0x50 ./Core/Src/CAN_Bus.o
                0x00000000080004fc                read_CAN
 .text.FIFO_ovf
                0x000000000800054c       0x28 ./Core/Src/CAN_Bus.o
                0x000000000800054c                FIFO_ovf
 .text.send_data2ECU
                0x0000000008000574       0xa8 ./Core/Src/CAN_Bus.o
                0x0000000008000574                send_data2ECU
 .text.delay_1us
                0x000000000800061c       0x18 ./Core/Src/SPI_MB.o
                0x000000000800061c                delay_1us
 .text.wake_up  0x0000000008000634       0x3c ./Core/Src/SPI_MB.o
                0x0000000008000634                wake_up
 .text.SPI_Transceive
                0x0000000008000670       0x38 ./Core/Src/SPI_MB.o
                0x0000000008000670                SPI_Transceive
 .text.generatePEC
                0x00000000080006a8       0x9a ./Core/Src/SPI_MB.o
                0x00000000080006a8                generatePEC
 .text.Command  0x0000000008000742       0x3a ./Core/Src/SPI_MB.o
                0x0000000008000742                Command
 .text.Write_Registergroup
                0x000000000800077c       0x8e ./Core/Src/SPI_MB.o
                0x000000000800077c                Write_Registergroup
 .text.Read_Registergroup
                0x000000000800080a       0xbc ./Core/Src/SPI_MB.o
                0x000000000800080a                Read_Registergroup
 *fill*         0x00000000080008c6        0x2 
 .text.Read_Voltages
                0x00000000080008c8       0x94 ./Core/Src/SPI_MB.o
                0x00000000080008c8                Read_Voltages
 .text.Read_Temp
                0x000000000800095c       0xd0 ./Core/Src/SPI_MB.o
                0x000000000800095c                Read_Temp
 .text.ADBMS_HW_Init
                0x0000000008000a2c       0xcc ./Core/Src/SPI_MB.o
                0x0000000008000a2c                ADBMS_HW_Init
 .text.refresh_SDC
                0x0000000008000af8       0x38 ./Core/Src/battery.o
                0x0000000008000af8                refresh_SDC
 .text.check_battery
                0x0000000008000b30       0x3e ./Core/Src/battery.o
                0x0000000008000b30                check_battery
 *fill*         0x0000000008000b6e        0x2 
 .text.SDC_reset
                0x0000000008000b70       0x60 ./Core/Src/battery.o
                0x0000000008000b70                SDC_reset
 .text.set_relays
                0x0000000008000bd0       0x64 ./Core/Src/battery.o
                0x0000000008000bd0                set_relays
 .text.balancing
                0x0000000008000c34        0x4 ./Core/Src/battery.o
                0x0000000008000c34                balancing
 .text.MX_GPIO_Init
                0x0000000008000c38       0xb8 ./Core/Src/main.o
 .text.HAL_TIM_PeriodElapsedCallback
                0x0000000008000cf0       0x1c ./Core/Src/main.o
                0x0000000008000cf0                HAL_TIM_PeriodElapsedCallback
 .text.Error_Handler
                0x0000000008000d0c       0x28 ./Core/Src/main.o
                0x0000000008000d0c                Error_Handler
 .text.MX_USART2_UART_Init
                0x0000000008000d34       0x38 ./Core/Src/main.o
 .text.MX_CAN1_Init
                0x0000000008000d6c       0x88 ./Core/Src/main.o
 .text.MX_SPI1_Init
                0x0000000008000df4       0x48 ./Core/Src/main.o
 .text.MX_TIM6_Init
                0x0000000008000e3c       0x54 ./Core/Src/main.o
 .text.MX_TIM7_Init
                0x0000000008000e90       0x54 ./Core/Src/main.o
 .text.SystemClock_Config
                0x0000000008000ee4       0x98 ./Core/Src/main.o
                0x0000000008000ee4                SystemClock_Config
 .text.main     0x0000000008000f7c      0x1b4 ./Core/Src/main.o
                0x0000000008000f7c                main
 .text.SerialMonitor
                0x0000000008001130       0xa0 ./Core/Src/serial_monitor.o
                0x0000000008001130                SerialMonitor
 .text.HAL_MspInit
                0x00000000080011d0       0x30 ./Core/Src/stm32l4xx_hal_msp.o
                0x00000000080011d0                HAL_MspInit
 .text.HAL_CAN_MspInit
                0x0000000008001200       0x68 ./Core/Src/stm32l4xx_hal_msp.o
                0x0000000008001200                HAL_CAN_MspInit
 .text.HAL_SPI_MspInit
                0x0000000008001268       0x7c ./Core/Src/stm32l4xx_hal_msp.o
                0x0000000008001268                HAL_SPI_MspInit
 .text.HAL_TIM_Base_MspInit
                0x00000000080012e4       0x60 ./Core/Src/stm32l4xx_hal_msp.o
                0x00000000080012e4                HAL_TIM_Base_MspInit
 .text.HAL_UART_MspInit
                0x0000000008001344       0xa0 ./Core/Src/stm32l4xx_hal_msp.o
                0x0000000008001344                HAL_UART_MspInit
 .text.NMI_Handler
                0x00000000080013e4        0x2 ./Core/Src/stm32l4xx_it.o
                0x00000000080013e4                NMI_Handler
 .text.HardFault_Handler
                0x00000000080013e6        0x2 ./Core/Src/stm32l4xx_it.o
                0x00000000080013e6                HardFault_Handler
 .text.MemManage_Handler
                0x00000000080013e8        0x2 ./Core/Src/stm32l4xx_it.o
                0x00000000080013e8                MemManage_Handler
 .text.BusFault_Handler
                0x00000000080013ea        0x2 ./Core/Src/stm32l4xx_it.o
                0x00000000080013ea                BusFault_Handler
 .text.UsageFault_Handler
                0x00000000080013ec        0x2 ./Core/Src/stm32l4xx_it.o
                0x00000000080013ec                UsageFault_Handler
 .text.SVC_Handler
                0x00000000080013ee        0x2 ./Core/Src/stm32l4xx_it.o
                0x00000000080013ee                SVC_Handler
 .text.DebugMon_Handler
                0x00000000080013f0        0x2 ./Core/Src/stm32l4xx_it.o
                0x00000000080013f0                DebugMon_Handler
 .text.PendSV_Handler
                0x00000000080013f2        0x2 ./Core/Src/stm32l4xx_it.o
                0x00000000080013f2                PendSV_Handler
 .text.SysTick_Handler
                0x00000000080013f4        0x8 ./Core/Src/stm32l4xx_it.o
                0x00000000080013f4                SysTick_Handler
 .text.TIM7_IRQHandler
                0x00000000080013fc       0x10 ./Core/Src/stm32l4xx_it.o
                0x00000000080013fc                TIM7_IRQHandler
 .text.SystemInit
                0x000000000800140c       0x14 ./Core/Src/system_stm32l4xx.o
                0x000000000800140c                SystemInit
 .text.Reset_Handler
                0x0000000008001420       0x50 ./Core/Startup/startup_stm32l432kcux.o
                0x0000000008001420                Reset_Handler
 .text.Default_Handler
                0x0000000008001470        0x2 ./Core/Startup/startup_stm32l432kcux.o
                0x0000000008001470                RTC_Alarm_IRQHandler
                0x0000000008001470                EXTI2_IRQHandler
                0x0000000008001470                TIM1_CC_IRQHandler
                0x0000000008001470                TSC_IRQHandler
                0x0000000008001470                TAMP_STAMP_IRQHandler
                0x0000000008001470                EXTI3_IRQHandler
                0x0000000008001470                LPTIM2_IRQHandler
                0x0000000008001470                I2C3_ER_IRQHandler
                0x0000000008001470                EXTI0_IRQHandler
                0x0000000008001470                CAN1_RX0_IRQHandler
                0x0000000008001470                FPU_IRQHandler
                0x0000000008001470                TIM1_UP_TIM16_IRQHandler
                0x0000000008001470                SPI1_IRQHandler
                0x0000000008001470                TIM6_DAC_IRQHandler
                0x0000000008001470                DMA2_Channel2_IRQHandler
                0x0000000008001470                DMA1_Channel4_IRQHandler
                0x0000000008001470                ADC1_IRQHandler
                0x0000000008001470                DMA1_Channel7_IRQHandler
                0x0000000008001470                CAN1_RX1_IRQHandler
                0x0000000008001470                DMA2_Channel1_IRQHandler
                0x0000000008001470                QUADSPI_IRQHandler
                0x0000000008001470                I2C1_EV_IRQHandler
                0x0000000008001470                DMA1_Channel6_IRQHandler
                0x0000000008001470                DMA2_Channel4_IRQHandler
                0x0000000008001470                RCC_IRQHandler
                0x0000000008001470                TIM1_TRG_COM_IRQHandler
                0x0000000008001470                DMA1_Channel1_IRQHandler
                0x0000000008001470                Default_Handler
                0x0000000008001470                DMA2_Channel7_IRQHandler
                0x0000000008001470                EXTI15_10_IRQHandler
                0x0000000008001470                I2C3_EV_IRQHandler
                0x0000000008001470                USB_IRQHandler
                0x0000000008001470                EXTI9_5_IRQHandler
                0x0000000008001470                RTC_WKUP_IRQHandler
                0x0000000008001470                PVD_PVM_IRQHandler
                0x0000000008001470                CAN1_TX_IRQHandler
                0x0000000008001470                DMA2_Channel5_IRQHandler
                0x0000000008001470                CRS_IRQHandler
                0x0000000008001470                DMA1_Channel5_IRQHandler
                0x0000000008001470                EXTI4_IRQHandler
                0x0000000008001470                RNG_IRQHandler
                0x0000000008001470                DMA1_Channel3_IRQHandler
                0x0000000008001470                COMP_IRQHandler
                0x0000000008001470                WWDG_IRQHandler
                0x0000000008001470                LPUART1_IRQHandler
                0x0000000008001470                DMA2_Channel6_IRQHandler
                0x0000000008001470                TIM2_IRQHandler
                0x0000000008001470                EXTI1_IRQHandler
                0x0000000008001470                USART2_IRQHandler
                0x0000000008001470                DMA1_Channel2_IRQHandler
                0x0000000008001470                CAN1_SCE_IRQHandler
                0x0000000008001470                FLASH_IRQHandler
                0x0000000008001470                USART1_IRQHandler
                0x0000000008001470                SPI3_IRQHandler
                0x0000000008001470                I2C1_ER_IRQHandler
                0x0000000008001470                SWPMI1_IRQHandler
                0x0000000008001470                LPTIM1_IRQHandler
                0x0000000008001470                SAI1_IRQHandler
                0x0000000008001470                DMA2_Channel3_IRQHandler
                0x0000000008001470                TIM1_BRK_TIM15_IRQHandler
 *fill*         0x0000000008001472        0x2 
 .text.HAL_InitTick
                0x0000000008001474       0x50 ./Drivers/STM32L4xx_HAL_Driver/Src/stm32l4xx_hal.o
                0x0000000008001474                HAL_InitTick
 .text.HAL_Init
                0x00000000080014c4       0x1e ./Drivers/STM32L4xx_HAL_Driver/Src/stm32l4xx_hal.o
                0x00000000080014c4                HAL_Init
 *fill*         0x00000000080014e2        0x2 
 .text.HAL_IncTick
                0x00000000080014e4       0x18 ./Drivers/STM32L4xx_HAL_Driver/Src/stm32l4xx_hal.o
                0x00000000080014e4                HAL_IncTick
 .text.HAL_GetTick
                0x00000000080014fc        0xc ./Drivers/STM32L4xx_HAL_Driver/Src/stm32l4xx_hal.o
                0x00000000080014fc                HAL_GetTick
 .text.HAL_Delay
                0x0000000008001508       0x28 ./Drivers/STM32L4xx_HAL_Driver/Src/stm32l4xx_hal.o
                0x0000000008001508                HAL_Delay
 .text.HAL_CAN_Init
                0x0000000008001530      0x14c ./Drivers/STM32L4xx_HAL_Driver/Src/stm32l4xx_hal_can.o
                0x0000000008001530                HAL_CAN_Init
 .text.HAL_CAN_ConfigFilter
                0x000000000800167c      0x106 ./Drivers/STM32L4xx_HAL_Driver/Src/stm32l4xx_hal_can.o
                0x000000000800167c                HAL_CAN_ConfigFilter
 .text.HAL_CAN_Start
                0x0000000008001782       0x5c ./Drivers/STM32L4xx_HAL_Driver/Src/stm32l4xx_hal_can.o
                0x0000000008001782                HAL_CAN_Start
 .text.HAL_CAN_AddTxMessage
                0x00000000080017de       0xea ./Drivers/STM32L4xx_HAL_Driver/Src/stm32l4xx_hal_can.o
                0x00000000080017de                HAL_CAN_AddTxMessage
 .text.HAL_CAN_GetRxMessage
                0x00000000080018c8      0x14a ./Drivers/STM32L4xx_HAL_Driver/Src/stm32l4xx_hal_can.o
                0x00000000080018c8                HAL_CAN_GetRxMessage
 .text.HAL_CAN_GetRxFifoFillLevel
                0x0000000008001a12       0x26 ./Drivers/STM32L4xx_HAL_Driver/Src/stm32l4xx_hal_can.o
                0x0000000008001a12                HAL_CAN_GetRxFifoFillLevel
 .text.HAL_NVIC_SetPriorityGrouping
                0x0000000008001a38       0x24 ./Drivers/STM32L4xx_HAL_Driver/Src/stm32l4xx_hal_cortex.o
                0x0000000008001a38                HAL_NVIC_SetPriorityGrouping
 .text.HAL_NVIC_SetPriority
                0x0000000008001a5c       0x70 ./Drivers/STM32L4xx_HAL_Driver/Src/stm32l4xx_hal_cortex.o
                0x0000000008001a5c                HAL_NVIC_SetPriority
 .text.HAL_NVIC_EnableIRQ
                0x0000000008001acc       0x1c ./Drivers/STM32L4xx_HAL_Driver/Src/stm32l4xx_hal_cortex.o
                0x0000000008001acc                HAL_NVIC_EnableIRQ
 .text.HAL_SYSTICK_Config
                0x0000000008001ae8       0x28 ./Drivers/STM32L4xx_HAL_Driver/Src/stm32l4xx_hal_cortex.o
                0x0000000008001ae8                HAL_SYSTICK_Config
 .text.HAL_GPIO_Init
                0x0000000008001b10      0x1b0 ./Drivers/STM32L4xx_HAL_Driver/Src/stm32l4xx_hal_gpio.o
                0x0000000008001b10                HAL_GPIO_Init
 .text.HAL_GPIO_WritePin
                0x0000000008001cc0        0xa ./Drivers/STM32L4xx_HAL_Driver/Src/stm32l4xx_hal_gpio.o
                0x0000000008001cc0                HAL_GPIO_WritePin
 *fill*         0x0000000008001cca        0x2 
 .text.HAL_PWR_EnableBkUpAccess
                0x0000000008001ccc       0x10 ./Drivers/STM32L4xx_HAL_Driver/Src/stm32l4xx_hal_pwr.o
                0x0000000008001ccc                HAL_PWR_EnableBkUpAccess
 .text.HAL_PWREx_GetVoltageRange
                0x0000000008001cdc       0x10 ./Drivers/STM32L4xx_HAL_Driver/Src/stm32l4xx_hal_pwr_ex.o
                0x0000000008001cdc                HAL_PWREx_GetVoltageRange
 .text.HAL_PWREx_ControlVoltageScaling
                0x0000000008001cec       0x90 ./Drivers/STM32L4xx_HAL_Driver/Src/stm32l4xx_hal_pwr_ex.o
                0x0000000008001cec                HAL_PWREx_ControlVoltageScaling
 .text.RCC_SetFlashLatencyFromMSIRange
                0x0000000008001d7c       0x90 ./Drivers/STM32L4xx_HAL_Driver/Src/stm32l4xx_hal_rcc.o
 .text.HAL_RCC_GetSysClockFreq
                0x0000000008001e0c       0xb4 ./Drivers/STM32L4xx_HAL_Driver/Src/stm32l4xx_hal_rcc.o
                0x0000000008001e0c                HAL_RCC_GetSysClockFreq
 .text.HAL_RCC_OscConfig
                0x0000000008001ec0      0x66c ./Drivers/STM32L4xx_HAL_Driver/Src/stm32l4xx_hal_rcc.o
                0x0000000008001ec0                HAL_RCC_OscConfig
 .text.HAL_RCC_ClockConfig
                0x000000000800252c      0x188 ./Drivers/STM32L4xx_HAL_Driver/Src/stm32l4xx_hal_rcc.o
                0x000000000800252c                HAL_RCC_ClockConfig
 .text.HAL_RCC_GetHCLKFreq
                0x00000000080026b4        0xc ./Drivers/STM32L4xx_HAL_Driver/Src/stm32l4xx_hal_rcc.o
                0x00000000080026b4                HAL_RCC_GetHCLKFreq
 .text.HAL_RCC_GetPCLK1Freq
                0x00000000080026c0       0x24 ./Drivers/STM32L4xx_HAL_Driver/Src/stm32l4xx_hal_rcc.o
                0x00000000080026c0                HAL_RCC_GetPCLK1Freq
 .text.HAL_RCC_GetPCLK2Freq
                0x00000000080026e4       0x24 ./Drivers/STM32L4xx_HAL_Driver/Src/stm32l4xx_hal_rcc.o
                0x00000000080026e4                HAL_RCC_GetPCLK2Freq
 .text.RCCEx_PLLSAI1_Config
                0x0000000008002708      0x16c ./Drivers/STM32L4xx_HAL_Driver/Src/stm32l4xx_hal_rcc_ex.o
 .text.HAL_RCCEx_PeriphCLKConfig
                0x0000000008002874      0x2e8 ./Drivers/STM32L4xx_HAL_Driver/Src/stm32l4xx_hal_rcc_ex.o
                0x0000000008002874                HAL_RCCEx_PeriphCLKConfig
 .text.HAL_RCCEx_EnableMSIPLLMode
                0x0000000008002b5c       0x10 ./Drivers/STM32L4xx_HAL_Driver/Src/stm32l4xx_hal_rcc_ex.o
                0x0000000008002b5c                HAL_RCCEx_EnableMSIPLLMode
 .text.SPI_WaitFlagStateUntilTimeout
                0x0000000008002b6c       0xd4 ./Drivers/STM32L4xx_HAL_Driver/Src/stm32l4xx_hal_spi.o
 .text.SPI_WaitFifoStateUntilTimeout
                0x0000000008002c40       0xf4 ./Drivers/STM32L4xx_HAL_Driver/Src/stm32l4xx_hal_spi.o
 .text.SPI_EndRxTxTransaction
                0x0000000008002d34       0x62 ./Drivers/STM32L4xx_HAL_Driver/Src/stm32l4xx_hal_spi.o
 .text.HAL_SPI_Init
                0x0000000008002d96       0xde ./Drivers/STM32L4xx_HAL_Driver/Src/stm32l4xx_hal_spi.o
                0x0000000008002d96                HAL_SPI_Init
 .text.HAL_SPI_TransmitReceive
                0x0000000008002e74      0x2de ./Drivers/STM32L4xx_HAL_Driver/Src/stm32l4xx_hal_spi.o
                0x0000000008002e74                HAL_SPI_TransmitReceive
 *fill*         0x0000000008003152        0x2 
 .text.HAL_TIM_Base_Start
                0x0000000008003154       0x64 ./Drivers/STM32L4xx_HAL_Driver/Src/stm32l4xx_hal_tim.o
                0x0000000008003154                HAL_TIM_Base_Start
 .text.HAL_TIM_Base_Start_IT
                0x00000000080031b8       0x6c ./Drivers/STM32L4xx_HAL_Driver/Src/stm32l4xx_hal_tim.o
                0x00000000080031b8                HAL_TIM_Base_Start_IT
 .text.HAL_TIM_OC_DelayElapsedCallback
                0x0000000008003224        0x2 ./Drivers/STM32L4xx_HAL_Driver/Src/stm32l4xx_hal_tim.o
                0x0000000008003224                HAL_TIM_OC_DelayElapsedCallback
 .text.HAL_TIM_IC_CaptureCallback
                0x0000000008003226        0x2 ./Drivers/STM32L4xx_HAL_Driver/Src/stm32l4xx_hal_tim.o
                0x0000000008003226                HAL_TIM_IC_CaptureCallback
 .text.HAL_TIM_PWM_PulseFinishedCallback
                0x0000000008003228        0x2 ./Drivers/STM32L4xx_HAL_Driver/Src/stm32l4xx_hal_tim.o
                0x0000000008003228                HAL_TIM_PWM_PulseFinishedCallback
 .text.HAL_TIM_TriggerCallback
                0x000000000800322a        0x2 ./Drivers/STM32L4xx_HAL_Driver/Src/stm32l4xx_hal_tim.o
                0x000000000800322a                HAL_TIM_TriggerCallback
 .text.HAL_TIM_IRQHandler
                0x000000000800322c      0x19a ./Drivers/STM32L4xx_HAL_Driver/Src/stm32l4xx_hal_tim.o
                0x000000000800322c                HAL_TIM_IRQHandler
 *fill*         0x00000000080033c6        0x2 
 .text.TIM_Base_SetConfig
                0x00000000080033c8       0x70 ./Drivers/STM32L4xx_HAL_Driver/Src/stm32l4xx_hal_tim.o
                0x00000000080033c8                TIM_Base_SetConfig
 .text.HAL_TIM_Base_Init
                0x0000000008003438       0x60 ./Drivers/STM32L4xx_HAL_Driver/Src/stm32l4xx_hal_tim.o
                0x0000000008003438                HAL_TIM_Base_Init
 .text.HAL_TIMEx_MasterConfigSynchronization
                0x0000000008003498       0x70 ./Drivers/STM32L4xx_HAL_Driver/Src/stm32l4xx_hal_tim_ex.o
                0x0000000008003498                HAL_TIMEx_MasterConfigSynchronization
 .text.HAL_TIMEx_CommutCallback
                0x0000000008003508        0x2 ./Drivers/STM32L4xx_HAL_Driver/Src/stm32l4xx_hal_tim_ex.o
                0x0000000008003508                HAL_TIMEx_CommutCallback
 .text.HAL_TIMEx_BreakCallback
                0x000000000800350a        0x2 ./Drivers/STM32L4xx_HAL_Driver/Src/stm32l4xx_hal_tim_ex.o
                0x000000000800350a                HAL_TIMEx_BreakCallback
 .text.HAL_TIMEx_Break2Callback
                0x000000000800350c        0x2 ./Drivers/STM32L4xx_HAL_Driver/Src/stm32l4xx_hal_tim_ex.o
                0x000000000800350c                HAL_TIMEx_Break2Callback
 *fill*         0x000000000800350e        0x2 
 .text.UART_SetConfig
                0x0000000008003510      0x260 ./Drivers/STM32L4xx_HAL_Driver/Src/stm32l4xx_hal_uart.o
                0x0000000008003510                UART_SetConfig
 .text.UART_AdvFeatureConfig
                0x0000000008003770       0xca ./Drivers/STM32L4xx_HAL_Driver/Src/stm32l4xx_hal_uart.o
                0x0000000008003770                UART_AdvFeatureConfig
 .text.UART_WaitOnFlagUntilTimeout
                0x000000000800383a       0xd4 ./Drivers/STM32L4xx_HAL_Driver/Src/stm32l4xx_hal_uart.o
                0x000000000800383a                UART_WaitOnFlagUntilTimeout
 .text.HAL_UART_Transmit
                0x000000000800390e       0xd8 ./Drivers/STM32L4xx_HAL_Driver/Src/stm32l4xx_hal_uart.o
                0x000000000800390e                HAL_UART_Transmit
 .text.UART_CheckIdleState
                0x00000000080039e6       0x70 ./Drivers/STM32L4xx_HAL_Driver/Src/stm32l4xx_hal_uart.o
                0x00000000080039e6                UART_CheckIdleState
 .text.HAL_UART_Init
                0x0000000008003a56       0x62 ./Drivers/STM32L4xx_HAL_Driver/Src/stm32l4xx_hal_uart.o
                0x0000000008003a56                HAL_UART_Init
 .text.__libc_init_array
                0x0000000008003ab8       0x48 c:/st/stm32cubeide_1.7.0/stm32cubeide/plugins/com.st.stm32cube.ide.mcu.externaltools.gnu-tools-for-stm32.10.3-2021.10.win32_1.0.200.202301161003/tools/bin/../lib/gcc/arm-none-eabi/10.3.1/../../../../arm-none-eabi/lib/thumb/v7e-m+fp/hard\libc_nano.a(lib_a-init.o)
                0x0000000008003ab8                __libc_init_array
 .text.memset   0x0000000008003b00       0x10 c:/st/stm32cubeide_1.7.0/stm32cubeide/plugins/com.st.stm32cube.ide.mcu.externaltools.gnu-tools-for-stm32.10.3-2021.10.win32_1.0.200.202301161003/tools/bin/../lib/gcc/arm-none-eabi/10.3.1/../../../../arm-none-eabi/lib/thumb/v7e-m+fp/hard\libc_nano.a(lib_a-memset.o)
                0x0000000008003b00                memset
 *(.glue_7)
 .glue_7        0x0000000008003b10        0x0 linker stubs
 *(.glue_7t)
 .glue_7t       0x0000000008003b10        0x0 linker stubs
 *(.eh_frame)
 .eh_frame      0x0000000008003b10        0x0 c:/st/stm32cubeide_1.7.0/stm32cubeide/plugins/com.st.stm32cube.ide.mcu.externaltools.gnu-tools-for-stm32.10.3-2021.10.win32_1.0.200.202301161003/tools/bin/../lib/gcc/arm-none-eabi/10.3.1/thumb/v7e-m+fp/hard/crtbegin.o
 *(.init)
 .init          0x0000000008003b10        0x4 c:/st/stm32cubeide_1.7.0/stm32cubeide/plugins/com.st.stm32cube.ide.mcu.externaltools.gnu-tools-for-stm32.10.3-2021.10.win32_1.0.200.202301161003/tools/bin/../lib/gcc/arm-none-eabi/10.3.1/thumb/v7e-m+fp/hard/crti.o
                0x0000000008003b10                _init
 .init          0x0000000008003b14        0x8 c:/st/stm32cubeide_1.7.0/stm32cubeide/plugins/com.st.stm32cube.ide.mcu.externaltools.gnu-tools-for-stm32.10.3-2021.10.win32_1.0.200.202301161003/tools/bin/../lib/gcc/arm-none-eabi/10.3.1/thumb/v7e-m+fp/hard/crtn.o
 *(.fini)
 .fini          0x0000000008003b1c        0x4 c:/st/stm32cubeide_1.7.0/stm32cubeide/plugins/com.st.stm32cube.ide.mcu.externaltools.gnu-tools-for-stm32.10.3-2021.10.win32_1.0.200.202301161003/tools/bin/../lib/gcc/arm-none-eabi/10.3.1/thumb/v7e-m+fp/hard/crti.o
                0x0000000008003b1c                _fini
 .fini          0x0000000008003b20        0x8 c:/st/stm32cubeide_1.7.0/stm32cubeide/plugins/com.st.stm32cube.ide.mcu.externaltools.gnu-tools-for-stm32.10.3-2021.10.win32_1.0.200.202301161003/tools/bin/../lib/gcc/arm-none-eabi/10.3.1/thumb/v7e-m+fp/hard/crtn.o
                0x0000000008003b28                . = ALIGN (0x4)
                0x0000000008003b28                _etext = .

.vfp11_veneer   0x0000000008003b28        0x0
 .vfp11_veneer  0x0000000008003b28        0x0 linker stubs

.v4_bx          0x0000000008003b28        0x0
 .v4_bx         0x0000000008003b28        0x0 linker stubs

.iplt           0x0000000008003b28        0x0
 .iplt          0x0000000008003b28        0x0 c:/st/stm32cubeide_1.7.0/stm32cubeide/plugins/com.st.stm32cube.ide.mcu.externaltools.gnu-tools-for-stm32.10.3-2021.10.win32_1.0.200.202301161003/tools/bin/../lib/gcc/arm-none-eabi/10.3.1/thumb/v7e-m+fp/hard/crtbegin.o

.rodata         0x0000000008003b28       0x6c
                0x0000000008003b28                . = ALIGN (0x4)
 *(.rodata)
 .rodata        0x0000000008003b28        0x8 ./Core/Src/CAN_Bus.o
 *(.rodata*)
 .rodata.CFGAR  0x0000000008003b30        0x6 ./Core/Src/SPI_MB.o
 *fill*         0x0000000008003b36        0x2 
 .rodata.CFGBR  0x0000000008003b38        0x6 ./Core/Src/SPI_MB.o
 *fill*         0x0000000008003b3e        0x2 
 .rodata.RDAUX  0x0000000008003b40        0x4 ./Core/Src/SPI_MB.o
 .rodata.RDCV   0x0000000008003b44        0x6 ./Core/Src/SPI_MB.o
 *fill*         0x0000000008003b4a        0x2 
 .rodata.AHBPrescTable
                0x0000000008003b4c       0x10 ./Core/Src/system_stm32l4xx.o
                0x0000000008003b4c                AHBPrescTable
 .rodata.APBPrescTable
                0x0000000008003b5c        0x8 ./Core/Src/system_stm32l4xx.o
                0x0000000008003b5c                APBPrescTable
 .rodata.MSIRangeTable
                0x0000000008003b64       0x30 ./Core/Src/system_stm32l4xx.o
                0x0000000008003b64                MSIRangeTable
                0x0000000008003b94                . = ALIGN (0x4)

.ARM.extab      0x0000000008003b94        0x0
                0x0000000008003b94                . = ALIGN (0x4)
 *(.ARM.extab* .gnu.linkonce.armextab.*)
                0x0000000008003b94                . = ALIGN (0x4)

.ARM            0x0000000008003b94        0x8
                0x0000000008003b94                . = ALIGN (0x4)
                0x0000000008003b94                __exidx_start = .
 *(.ARM.exidx*)
 .ARM.exidx     0x0000000008003b94        0x8 c:/st/stm32cubeide_1.7.0/stm32cubeide/plugins/com.st.stm32cube.ide.mcu.externaltools.gnu-tools-for-stm32.10.3-2021.10.win32_1.0.200.202301161003/tools/bin/../lib/gcc/arm-none-eabi/10.3.1/thumb/v7e-m+fp/hard\libgcc.a(_udivmoddi4.o)
                0x0000000008003b9c                __exidx_end = .
                0x0000000008003b9c                . = ALIGN (0x4)

.rel.dyn        0x0000000008003b9c        0x0
 .rel.iplt      0x0000000008003b9c        0x0 c:/st/stm32cubeide_1.7.0/stm32cubeide/plugins/com.st.stm32cube.ide.mcu.externaltools.gnu-tools-for-stm32.10.3-2021.10.win32_1.0.200.202301161003/tools/bin/../lib/gcc/arm-none-eabi/10.3.1/thumb/v7e-m+fp/hard/crtbegin.o

.preinit_array  0x0000000008003b9c        0x0
                0x0000000008003b9c                . = ALIGN (0x4)
                0x0000000008003b9c                PROVIDE (__preinit_array_start = .)
 *(.preinit_array*)
                0x0000000008003b9c                PROVIDE (__preinit_array_end = .)
                0x0000000008003b9c                . = ALIGN (0x4)

.init_array     0x0000000008003b9c        0x4
                0x0000000008003b9c                . = ALIGN (0x4)
                0x0000000008003b9c                PROVIDE (__init_array_start = .)
 *(SORT_BY_NAME(.init_array.*))
 *(.init_array*)
 .init_array    0x0000000008003b9c        0x4 c:/st/stm32cubeide_1.7.0/stm32cubeide/plugins/com.st.stm32cube.ide.mcu.externaltools.gnu-tools-for-stm32.10.3-2021.10.win32_1.0.200.202301161003/tools/bin/../lib/gcc/arm-none-eabi/10.3.1/thumb/v7e-m+fp/hard/crtbegin.o
                0x0000000008003ba0                PROVIDE (__init_array_end = .)
                0x0000000008003ba0                . = ALIGN (0x4)

.fini_array     0x0000000008003ba0        0x4
                0x0000000008003ba0                . = ALIGN (0x4)
                [!provide]                        PROVIDE (__fini_array_start = .)
 *(SORT_BY_NAME(.fini_array.*))
 *(.fini_array*)
 .fini_array    0x0000000008003ba0        0x4 c:/st/stm32cubeide_1.7.0/stm32cubeide/plugins/com.st.stm32cube.ide.mcu.externaltools.gnu-tools-for-stm32.10.3-2021.10.win32_1.0.200.202301161003/tools/bin/../lib/gcc/arm-none-eabi/10.3.1/thumb/v7e-m+fp/hard/crtbegin.o
                [!provide]                        PROVIDE (__fini_array_end = .)
                0x0000000008003ba4                . = ALIGN (0x4)
                0x0000000008003ba4                _sidata = LOADADDR (.data)

.data           0x0000000020000000       0x10 load address 0x0000000008003ba4
                0x0000000020000000                . = ALIGN (0x4)
                0x0000000020000000                _sdata = .
 *(.data)
 *(.data*)
 .data.error_counter
                0x0000000020000000        0x1 ./Core/Src/battery.o
 *fill*         0x0000000020000001        0x3 
 .data.SystemCoreClock
                0x0000000020000004        0x4 ./Core/Src/system_stm32l4xx.o
                0x0000000020000004                SystemCoreClock
 .data.uwTickFreq
                0x0000000020000008        0x1 ./Drivers/STM32L4xx_HAL_Driver/Src/stm32l4xx_hal.o
                0x0000000020000008                uwTickFreq
 *fill*         0x0000000020000009        0x3 
 .data.uwTickPrio
                0x000000002000000c        0x4 ./Drivers/STM32L4xx_HAL_Driver/Src/stm32l4xx_hal.o
                0x000000002000000c                uwTickPrio
 *(.RamFunc)
 *(.RamFunc*)
                0x0000000020000010                . = ALIGN (0x4)
                0x0000000020000010                _edata = .

.igot.plt       0x0000000020000010        0x0 load address 0x0000000008003bb4
 .igot.plt      0x0000000020000010        0x0 c:/st/stm32cubeide_1.7.0/stm32cubeide/plugins/com.st.stm32cube.ide.mcu.externaltools.gnu-tools-for-stm32.10.3-2021.10.win32_1.0.200.202301161003/tools/bin/../lib/gcc/arm-none-eabi/10.3.1/thumb/v7e-m+fp/hard/crtbegin.o
                0x0000000020000010                . = ALIGN (0x4)

.bss            0x0000000020000010      0x240 load address 0x0000000008003bb4
                0x0000000020000010                _sbss = .
                0x0000000020000010                __bss_start__ = _sbss
 *(.bss)
 .bss           0x0000000020000010       0x1c c:/st/stm32cubeide_1.7.0/stm32cubeide/plugins/com.st.stm32cube.ide.mcu.externaltools.gnu-tools-for-stm32.10.3-2021.10.win32_1.0.200.202301161003/tools/bin/../lib/gcc/arm-none-eabi/10.3.1/thumb/v7e-m+fp/hard/crtbegin.o
 *(.bss*)
 .bss.TxHeader.1
                0x000000002000002c       0x18 ./Core/Src/CAN_Bus.o
 .bss.TxMailbox.0
                0x0000000020000044       0x50 ./Core/Src/CAN_Bus.o
 *fill*         0x0000000020000094        0x4 
 .bss.last_value.0
                0x0000000020000098        0x8 ./Core/Src/battery.o
 .bss.addres.0  0x00000000200000a0        0x4 ./Core/Src/main.o
 .bss.hcan1     0x00000000200000a4       0x28 ./Core/Src/main.o
                0x00000000200000a4                hcan1
 .bss.hspi1     0x00000000200000cc       0x64 ./Core/Src/main.o
                0x00000000200000cc                hspi1
 .bss.htim6     0x0000000020000130       0x4c ./Core/Src/main.o
                0x0000000020000130                htim6
 .bss.htim7     0x000000002000017c       0x4c ./Core/Src/main.o
                0x000000002000017c                htim7
 .bss.huart2    0x00000000200001c8       0x84 ./Core/Src/main.o
                0x00000000200001c8                huart2
 .bss.uwTick    0x000000002000024c        0x4 ./Drivers/STM32L4xx_HAL_Driver/Src/stm32l4xx_hal.o
                0x000000002000024c                uwTick
 *(COMMON)
                0x0000000020000250                . = ALIGN (0x4)
                0x0000000020000250                _ebss = .
                0x0000000020000250                __bss_end__ = _ebss

._user_heap_stack
                0x0000000020000250      0x600 load address 0x0000000008003bb4
                0x0000000020000250                . = ALIGN (0x8)
                [!provide]                        PROVIDE (end = .)
                0x0000000020000250                PROVIDE (_end = .)
                0x0000000020000450                . = (. + _Min_Heap_Size)
 *fill*         0x0000000020000250      0x200 
                0x0000000020000850                . = (. + _Min_Stack_Size)
 *fill*         0x0000000020000450      0x400 
                0x0000000020000850                . = ALIGN (0x8)

/DISCARD/
 libc.a(*)
 libm.a(*)
 libgcc.a(*)

.ARM.attributes
                0x0000000000000000       0x30
 *(.ARM.attributes)
 .ARM.attributes
                0x0000000000000000       0x1e c:/st/stm32cubeide_1.7.0/stm32cubeide/plugins/com.st.stm32cube.ide.mcu.externaltools.gnu-tools-for-stm32.10.3-2021.10.win32_1.0.200.202301161003/tools/bin/../lib/gcc/arm-none-eabi/10.3.1/thumb/v7e-m+fp/hard/crti.o
 .ARM.attributes
                0x000000000000001e       0x34 c:/st/stm32cubeide_1.7.0/stm32cubeide/plugins/com.st.stm32cube.ide.mcu.externaltools.gnu-tools-for-stm32.10.3-2021.10.win32_1.0.200.202301161003/tools/bin/../lib/gcc/arm-none-eabi/10.3.1/thumb/v7e-m+fp/hard/crtbegin.o
 .ARM.attributes
                0x0000000000000052       0x34 ./Core/Src/CAN_Bus.o
 .ARM.attributes
                0x0000000000000086       0x34 ./Core/Src/SPI_MB.o
 .ARM.attributes
                0x00000000000000ba       0x34 ./Core/Src/battery.o
 .ARM.attributes
                0x00000000000000ee       0x34 ./Core/Src/main.o
 .ARM.attributes
                0x0000000000000122       0x34 ./Core/Src/serial_monitor.o
 .ARM.attributes
                0x0000000000000156       0x34 ./Core/Src/stm32l4xx_hal_msp.o
 .ARM.attributes
                0x000000000000018a       0x34 ./Core/Src/stm32l4xx_it.o
 .ARM.attributes
                0x00000000000001be       0x34 ./Core/Src/system_stm32l4xx.o
 .ARM.attributes
                0x00000000000001f2       0x21 ./Core/Startup/startup_stm32l432kcux.o
 .ARM.attributes
                0x0000000000000213       0x34 ./Drivers/STM32L4xx_HAL_Driver/Src/stm32l4xx_hal.o
 .ARM.attributes
                0x0000000000000247       0x34 ./Drivers/STM32L4xx_HAL_Driver/Src/stm32l4xx_hal_can.o
 .ARM.attributes
                0x000000000000027b       0x34 ./Drivers/STM32L4xx_HAL_Driver/Src/stm32l4xx_hal_cortex.o
 .ARM.attributes
                0x00000000000002af       0x34 ./Drivers/STM32L4xx_HAL_Driver/Src/stm32l4xx_hal_gpio.o
 .ARM.attributes
                0x00000000000002e3       0x34 ./Drivers/STM32L4xx_HAL_Driver/Src/stm32l4xx_hal_pwr.o
 .ARM.attributes
                0x0000000000000317       0x34 ./Drivers/STM32L4xx_HAL_Driver/Src/stm32l4xx_hal_pwr_ex.o
 .ARM.attributes
                0x000000000000034b       0x34 ./Drivers/STM32L4xx_HAL_Driver/Src/stm32l4xx_hal_rcc.o
 .ARM.attributes
                0x000000000000037f       0x34 ./Drivers/STM32L4xx_HAL_Driver/Src/stm32l4xx_hal_rcc_ex.o
 .ARM.attributes
                0x00000000000003b3       0x34 ./Drivers/STM32L4xx_HAL_Driver/Src/stm32l4xx_hal_spi.o
 .ARM.attributes
                0x00000000000003e7       0x34 ./Drivers/STM32L4xx_HAL_Driver/Src/stm32l4xx_hal_tim.o
 .ARM.attributes
                0x000000000000041b       0x34 ./Drivers/STM32L4xx_HAL_Driver/Src/stm32l4xx_hal_tim_ex.o
 .ARM.attributes
                0x000000000000044f       0x34 ./Drivers/STM32L4xx_HAL_Driver/Src/stm32l4xx_hal_uart.o
 .ARM.attributes
                0x0000000000000483       0x34 c:/st/stm32cubeide_1.7.0/stm32cubeide/plugins/com.st.stm32cube.ide.mcu.externaltools.gnu-tools-for-stm32.10.3-2021.10.win32_1.0.200.202301161003/tools/bin/../lib/gcc/arm-none-eabi/10.3.1/../../../../arm-none-eabi/lib/thumb/v7e-m+fp/hard\libc_nano.a(lib_a-init.o)
 .ARM.attributes
                0x00000000000004b7       0x34 c:/st/stm32cubeide_1.7.0/stm32cubeide/plugins/com.st.stm32cube.ide.mcu.externaltools.gnu-tools-for-stm32.10.3-2021.10.win32_1.0.200.202301161003/tools/bin/../lib/gcc/arm-none-eabi/10.3.1/../../../../arm-none-eabi/lib/thumb/v7e-m+fp/hard\libc_nano.a(lib_a-memset.o)
 .ARM.attributes
                0x00000000000004eb       0x1e c:/st/stm32cubeide_1.7.0/stm32cubeide/plugins/com.st.stm32cube.ide.mcu.externaltools.gnu-tools-for-stm32.10.3-2021.10.win32_1.0.200.202301161003/tools/bin/../lib/gcc/arm-none-eabi/10.3.1/thumb/v7e-m+fp/hard\libgcc.a(_aeabi_uldivmod.o)
 .ARM.attributes
                0x0000000000000509       0x34 c:/st/stm32cubeide_1.7.0/stm32cubeide/plugins/com.st.stm32cube.ide.mcu.externaltools.gnu-tools-for-stm32.10.3-2021.10.win32_1.0.200.202301161003/tools/bin/../lib/gcc/arm-none-eabi/10.3.1/thumb/v7e-m+fp/hard\libgcc.a(_udivmoddi4.o)
 .ARM.attributes
                0x000000000000053d       0x1e c:/st/stm32cubeide_1.7.0/stm32cubeide/plugins/com.st.stm32cube.ide.mcu.externaltools.gnu-tools-for-stm32.10.3-2021.10.win32_1.0.200.202301161003/tools/bin/../lib/gcc/arm-none-eabi/10.3.1/thumb/v7e-m+fp/hard\libgcc.a(_dvmd_tls.o)
 .ARM.attributes
                0x000000000000055b       0x1e c:/st/stm32cubeide_1.7.0/stm32cubeide/plugins/com.st.stm32cube.ide.mcu.externaltools.gnu-tools-for-stm32.10.3-2021.10.win32_1.0.200.202301161003/tools/bin/../lib/gcc/arm-none-eabi/10.3.1/thumb/v7e-m+fp/hard/crtn.o
OUTPUT(AMS-CB.elf elf32-littlearm)
LOAD linker stubs
LOAD c:/st/stm32cubeide_1.7.0/stm32cubeide/plugins/com.st.stm32cube.ide.mcu.externaltools.gnu-tools-for-stm32.10.3-2021.10.win32_1.0.200.202301161003/tools/bin/../lib/gcc/arm-none-eabi/10.3.1/../../../../arm-none-eabi/lib/thumb/v7e-m+fp/hard\libc.a
LOAD c:/st/stm32cubeide_1.7.0/stm32cubeide/plugins/com.st.stm32cube.ide.mcu.externaltools.gnu-tools-for-stm32.10.3-2021.10.win32_1.0.200.202301161003/tools/bin/../lib/gcc/arm-none-eabi/10.3.1/../../../../arm-none-eabi/lib/thumb/v7e-m+fp/hard\libm.a
LOAD c:/st/stm32cubeide_1.7.0/stm32cubeide/plugins/com.st.stm32cube.ide.mcu.externaltools.gnu-tools-for-stm32.10.3-2021.10.win32_1.0.200.202301161003/tools/bin/../lib/gcc/arm-none-eabi/10.3.1/thumb/v7e-m+fp/hard\libgcc.a

.debug_info     0x0000000000000000    0x1b01c
 .debug_info    0x0000000000000000      0x972 ./Core/Src/CAN_Bus.o
 .debug_info    0x0000000000000972     0x10c3 ./Core/Src/SPI_MB.o
 .debug_info    0x0000000000001a35      0x5d4 ./Core/Src/battery.o
 .debug_info    0x0000000000002009     0x21ce ./Core/Src/main.o
 .debug_info    0x00000000000041d7      0x8f5 ./Core/Src/serial_monitor.o
 .debug_info    0x0000000000004acc     0x1be1 ./Core/Src/stm32l4xx_hal_msp.o
 .debug_info    0x00000000000066ad      0x780 ./Core/Src/stm32l4xx_it.o
 .debug_info    0x0000000000006e2d      0x5f2 ./Core/Src/system_stm32l4xx.o
 .debug_info    0x000000000000741f       0x22 ./Core/Startup/startup_stm32l432kcux.o
 .debug_info    0x0000000000007441      0xa83 ./Drivers/STM32L4xx_HAL_Driver/Src/stm32l4xx_hal.o
 .debug_info    0x0000000000007ec4     0x12ca ./Drivers/STM32L4xx_HAL_Driver/Src/stm32l4xx_hal_can.o
 .debug_info    0x000000000000918e     0x1024 ./Drivers/STM32L4xx_HAL_Driver/Src/stm32l4xx_hal_cortex.o
 .debug_info    0x000000000000a1b2      0x85b ./Drivers/STM32L4xx_HAL_Driver/Src/stm32l4xx_hal_gpio.o
 .debug_info    0x000000000000aa0d      0x9a5 ./Drivers/STM32L4xx_HAL_Driver/Src/stm32l4xx_hal_pwr.o
 .debug_info    0x000000000000b3b2      0xa14 ./Drivers/STM32L4xx_HAL_Driver/Src/stm32l4xx_hal_pwr_ex.o
 .debug_info    0x000000000000bdc6      0xf2e ./Drivers/STM32L4xx_HAL_Driver/Src/stm32l4xx_hal_rcc.o
 .debug_info    0x000000000000ccf4     0x1217 ./Drivers/STM32L4xx_HAL_Driver/Src/stm32l4xx_hal_rcc_ex.o
 .debug_info    0x000000000000df0b     0x21c2 ./Drivers/STM32L4xx_HAL_Driver/Src/stm32l4xx_hal_spi.o
 .debug_info    0x00000000000100cd     0x3f50 ./Drivers/STM32L4xx_HAL_Driver/Src/stm32l4xx_hal_tim.o
 .debug_info    0x000000000001401d     0x1dfb ./Drivers/STM32L4xx_HAL_Driver/Src/stm32l4xx_hal_tim_ex.o
 .debug_info    0x0000000000015e18     0x5204 ./Drivers/STM32L4xx_HAL_Driver/Src/stm32l4xx_hal_uart.o

.debug_abbrev   0x0000000000000000     0x2ecf
 .debug_abbrev  0x0000000000000000      0x20b ./Core/Src/CAN_Bus.o
 .debug_abbrev  0x000000000000020b      0x287 ./Core/Src/SPI_MB.o
 .debug_abbrev  0x0000000000000492      0x21f ./Core/Src/battery.o
 .debug_abbrev  0x00000000000006b1      0x347 ./Core/Src/main.o
 .debug_abbrev  0x00000000000009f8      0x21d ./Core/Src/serial_monitor.o
 .debug_abbrev  0x0000000000000c15      0x27c ./Core/Src/stm32l4xx_hal_msp.o
 .debug_abbrev  0x0000000000000e91      0x191 ./Core/Src/stm32l4xx_it.o
 .debug_abbrev  0x0000000000001022      0x11c ./Core/Src/system_stm32l4xx.o
 .debug_abbrev  0x000000000000113e       0x12 ./Core/Startup/startup_stm32l432kcux.o
 .debug_abbrev  0x0000000000001150      0x258 ./Drivers/STM32L4xx_HAL_Driver/Src/stm32l4xx_hal.o
 .debug_abbrev  0x00000000000013a8      0x27a ./Drivers/STM32L4xx_HAL_Driver/Src/stm32l4xx_hal_can.o
 .debug_abbrev  0x0000000000001622      0x36d ./Drivers/STM32L4xx_HAL_Driver/Src/stm32l4xx_hal_cortex.o
 .debug_abbrev  0x000000000000198f      0x1e9 ./Drivers/STM32L4xx_HAL_Driver/Src/stm32l4xx_hal_gpio.o
 .debug_abbrev  0x0000000000001b78      0x1bb ./Drivers/STM32L4xx_HAL_Driver/Src/stm32l4xx_hal_pwr.o
 .debug_abbrev  0x0000000000001d33      0x218 ./Drivers/STM32L4xx_HAL_Driver/Src/stm32l4xx_hal_pwr_ex.o
 .debug_abbrev  0x0000000000001f4b      0x2a5 ./Drivers/STM32L4xx_HAL_Driver/Src/stm32l4xx_hal_rcc.o
 .debug_abbrev  0x00000000000021f0      0x2a7 ./Drivers/STM32L4xx_HAL_Driver/Src/stm32l4xx_hal_rcc_ex.o
 .debug_abbrev  0x0000000000002497      0x273 ./Drivers/STM32L4xx_HAL_Driver/Src/stm32l4xx_hal_spi.o
 .debug_abbrev  0x000000000000270a      0x26a ./Drivers/STM32L4xx_HAL_Driver/Src/stm32l4xx_hal_tim.o
 .debug_abbrev  0x0000000000002974      0x264 ./Drivers/STM32L4xx_HAL_Driver/Src/stm32l4xx_hal_tim_ex.o
 .debug_abbrev  0x0000000000002bd8      0x2f7 ./Drivers/STM32L4xx_HAL_Driver/Src/stm32l4xx_hal_uart.o

.debug_loc      0x0000000000000000    0x13c79
 .debug_loc     0x0000000000000000      0x2dc ./Core/Src/CAN_Bus.o
 .debug_loc     0x00000000000002dc      0x7f1 ./Core/Src/SPI_MB.o
 .debug_loc     0x0000000000000acd      0x1a1 ./Core/Src/battery.o
 .debug_loc     0x0000000000000c6e      0x11e ./Core/Src/main.o
 .debug_loc     0x0000000000000d8c      0x1ae ./Core/Src/serial_monitor.o
 .debug_loc     0x0000000000000f3a      0x22a ./Core/Src/stm32l4xx_hal_msp.o
 .debug_loc     0x0000000000001164      0x127 ./Core/Src/system_stm32l4xx.o
 .debug_loc     0x000000000000128b      0x1cd ./Drivers/STM32L4xx_HAL_Driver/Src/stm32l4xx_hal.o
 .debug_loc     0x0000000000001458      0xdb9 ./Drivers/STM32L4xx_HAL_Driver/Src/stm32l4xx_hal_can.o
 .debug_loc     0x0000000000002211      0x744 ./Drivers/STM32L4xx_HAL_Driver/Src/stm32l4xx_hal_cortex.o
 .debug_loc     0x0000000000002955      0x3b3 ./Drivers/STM32L4xx_HAL_Driver/Src/stm32l4xx_hal_gpio.o
 .debug_loc     0x0000000000002d08      0x1b1 ./Drivers/STM32L4xx_HAL_Driver/Src/stm32l4xx_hal_pwr.o
 .debug_loc     0x0000000000002eb9      0x70f ./Drivers/STM32L4xx_HAL_Driver/Src/stm32l4xx_hal_pwr_ex.o
 .debug_loc     0x00000000000035c8      0x850 ./Drivers/STM32L4xx_HAL_Driver/Src/stm32l4xx_hal_rcc.o
 .debug_loc     0x0000000000003e18     0x1703 ./Drivers/STM32L4xx_HAL_Driver/Src/stm32l4xx_hal_rcc_ex.o
 .debug_loc     0x000000000000551b     0x206d ./Drivers/STM32L4xx_HAL_Driver/Src/stm32l4xx_hal_spi.o
 .debug_loc     0x0000000000007588     0x55c7 ./Drivers/STM32L4xx_HAL_Driver/Src/stm32l4xx_hal_tim.o
 .debug_loc     0x000000000000cb4f     0x23df ./Drivers/STM32L4xx_HAL_Driver/Src/stm32l4xx_hal_tim_ex.o
 .debug_loc     0x000000000000ef2e     0x4d4b ./Drivers/STM32L4xx_HAL_Driver/Src/stm32l4xx_hal_uart.o

.debug_aranges  0x0000000000000000     0x1270
 .debug_aranges
                0x0000000000000000       0x40 ./Core/Src/CAN_Bus.o
 .debug_aranges
                0x0000000000000040       0x68 ./Core/Src/SPI_MB.o
 .debug_aranges
                0x00000000000000a8       0x40 ./Core/Src/battery.o
 .debug_aranges
                0x00000000000000e8       0x68 ./Core/Src/main.o
 .debug_aranges
                0x0000000000000150       0x28 ./Core/Src/serial_monitor.o
 .debug_aranges
                0x0000000000000178       0x60 ./Core/Src/stm32l4xx_hal_msp.o
 .debug_aranges
                0x00000000000001d8       0x68 ./Core/Src/stm32l4xx_it.o
 .debug_aranges
                0x0000000000000240       0x28 ./Core/Src/system_stm32l4xx.o
 .debug_aranges
                0x0000000000000268       0x28 ./Core/Startup/startup_stm32l432kcux.o
 .debug_aranges
                0x0000000000000290      0x108 ./Drivers/STM32L4xx_HAL_Driver/Src/stm32l4xx_hal.o
 .debug_aranges
                0x0000000000000398      0x138 ./Drivers/STM32L4xx_HAL_Driver/Src/stm32l4xx_hal_can.o
 .debug_aranges
                0x00000000000004d0       0xa8 ./Drivers/STM32L4xx_HAL_Driver/Src/stm32l4xx_hal_cortex.o
 .debug_aranges
                0x0000000000000578       0x58 ./Drivers/STM32L4xx_HAL_Driver/Src/stm32l4xx_hal_gpio.o
 .debug_aranges
                0x00000000000005d0       0x98 ./Drivers/STM32L4xx_HAL_Driver/Src/stm32l4xx_hal_pwr.o
 .debug_aranges
                0x0000000000000668      0x128 ./Drivers/STM32L4xx_HAL_Driver/Src/stm32l4xx_hal_pwr_ex.o
 .debug_aranges
                0x0000000000000790       0x90 ./Drivers/STM32L4xx_HAL_Driver/Src/stm32l4xx_hal_rcc.o
 .debug_aranges
                0x0000000000000820       0xf0 ./Drivers/STM32L4xx_HAL_Driver/Src/stm32l4xx_hal_rcc_ex.o
 .debug_aranges
                0x0000000000000910      0x1d8 ./Drivers/STM32L4xx_HAL_Driver/Src/stm32l4xx_hal_spi.o
 .debug_aranges
                0x0000000000000ae8      0x3e0 ./Drivers/STM32L4xx_HAL_Driver/Src/stm32l4xx_hal_tim.o
 .debug_aranges
                0x0000000000000ec8      0x180 ./Drivers/STM32L4xx_HAL_Driver/Src/stm32l4xx_hal_tim_ex.o
 .debug_aranges
                0x0000000000001048      0x228 ./Drivers/STM32L4xx_HAL_Driver/Src/stm32l4xx_hal_uart.o

.debug_ranges   0x0000000000000000     0x13c8
 .debug_ranges  0x0000000000000000       0x78 ./Core/Src/CAN_Bus.o
 .debug_ranges  0x0000000000000078      0x1c0 ./Core/Src/SPI_MB.o
 .debug_ranges  0x0000000000000238       0x48 ./Core/Src/battery.o
 .debug_ranges  0x0000000000000280       0x58 ./Core/Src/main.o
 .debug_ranges  0x00000000000002d8       0x30 ./Core/Src/serial_monitor.o
 .debug_ranges  0x0000000000000308       0x50 ./Core/Src/stm32l4xx_hal_msp.o
 .debug_ranges  0x0000000000000358       0x58 ./Core/Src/stm32l4xx_it.o
 .debug_ranges  0x00000000000003b0       0x18 ./Core/Src/system_stm32l4xx.o
 .debug_ranges  0x00000000000003c8       0x20 ./Core/Startup/startup_stm32l432kcux.o
 .debug_ranges  0x00000000000003e8       0xf8 ./Drivers/STM32L4xx_HAL_Driver/Src/stm32l4xx_hal.o
 .debug_ranges  0x00000000000004e0      0x140 ./Drivers/STM32L4xx_HAL_Driver/Src/stm32l4xx_hal_can.o
 .debug_ranges  0x0000000000000620       0xf8 ./Drivers/STM32L4xx_HAL_Driver/Src/stm32l4xx_hal_cortex.o
 .debug_ranges  0x0000000000000718       0x48 ./Drivers/STM32L4xx_HAL_Driver/Src/stm32l4xx_hal_gpio.o
 .debug_ranges  0x0000000000000760       0x88 ./Drivers/STM32L4xx_HAL_Driver/Src/stm32l4xx_hal_pwr.o
 .debug_ranges  0x00000000000007e8      0x118 ./Drivers/STM32L4xx_HAL_Driver/Src/stm32l4xx_hal_pwr_ex.o
 .debug_ranges  0x0000000000000900       0x98 ./Drivers/STM32L4xx_HAL_Driver/Src/stm32l4xx_hal_rcc.o
 .debug_ranges  0x0000000000000998       0xf8 ./Drivers/STM32L4xx_HAL_Driver/Src/stm32l4xx_hal_rcc_ex.o
 .debug_ranges  0x0000000000000a90      0x1c8 ./Drivers/STM32L4xx_HAL_Driver/Src/stm32l4xx_hal_spi.o
 .debug_ranges  0x0000000000000c58      0x3d0 ./Drivers/STM32L4xx_HAL_Driver/Src/stm32l4xx_hal_tim.o
 .debug_ranges  0x0000000000001028      0x170 ./Drivers/STM32L4xx_HAL_Driver/Src/stm32l4xx_hal_tim_ex.o
 .debug_ranges  0x0000000000001198      0x230 ./Drivers/STM32L4xx_HAL_Driver/Src/stm32l4xx_hal_uart.o

.debug_macro    0x0000000000000000    0x22233
 .debug_macro   0x0000000000000000      0x1fd ./Core/Src/CAN_Bus.o
 .debug_macro   0x00000000000001fd      0xa78 ./Core/Src/CAN_Bus.o
 .debug_macro   0x0000000000000c75      0x1b3 ./Core/Src/CAN_Bus.o
 .debug_macro   0x0000000000000e28       0x2e ./Core/Src/CAN_Bus.o
 .debug_macro   0x0000000000000e56       0x28 ./Core/Src/CAN_Bus.o
 .debug_macro   0x0000000000000e7e       0x22 ./Core/Src/CAN_Bus.o
 .debug_macro   0x0000000000000ea0       0x8e ./Core/Src/CAN_Bus.o
 .debug_macro   0x0000000000000f2e       0x51 ./Core/Src/CAN_Bus.o
 .debug_macro   0x0000000000000f7f      0x103 ./Core/Src/CAN_Bus.o
 .debug_macro   0x0000000000001082       0x6a ./Core/Src/CAN_Bus.o
 .debug_macro   0x00000000000010ec      0x1df ./Core/Src/CAN_Bus.o
 .debug_macro   0x00000000000012cb       0x1c ./Core/Src/CAN_Bus.o
 .debug_macro   0x00000000000012e7       0x22 ./Core/Src/CAN_Bus.o
 .debug_macro   0x0000000000001309       0xfb ./Core/Src/CAN_Bus.o
 .debug_macro   0x0000000000001404     0x1011 ./Core/Src/CAN_Bus.o
 .debug_macro   0x0000000000002415      0x11f ./Core/Src/CAN_Bus.o
 .debug_macro   0x0000000000002534    0x147a6 ./Core/Src/CAN_Bus.o
 .debug_macro   0x0000000000016cda       0x6d ./Core/Src/CAN_Bus.o
 .debug_macro   0x0000000000016d47     0x38e6 ./Core/Src/CAN_Bus.o
 .debug_macro   0x000000000001a62d      0x174 ./Core/Src/CAN_Bus.o
 .debug_macro   0x000000000001a7a1       0x5c ./Core/Src/CAN_Bus.o
 .debug_macro   0x000000000001a7fd     0x11ca ./Core/Src/CAN_Bus.o
 .debug_macro   0x000000000001b9c7      0x53c ./Core/Src/CAN_Bus.o
 .debug_macro   0x000000000001bf03      0x1b9 ./Core/Src/CAN_Bus.o
 .debug_macro   0x000000000001c0bc      0x122 ./Core/Src/CAN_Bus.o
 .debug_macro   0x000000000001c1de      0x26b ./Core/Src/CAN_Bus.o
 .debug_macro   0x000000000001c449      0x23d ./Core/Src/CAN_Bus.o
 .debug_macro   0x000000000001c686      0x408 ./Core/Src/CAN_Bus.o
 .debug_macro   0x000000000001ca8e      0x241 ./Core/Src/CAN_Bus.o
 .debug_macro   0x000000000001cccf      0x375 ./Core/Src/CAN_Bus.o
 .debug_macro   0x000000000001d044       0xd6 ./Core/Src/CAN_Bus.o
 .debug_macro   0x000000000001d11a      0x122 ./Core/Src/CAN_Bus.o
 .debug_macro   0x000000000001d23c      0x356 ./Core/Src/CAN_Bus.o
 .debug_macro   0x000000000001d592      0x2fe ./Core/Src/CAN_Bus.o
 .debug_macro   0x000000000001d890      0xa91 ./Core/Src/CAN_Bus.o
 .debug_macro   0x000000000001e321      0x12d ./Core/Src/CAN_Bus.o
 .debug_macro   0x000000000001e44e      0x5ba ./Core/Src/CAN_Bus.o
 .debug_macro   0x000000000001ea08       0x44 ./Core/Src/CAN_Bus.o
 .debug_macro   0x000000000001ea4c      0x220 ./Core/Src/CAN_Bus.o
 .debug_macro   0x000000000001ec6c      0x118 ./Core/Src/CAN_Bus.o
 .debug_macro   0x000000000001ed84       0x4c ./Core/Src/CAN_Bus.o
 .debug_macro   0x000000000001edd0      0x1fd ./Core/Src/SPI_MB.o
 .debug_macro   0x000000000001efcd       0xe8 ./Core/Src/SPI_MB.o
 .debug_macro   0x000000000001f0b5      0x20f ./Core/Src/battery.o
 .debug_macro   0x000000000001f2c4       0xee ./Core/Src/battery.o
 .debug_macro   0x000000000001f3b2       0x52 ./Core/Src/battery.o
 .debug_macro   0x000000000001f404       0x1c ./Core/Src/battery.o
 .debug_macro   0x000000000001f420      0x3ba ./Core/Src/main.o
 .debug_macro   0x000000000001f7da       0x52 ./Core/Src/main.o
 .debug_macro   0x000000000001f82c       0x1e ./Core/Src/main.o
 .debug_macro   0x000000000001f84a       0x3c ./Core/Src/main.o
 .debug_macro   0x000000000001f886       0x34 ./Core/Src/main.o
 .debug_macro   0x000000000001f8ba       0x16 ./Core/Src/main.o
 .debug_macro   0x000000000001f8d0       0x35 ./Core/Src/main.o
 .debug_macro   0x000000000001f905      0x341 ./Core/Src/main.o
 .debug_macro   0x000000000001fc46       0x10 ./Core/Src/main.o
 .debug_macro   0x000000000001fc56       0x16 ./Core/Src/main.o
 .debug_macro   0x000000000001fc6c       0x43 ./Core/Src/main.o
 .debug_macro   0x000000000001fcaf       0x34 ./Core/Src/main.o
 .debug_macro   0x000000000001fce3       0x10 ./Core/Src/main.o
 .debug_macro   0x000000000001fcf3       0x58 ./Core/Src/main.o
 .debug_macro   0x000000000001fd4b       0x71 ./Core/Src/main.o
 .debug_macro   0x000000000001fdbc       0x1c ./Core/Src/main.o
 .debug_macro   0x000000000001fdd8      0x12a ./Core/Src/main.o
 .debug_macro   0x000000000001ff02       0x10 ./Core/Src/main.o
 .debug_macro   0x000000000001ff12       0x1c ./Core/Src/main.o
 .debug_macro   0x000000000001ff2e       0x52 ./Core/Src/main.o
 .debug_macro   0x000000000001ff80       0x22 ./Core/Src/main.o
 .debug_macro   0x000000000001ffa2       0x10 ./Core/Src/main.o
 .debug_macro   0x000000000001ffb2       0x52 ./Core/Src/main.o
 .debug_macro   0x0000000000020004       0xd5 ./Core/Src/main.o
 .debug_macro   0x00000000000200d9       0x1c ./Core/Src/main.o
 .debug_macro   0x00000000000200f5       0x3d ./Core/Src/main.o
 .debug_macro   0x0000000000020132       0x16 ./Core/Src/main.o
 .debug_macro   0x0000000000020148      0x145 ./Core/Src/main.o
 .debug_macro   0x000000000002028d       0x16 ./Core/Src/main.o
 .debug_macro   0x00000000000202a3       0x20 ./Core/Src/main.o
 .debug_macro   0x00000000000202c3      0x1f8 ./Core/Src/serial_monitor.o
 .debug_macro   0x00000000000204bb      0x1ee ./Core/Src/stm32l4xx_hal_msp.o
 .debug_macro   0x00000000000206a9      0x1f8 ./Core/Src/stm32l4xx_it.o
 .debug_macro   0x00000000000208a1      0x1df ./Core/Src/system_stm32l4xx.o
 .debug_macro   0x0000000000020a80      0x227 ./Drivers/STM32L4xx_HAL_Driver/Src/stm32l4xx_hal.o
 .debug_macro   0x0000000000020ca7      0x1e7 ./Drivers/STM32L4xx_HAL_Driver/Src/stm32l4xx_hal_can.o
 .debug_macro   0x0000000000020e8e      0x1df ./Drivers/STM32L4xx_HAL_Driver/Src/stm32l4xx_hal_cortex.o
 .debug_macro   0x000000000002106d      0x1e6 ./Drivers/STM32L4xx_HAL_Driver/Src/stm32l4xx_hal_gpio.o
 .debug_macro   0x0000000000021253      0x1f7 ./Drivers/STM32L4xx_HAL_Driver/Src/stm32l4xx_hal_pwr.o
 .debug_macro   0x000000000002144a      0x203 ./Drivers/STM32L4xx_HAL_Driver/Src/stm32l4xx_hal_pwr_ex.o
 .debug_macro   0x000000000002164d      0x221 ./Drivers/STM32L4xx_HAL_Driver/Src/stm32l4xx_hal_rcc.o
 .debug_macro   0x000000000002186e      0x215 ./Drivers/STM32L4xx_HAL_Driver/Src/stm32l4xx_hal_rcc_ex.o
 .debug_macro   0x0000000000021a83      0x1e7 ./Drivers/STM32L4xx_HAL_Driver/Src/stm32l4xx_hal_spi.o
 .debug_macro   0x0000000000021c6a      0x1e0 ./Drivers/STM32L4xx_HAL_Driver/Src/stm32l4xx_hal_tim.o
 .debug_macro   0x0000000000021e4a      0x1df ./Drivers/STM32L4xx_HAL_Driver/Src/stm32l4xx_hal_tim_ex.o
 .debug_macro   0x0000000000022029      0x20a ./Drivers/STM32L4xx_HAL_Driver/Src/stm32l4xx_hal_uart.o

.debug_line     0x0000000000000000    0x1d04f
 .debug_line    0x0000000000000000      0x978 ./Core/Src/CAN_Bus.o
 .debug_line    0x0000000000000978     0x117e ./Core/Src/SPI_MB.o
 .debug_line    0x0000000000001af6      0x8e9 ./Core/Src/battery.o
 .debug_line    0x00000000000023df      0xf7d ./Core/Src/main.o
 .debug_line    0x000000000000335c      0x872 ./Core/Src/serial_monitor.o
 .debug_line    0x0000000000003bce      0x9e2 ./Core/Src/stm32l4xx_hal_msp.o
 .debug_line    0x00000000000045b0      0x821 ./Core/Src/stm32l4xx_it.o
 .debug_line    0x0000000000004dd1      0x807 ./Core/Src/system_stm32l4xx.o
 .debug_line    0x00000000000055d8       0x88 ./Core/Startup/startup_stm32l432kcux.o
 .debug_line    0x0000000000005660      0xafa ./Drivers/STM32L4xx_HAL_Driver/Src/stm32l4xx_hal.o
 .debug_line    0x000000000000615a     0x15f8 ./Drivers/STM32L4xx_HAL_Driver/Src/stm32l4xx_hal_can.o
 .debug_line    0x0000000000007752      0xc9f ./Drivers/STM32L4xx_HAL_Driver/Src/stm32l4xx_hal_cortex.o
 .debug_line    0x00000000000083f1      0xbbd ./Drivers/STM32L4xx_HAL_Driver/Src/stm32l4xx_hal_gpio.o
 .debug_line    0x0000000000008fae      0x927 ./Drivers/STM32L4xx_HAL_Driver/Src/stm32l4xx_hal_pwr.o
 .debug_line    0x00000000000098d5      0xdcf ./Drivers/STM32L4xx_HAL_Driver/Src/stm32l4xx_hal_pwr_ex.o
 .debug_line    0x000000000000a6a4     0x1444 ./Drivers/STM32L4xx_HAL_Driver/Src/stm32l4xx_hal_rcc.o
 .debug_line    0x000000000000bae8     0x179f ./Drivers/STM32L4xx_HAL_Driver/Src/stm32l4xx_hal_rcc_ex.o
 .debug_line    0x000000000000d287     0x2e17 ./Drivers/STM32L4xx_HAL_Driver/Src/stm32l4xx_hal_spi.o
 .debug_line    0x000000000001009e     0x553a ./Drivers/STM32L4xx_HAL_Driver/Src/stm32l4xx_hal_tim.o
 .debug_line    0x00000000000155d8     0x236f ./Drivers/STM32L4xx_HAL_Driver/Src/stm32l4xx_hal_tim_ex.o
 .debug_line    0x0000000000017947     0x5708 ./Drivers/STM32L4xx_HAL_Driver/Src/stm32l4xx_hal_uart.o

.debug_str      0x0000000000000000    0xcec97
 .debug_str     0x0000000000000000    0xc54d9 ./Core/Src/CAN_Bus.o
                                      0xc57f5 (size before relaxing)
 .debug_str     0x00000000000c54d9      0x6db ./Core/Src/SPI_MB.o
                                      0xc5a07 (size before relaxing)
 .debug_str     0x00000000000c5bb4      0x14c ./Core/Src/battery.o
                                      0xc57d5 (size before relaxing)
 .debug_str     0x00000000000c5d00     0x4832 ./Core/Src/main.o
                                      0xca68b (size before relaxing)
 .debug_str     0x00000000000ca532       0x5c ./Core/Src/serial_monitor.o
                                      0xc5766 (size before relaxing)
 .debug_str     0x00000000000ca58e      0x664 ./Core/Src/stm32l4xx_hal_msp.o
                                      0xc65eb (size before relaxing)
 .debug_str     0x00000000000cabf2       0xec ./Core/Src/stm32l4xx_it.o
                                      0xc5818 (size before relaxing)
 .debug_str     0x00000000000cacde       0xf2 ./Core/Src/system_stm32l4xx.o
                                      0xc4f8d (size before relaxing)
 .debug_str     0x00000000000cadd0       0x36 ./Core/Startup/startup_stm32l432kcux.o
                                         0x65 (size before relaxing)
 .debug_str     0x00000000000cae06      0x55a ./Drivers/STM32L4xx_HAL_Driver/Src/stm32l4xx_hal.o
                                      0xc591a (size before relaxing)
 .debug_str     0x00000000000cb360      0x3fa ./Drivers/STM32L4xx_HAL_Driver/Src/stm32l4xx_hal_can.o
                                      0xc5618 (size before relaxing)
 .debug_str     0x00000000000cb75a      0x31d ./Drivers/STM32L4xx_HAL_Driver/Src/stm32l4xx_hal_cortex.o
                                      0xc56bb (size before relaxing)
 .debug_str     0x00000000000cba77      0x123 ./Drivers/STM32L4xx_HAL_Driver/Src/stm32l4xx_hal_gpio.o
                                      0xc5101 (size before relaxing)
 .debug_str     0x00000000000cbb9a      0x333 ./Drivers/STM32L4xx_HAL_Driver/Src/stm32l4xx_hal_pwr.o
                                      0xc52d7 (size before relaxing)
 .debug_str     0x00000000000cbecd      0x369 ./Drivers/STM32L4xx_HAL_Driver/Src/stm32l4xx_hal_pwr_ex.o
                                      0xc5435 (size before relaxing)
 .debug_str     0x00000000000cc236      0x386 ./Drivers/STM32L4xx_HAL_Driver/Src/stm32l4xx_hal_rcc.o
                                      0xc558d (size before relaxing)
 .debug_str     0x00000000000cc5bc      0x4f2 ./Drivers/STM32L4xx_HAL_Driver/Src/stm32l4xx_hal_rcc_ex.o
                                      0xc57ed (size before relaxing)
 .debug_str     0x00000000000ccaae      0x590 ./Drivers/STM32L4xx_HAL_Driver/Src/stm32l4xx_hal_spi.o
                                      0xc57ab (size before relaxing)
 .debug_str     0x00000000000cd03e      0xe3f ./Drivers/STM32L4xx_HAL_Driver/Src/stm32l4xx_hal_tim.o
                                      0xc62ba (size before relaxing)
 .debug_str     0x00000000000cde7d      0x588 ./Drivers/STM32L4xx_HAL_Driver/Src/stm32l4xx_hal_tim_ex.o
                                      0xc5bde (size before relaxing)
 .debug_str     0x00000000000ce405      0x892 ./Drivers/STM32L4xx_HAL_Driver/Src/stm32l4xx_hal_uart.o
                                      0xc5cce (size before relaxing)

.comment        0x0000000000000000       0x50
 .comment       0x0000000000000000       0x50 ./Core/Src/CAN_Bus.o
                                         0x51 (size before relaxing)
 .comment       0x0000000000000050       0x51 ./Core/Src/SPI_MB.o
 .comment       0x0000000000000050       0x51 ./Core/Src/battery.o
 .comment       0x0000000000000050       0x51 ./Core/Src/main.o
 .comment       0x0000000000000050       0x51 ./Core/Src/serial_monitor.o
 .comment       0x0000000000000050       0x51 ./Core/Src/stm32l4xx_hal_msp.o
 .comment       0x0000000000000050       0x51 ./Core/Src/stm32l4xx_it.o
 .comment       0x0000000000000050       0x51 ./Core/Src/system_stm32l4xx.o
 .comment       0x0000000000000050       0x51 ./Drivers/STM32L4xx_HAL_Driver/Src/stm32l4xx_hal.o
 .comment       0x0000000000000050       0x51 ./Drivers/STM32L4xx_HAL_Driver/Src/stm32l4xx_hal_can.o
 .comment       0x0000000000000050       0x51 ./Drivers/STM32L4xx_HAL_Driver/Src/stm32l4xx_hal_cortex.o
 .comment       0x0000000000000050       0x51 ./Drivers/STM32L4xx_HAL_Driver/Src/stm32l4xx_hal_gpio.o
 .comment       0x0000000000000050       0x51 ./Drivers/STM32L4xx_HAL_Driver/Src/stm32l4xx_hal_pwr.o
 .comment       0x0000000000000050       0x51 ./Drivers/STM32L4xx_HAL_Driver/Src/stm32l4xx_hal_pwr_ex.o
 .comment       0x0000000000000050       0x51 ./Drivers/STM32L4xx_HAL_Driver/Src/stm32l4xx_hal_rcc.o
 .comment       0x0000000000000050       0x51 ./Drivers/STM32L4xx_HAL_Driver/Src/stm32l4xx_hal_rcc_ex.o
 .comment       0x0000000000000050       0x51 ./Drivers/STM32L4xx_HAL_Driver/Src/stm32l4xx_hal_spi.o
 .comment       0x0000000000000050       0x51 ./Drivers/STM32L4xx_HAL_Driver/Src/stm32l4xx_hal_tim.o
 .comment       0x0000000000000050       0x51 ./Drivers/STM32L4xx_HAL_Driver/Src/stm32l4xx_hal_tim_ex.o
 .comment       0x0000000000000050       0x51 ./Drivers/STM32L4xx_HAL_Driver/Src/stm32l4xx_hal_uart.o

.debug_frame    0x0000000000000000     0x30b4
 .debug_frame   0x0000000000000000       0x9c ./Core/Src/CAN_Bus.o
 .debug_frame   0x000000000000009c      0x16c ./Core/Src/SPI_MB.o
 .debug_frame   0x0000000000000208       0x78 ./Core/Src/battery.o
 .debug_frame   0x0000000000000280      0x134 ./Core/Src/main.o
 .debug_frame   0x00000000000003b4       0x5c ./Core/Src/serial_monitor.o
 .debug_frame   0x0000000000000410      0x114 ./Core/Src/stm32l4xx_hal_msp.o
 .debug_frame   0x0000000000000524       0xc0 ./Core/Src/stm32l4xx_it.o
 .debug_frame   0x00000000000005e4       0x30 ./Core/Src/system_stm32l4xx.o
 .debug_frame   0x0000000000000614      0x21c ./Drivers/STM32L4xx_HAL_Driver/Src/stm32l4xx_hal.o
 .debug_frame   0x0000000000000830      0x2dc ./Drivers/STM32L4xx_HAL_Driver/Src/stm32l4xx_hal_can.o
 .debug_frame   0x0000000000000b0c      0x148 ./Drivers/STM32L4xx_HAL_Driver/Src/stm32l4xx_hal_cortex.o
 .debug_frame   0x0000000000000c54       0xd0 ./Drivers/STM32L4xx_HAL_Driver/Src/stm32l4xx_hal_gpio.o
 .debug_frame   0x0000000000000d24      0x120 ./Drivers/STM32L4xx_HAL_Driver/Src/stm32l4xx_hal_pwr.o
 .debug_frame   0x0000000000000e44      0x248 ./Drivers/STM32L4xx_HAL_Driver/Src/stm32l4xx_hal_pwr_ex.o
 .debug_frame   0x000000000000108c      0x19c ./Drivers/STM32L4xx_HAL_Driver/Src/stm32l4xx_hal_rcc.o
 .debug_frame   0x0000000000001228      0x248 ./Drivers/STM32L4xx_HAL_Driver/Src/stm32l4xx_hal_rcc_ex.o
 .debug_frame   0x0000000000001470      0x5d8 ./Drivers/STM32L4xx_HAL_Driver/Src/stm32l4xx_hal_spi.o
 .debug_frame   0x0000000000001a48      0xb4c ./Drivers/STM32L4xx_HAL_Driver/Src/stm32l4xx_hal_tim.o
 .debug_frame   0x0000000000002594      0x474 ./Drivers/STM32L4xx_HAL_Driver/Src/stm32l4xx_hal_tim_ex.o
 .debug_frame   0x0000000000002a08      0x600 ./Drivers/STM32L4xx_HAL_Driver/Src/stm32l4xx_hal_uart.o
 .debug_frame   0x0000000000003008       0x2c c:/st/stm32cubeide_1.7.0/stm32cubeide/plugins/com.st.stm32cube.ide.mcu.externaltools.gnu-tools-for-stm32.10.3-2021.10.win32_1.0.200.202301161003/tools/bin/../lib/gcc/arm-none-eabi/10.3.1/../../../../arm-none-eabi/lib/thumb/v7e-m+fp/hard\libc_nano.a(lib_a-init.o)
 .debug_frame   0x0000000000003034       0x20 c:/st/stm32cubeide_1.7.0/stm32cubeide/plugins/com.st.stm32cube.ide.mcu.externaltools.gnu-tools-for-stm32.10.3-2021.10.win32_1.0.200.202301161003/tools/bin/../lib/gcc/arm-none-eabi/10.3.1/../../../../arm-none-eabi/lib/thumb/v7e-m+fp/hard\libc_nano.a(lib_a-memset.o)
 .debug_frame   0x0000000000003054       0x2c c:/st/stm32cubeide_1.7.0/stm32cubeide/plugins/com.st.stm32cube.ide.mcu.externaltools.gnu-tools-for-stm32.10.3-2021.10.win32_1.0.200.202301161003/tools/bin/../lib/gcc/arm-none-eabi/10.3.1/thumb/v7e-m+fp/hard\libgcc.a(_aeabi_uldivmod.o)
 .debug_frame   0x0000000000003080       0x34 c:/st/stm32cubeide_1.7.0/stm32cubeide/plugins/com.st.stm32cube.ide.mcu.externaltools.gnu-tools-for-stm32.10.3-2021.10.win32_1.0.200.202301161003/tools/bin/../lib/gcc/arm-none-eabi/10.3.1/thumb/v7e-m+fp/hard\libgcc.a(_udivmoddi4.o)
