Archive member included to satisfy reference by file (symbol)

c:/st/stm32cubeide_1.7.0/stm32cubeide/plugins/com.st.stm32cube.ide.mcu.externaltools.gnu-tools-for-stm32.10.3-2021.10.win32_1.0.200.202301161003/tools/bin/../lib/gcc/arm-none-eabi/10.3.1/../../../../arm-none-eabi/lib/thumb/v7e-m+fp/hard\libc_nano.a(lib_a-errno.o)
                              ./Core/Src/syscalls.o (__errno)
c:/st/stm32cubeide_1.7.0/stm32cubeide/plugins/com.st.stm32cube.ide.mcu.externaltools.gnu-tools-for-stm32.10.3-2021.10.win32_1.0.200.202301161003/tools/bin/../lib/gcc/arm-none-eabi/10.3.1/../../../../arm-none-eabi/lib/thumb/v7e-m+fp/hard\libc_nano.a(lib_a-exit.o)
                              c:/st/stm32cubeide_1.7.0/stm32cubeide/plugins/com.st.stm32cube.ide.mcu.externaltools.gnu-tools-for-stm32.10.3-2021.10.win32_1.0.200.202301161003/tools/bin/../lib/gcc/arm-none-eabi/10.3.1/../../../../arm-none-eabi/lib/thumb/v7e-m+fp/hard/crt0.o (exit)
c:/st/stm32cubeide_1.7.0/stm32cubeide/plugins/com.st.stm32cube.ide.mcu.externaltools.gnu-tools-for-stm32.10.3-2021.10.win32_1.0.200.202301161003/tools/bin/../lib/gcc/arm-none-eabi/10.3.1/../../../../arm-none-eabi/lib/thumb/v7e-m+fp/hard\libc_nano.a(lib_a-impure.o)
                              c:/st/stm32cubeide_1.7.0/stm32cubeide/plugins/com.st.stm32cube.ide.mcu.externaltools.gnu-tools-for-stm32.10.3-2021.10.win32_1.0.200.202301161003/tools/bin/../lib/gcc/arm-none-eabi/10.3.1/../../../../arm-none-eabi/lib/thumb/v7e-m+fp/hard\libc_nano.a(lib_a-exit.o) (_global_impure_ptr)
c:/st/stm32cubeide_1.7.0/stm32cubeide/plugins/com.st.stm32cube.ide.mcu.externaltools.gnu-tools-for-stm32.10.3-2021.10.win32_1.0.200.202301161003/tools/bin/../lib/gcc/arm-none-eabi/10.3.1/../../../../arm-none-eabi/lib/thumb/v7e-m+fp/hard\libc_nano.a(lib_a-init.o)
                              c:/st/stm32cubeide_1.7.0/stm32cubeide/plugins/com.st.stm32cube.ide.mcu.externaltools.gnu-tools-for-stm32.10.3-2021.10.win32_1.0.200.202301161003/tools/bin/../lib/gcc/arm-none-eabi/10.3.1/../../../../arm-none-eabi/lib/thumb/v7e-m+fp/hard/crt0.o (__libc_init_array)
c:/st/stm32cubeide_1.7.0/stm32cubeide/plugins/com.st.stm32cube.ide.mcu.externaltools.gnu-tools-for-stm32.10.3-2021.10.win32_1.0.200.202301161003/tools/bin/../lib/gcc/arm-none-eabi/10.3.1/../../../../arm-none-eabi/lib/thumb/v7e-m+fp/hard\libc_nano.a(lib_a-memcpy-stub.o)
                              ./Core/Src/battery.o (memcpy)
c:/st/stm32cubeide_1.7.0/stm32cubeide/plugins/com.st.stm32cube.ide.mcu.externaltools.gnu-tools-for-stm32.10.3-2021.10.win32_1.0.200.202301161003/tools/bin/../lib/gcc/arm-none-eabi/10.3.1/../../../../arm-none-eabi/lib/thumb/v7e-m+fp/hard\libc_nano.a(lib_a-memset.o)
                              c:/st/stm32cubeide_1.7.0/stm32cubeide/plugins/com.st.stm32cube.ide.mcu.externaltools.gnu-tools-for-stm32.10.3-2021.10.win32_1.0.200.202301161003/tools/bin/../lib/gcc/arm-none-eabi/10.3.1/../../../../arm-none-eabi/lib/thumb/v7e-m+fp/hard/crt0.o (memset)
c:/st/stm32cubeide_1.7.0/stm32cubeide/plugins/com.st.stm32cube.ide.mcu.externaltools.gnu-tools-for-stm32.10.3-2021.10.win32_1.0.200.202301161003/tools/bin/../lib/gcc/arm-none-eabi/10.3.1/thumb/v7e-m+fp/hard\libgcc.a(_arm_muldf3.o)
                              ./Core/Src/battery.o (__aeabi_dmul)
c:/st/stm32cubeide_1.7.0/stm32cubeide/plugins/com.st.stm32cube.ide.mcu.externaltools.gnu-tools-for-stm32.10.3-2021.10.win32_1.0.200.202301161003/tools/bin/../lib/gcc/arm-none-eabi/10.3.1/thumb/v7e-m+fp/hard\libgcc.a(_arm_addsubdf3.o)
                              ./Core/Src/battery.o (__aeabi_dadd)
c:/st/stm32cubeide_1.7.0/stm32cubeide/plugins/com.st.stm32cube.ide.mcu.externaltools.gnu-tools-for-stm32.10.3-2021.10.win32_1.0.200.202301161003/tools/bin/../lib/gcc/arm-none-eabi/10.3.1/thumb/v7e-m+fp/hard\libgcc.a(_arm_fixunsdfsi.o)
                              ./Core/Src/battery.o (__aeabi_d2uiz)
c:/st/stm32cubeide_1.7.0/stm32cubeide/plugins/com.st.stm32cube.ide.mcu.externaltools.gnu-tools-for-stm32.10.3-2021.10.win32_1.0.200.202301161003/tools/bin/../lib/gcc/arm-none-eabi/10.3.1/thumb/v7e-m+fp/hard\libgcc.a(_aeabi_uldivmod.o)
                              ./Drivers/STM32L4xx_HAL_Driver/Src/stm32l4xx_hal_uart.o (__aeabi_uldivmod)
c:/st/stm32cubeide_1.7.0/stm32cubeide/plugins/com.st.stm32cube.ide.mcu.externaltools.gnu-tools-for-stm32.10.3-2021.10.win32_1.0.200.202301161003/tools/bin/../lib/gcc/arm-none-eabi/10.3.1/thumb/v7e-m+fp/hard\libgcc.a(_udivmoddi4.o)
                              c:/st/stm32cubeide_1.7.0/stm32cubeide/plugins/com.st.stm32cube.ide.mcu.externaltools.gnu-tools-for-stm32.10.3-2021.10.win32_1.0.200.202301161003/tools/bin/../lib/gcc/arm-none-eabi/10.3.1/thumb/v7e-m+fp/hard\libgcc.a(_aeabi_uldivmod.o) (__udivmoddi4)
c:/st/stm32cubeide_1.7.0/stm32cubeide/plugins/com.st.stm32cube.ide.mcu.externaltools.gnu-tools-for-stm32.10.3-2021.10.win32_1.0.200.202301161003/tools/bin/../lib/gcc/arm-none-eabi/10.3.1/thumb/v7e-m+fp/hard\libgcc.a(_dvmd_tls.o)
[...]
Memory Configuration

Name             Origin             Length             Attributes
RAM              0x0000000020000000 0x0000000000010000 xrw
RAM2             0x0000000010000000 0x0000000000004000 xrw
FLASH            0x0000000008000000 0x0000000000040000 xr
*default*        0x0000000000000000 0xffffffffffffffff

Linker script and memory map

LOAD c:/st/stm32cubeide_1.7.0/stm32cubeide/plugins/com.st.stm32cube.ide.mcu.externaltools.gnu-tools-for-stm32.10.3-2021.10.win32_1.0.200.202301161003/tools/bin/../lib/gcc/arm-none-eabi/10.3.1/thumb/v7e-m+fp/hard/crti.o
LOAD c:/st/stm32cubeide_1.7.0/stm32cubeide/plugins/com.st.stm32cube.ide.mcu.externaltools.gnu-tools-for-stm32.10.3-2021.10.win32_1.0.200.202301161003/tools/bin/../lib/gcc/arm-none-eabi/10.3.1/thumb/v7e-m+fp/hard/crtbegin.o
LOAD c:/st/stm32cubeide_1.7.0/stm32cubeide/plugins/com.st.stm32cube.ide.mcu.externaltools.gnu-tools-for-stm32.10.3-2021.10.win32_1.0.200.202301161003/tools/bin/../lib/gcc/arm-none-eabi/10.3.1/../../../../arm-none-eabi/lib/thumb/v7e-m+fp/hard/crt0.o
LOAD ./Core/Src/CAN_Bus.o
LOAD ./Core/Src/SPI_MB.o
LOAD ./Core/Src/battery.o
LOAD ./Core/Src/main.o
LOAD ./Core/Src/serial_monitor.o
LOAD ./Core/Src/stm32l4xx_hal_msp.o
LOAD ./Core/Src/stm32l4xx_it.o
LOAD ./Core/Src/syscalls.o
LOAD ./Core/Src/sysmem.o
LOAD ./Core/Src/system_stm32l4xx.o
LOAD ./Core/Startup/startup_stm32l432kcux.o
LOAD ./Drivers/STM32L4xx_HAL_Driver/Src/stm32l4xx_hal.o
LOAD ./Drivers/STM32L4xx_HAL_Driver/Src/stm32l4xx_hal_can.o
LOAD ./Drivers/STM32L4xx_HAL_Driver/Src/stm32l4xx_hal_cortex.o
LOAD ./Drivers/STM32L4xx_HAL_Driver/Src/stm32l4xx_hal_dma.o
LOAD ./Drivers/STM32L4xx_HAL_Driver/Src/stm32l4xx_hal_dma_ex.o
LOAD ./Drivers/STM32L4xx_HAL_Driver/Src/stm32l4xx_hal_exti.o
LOAD ./Drivers/STM32L4xx_HAL_Driver/Src/stm32l4xx_hal_flash.o
LOAD ./Drivers/STM32L4xx_HAL_Driver/Src/stm32l4xx_hal_flash_ex.o
LOAD ./Drivers/STM32L4xx_HAL_Driver/Src/stm32l4xx_hal_flash_ramfunc.o
LOAD ./Drivers/STM32L4xx_HAL_Driver/Src/stm32l4xx_hal_gpio.o
LOAD ./Drivers/STM32L4xx_HAL_Driver/Src/stm32l4xx_hal_pwr.o
LOAD ./Drivers/STM32L4xx_HAL_Driver/Src/stm32l4xx_hal_pwr_ex.o
LOAD ./Drivers/STM32L4xx_HAL_Driver/Src/stm32l4xx_hal_rcc.o
LOAD ./Drivers/STM32L4xx_HAL_Driver/Src/stm32l4xx_hal_rcc_ex.o
LOAD ./Drivers/STM32L4xx_HAL_Driver/Src/stm32l4xx_hal_spi.o
LOAD ./Drivers/STM32L4xx_HAL_Driver/Src/stm32l4xx_hal_spi_ex.o
LOAD ./Drivers/STM32L4xx_HAL_Driver/Src/stm32l4xx_hal_tim.o
LOAD ./Drivers/STM32L4xx_HAL_Driver/Src/stm32l4xx_hal_tim_ex.o
LOAD ./Drivers/STM32L4xx_HAL_Driver/Src/stm32l4xx_hal_uart.o
LOAD ./Drivers/STM32L4xx_HAL_Driver/Src/stm32l4xx_hal_uart_ex.o
START GROUP
LOAD c:/st/stm32cubeide_1.7.0/stm32cubeide/plugins/com.st.stm32cube.ide.mcu.externaltools.gnu-tools-for-stm32.10.3-2021.10.win32_1.0.200.202301161003/tools/bin/../lib/gcc/arm-none-eabi/10.3.1/../../../../arm-none-eabi/lib/thumb/v7e-m+fp/hard\libstdc++_nano.a
LOAD c:/st/stm32cubeide_1.7.0/stm32cubeide/plugins/com.st.stm32cube.ide.mcu.externaltools.gnu-tools-for-stm32.10.3-2021.10.win32_1.0.200.202301161003/tools/bin/../lib/gcc/arm-none-eabi/10.3.1/../../../../arm-none-eabi/lib/thumb/v7e-m+fp/hard\libsupc++_nano.a
END GROUP
LOAD c:/st/stm32cubeide_1.7.0/stm32cubeide/plugins/com.st.stm32cube.ide.mcu.externaltools.gnu-tools-for-stm32.10.3-2021.10.win32_1.0.200.202301161003/tools/bin/../lib/gcc/arm-none-eabi/10.3.1/../../../../arm-none-eabi/lib/thumb/v7e-m+fp/hard\libstdc++_nano.a
LOAD c:/st/stm32cubeide_1.7.0/stm32cubeide/plugins/com.st.stm32cube.ide.mcu.externaltools.gnu-tools-for-stm32.10.3-2021.10.win32_1.0.200.202301161003/tools/bin/../lib/gcc/arm-none-eabi/10.3.1/../../../../arm-none-eabi/lib/thumb/v7e-m+fp/hard\libm.a
LOAD c:/st/stm32cubeide_1.7.0/stm32cubeide/plugins/com.st.stm32cube.ide.mcu.externaltools.gnu-tools-for-stm32.10.3-2021.10.win32_1.0.200.202301161003/tools/bin/../lib/gcc/arm-none-eabi/10.3.1/../../../../arm-none-eabi/lib/thumb/v7e-m+fp/hard\libc_nano.a
START GROUP
LOAD c:/st/stm32cubeide_1.7.0/stm32cubeide/plugins/com.st.stm32cube.ide.mcu.externaltools.gnu-tools-for-stm32.10.3-2021.10.win32_1.0.200.202301161003/tools/bin/../lib/gcc/arm-none-eabi/10.3.1/thumb/v7e-m+fp/hard\libgcc.a
LOAD c:/st/stm32cubeide_1.7.0/stm32cubeide/plugins/com.st.stm32cube.ide.mcu.externaltools.gnu-tools-for-stm32.10.3-2021.10.win32_1.0.200.202301161003/tools/bin/../lib/gcc/arm-none-eabi/10.3.1/../../../../arm-none-eabi/lib/thumb/v7e-m+fp/hard\libc_nano.a
END GROUP
START GROUP
LOAD c:/st/stm32cubeide_1.7.0/stm32cubeide/plugins/com.st.stm32cube.ide.mcu.externaltools.gnu-tools-for-stm32.10.3-2021.10.win32_1.0.200.202301161003/tools/bin/../lib/gcc/arm-none-eabi/10.3.1/thumb/v7e-m+fp/hard\libgcc.a
LOAD c:/st/stm32cubeide_1.7.0/stm32cubeide/plugins/com.st.stm32cube.ide.mcu.externaltools.gnu-tools-for-stm32.10.3-2021.10.win32_1.0.200.202301161003/tools/bin/../lib/gcc/arm-none-eabi/10.3.1/../../../../arm-none-eabi/lib/thumb/v7e-m+fp/hard\libc_nano.a
LOAD c:/st/stm32cubeide_1.7.0/stm32cubeide/plugins/com.st.stm32cube.ide.mcu.externaltools.gnu-tools-for-stm32.10.3-2021.10.win32_1.0.200.202301161003/tools/bin/../lib/gcc/arm-none-eabi/10.3.1/../../../../arm-none-eabi/lib/thumb/v7e-m+fp/hard\libnosys.a
END GROUP
START GROUP
LOAD c:/st/stm32cubeide_1.7.0/stm32cubeide/plugins/com.st.stm32cube.ide.mcu.externaltools.gnu-tools-for-stm32.10.3-2021.10.win32_1.0.200.202301161003/tools/bin/../lib/gcc/arm-none-eabi/10.3.1/thumb/v7e-m+fp/hard\libgcc.a
LOAD c:/st/stm32cubeide_1.7.0/stm32cubeide/plugins/com.st.stm32cube.ide.mcu.externaltools.gnu-tools-for-stm32.10.3-2021.10.win32_1.0.200.202301161003/tools/bin/../lib/gcc/arm-none-eabi/10.3.1/../../../../arm-none-eabi/lib/thumb/v7e-m+fp/hard\libc_nano.a
LOAD c:/st/stm32cubeide_1.7.0/stm32cubeide/plugins/com.st.stm32cube.ide.mcu.externaltools.gnu-tools-for-stm32.10.3-2021.10.win32_1.0.200.202301161003/tools/bin/../lib/gcc/arm-none-eabi/10.3.1/../../../../arm-none-eabi/lib/thumb/v7e-m+fp/hard\libnosys.a
END GROUP
LOAD c:/st/stm32cubeide_1.7.0/stm32cubeide/plugins/com.st.stm32cube.ide.mcu.externaltools.gnu-tools-for-stm32.10.3-2021.10.win32_1.0.200.202301161003/tools/bin/../lib/gcc/arm-none-eabi/10.3.1/thumb/v7e-m+fp/hard/crtend.o
LOAD c:/st/stm32cubeide_1.7.0/stm32cubeide/plugins/com.st.stm32cube.ide.mcu.externaltools.gnu-tools-for-stm32.10.3-2021.10.win32_1.0.200.202301161003/tools/bin/../lib/gcc/arm-none-eabi/10.3.1/thumb/v7e-m+fp/hard/crtn.o
                0x0000000020010000                _estack = (ORIGIN (RAM) + LENGTH (RAM))
                0x0000000000000200                _Min_Heap_Size = 0x200
                0x0000000000000400                _Min_Stack_Size = 0x400

.isr_vector     0x0000000008000000      0x18c
                0x0000000008000000                . = ALIGN (0x4)
 *(.isr_vector)
 .isr_vector    0x0000000008000000      0x18c ./Core/Startup/startup_stm32l432kcux.o
                0x0000000008000000                g_pfnVectors
                0x000000000800018c                . = ALIGN (0x4)

.text           0x000000000800018c     0x608c
                0x000000000800018c                . = ALIGN (0x4)
 *(.text)
 .text          0x000000000800018c       0x40 c:/st/stm32cubeide_1.7.0/stm32cubeide/plugins/com.st.stm32cube.ide.mcu.externaltools.gnu-tools-for-stm32.10.3-2021.10.win32_1.0.200.202301161003/tools/bin/../lib/gcc/arm-none-eabi/10.3.1/thumb/v7e-m+fp/hard/crtbegin.o
 .text          0x00000000080001cc      0x254 c:/st/stm32cubeide_1.7.0/stm32cubeide/plugins/com.st.stm32cube.ide.mcu.externaltools.gnu-tools-for-stm32.10.3-2021.10.win32_1.0.200.202301161003/tools/bin/../lib/gcc/arm-none-eabi/10.3.1/thumb/v7e-m+fp/hard\libgcc.a(_arm_muldf3.o)
                0x00000000080001cc                __muldf3
                0x00000000080001cc                __aeabi_dmul
 .text          0x0000000008000420      0x378 c:/st/stm32cubeide_1.7.0/stm32cubeide/plugins/com.st.stm32cube.ide.mcu.externaltools.gnu-tools-for-stm32.10.3-2021.10.win32_1.0.200.202301161003/tools/bin/../lib/gcc/arm-none-eabi/10.3.1/thumb/v7e-m+fp/hard\libgcc.a(_arm_addsubdf3.o)
                0x0000000008000420                __aeabi_drsub
                0x0000000008000428                __aeabi_dsub
                0x0000000008000428                __subdf3
                0x000000000800042c                __aeabi_dadd
                0x000000000800042c                __adddf3
                0x00000000080006a4                __floatunsidf
                0x00000000080006a4                __aeabi_ui2d
                0x00000000080006c4                __floatsidf
                0x00000000080006c4                __aeabi_i2d
                0x00000000080006e8                __aeabi_f2d
                0x00000000080006e8                __extendsfdf2
                0x000000000800072c                __floatundidf
                0x000000000800072c                __aeabi_ul2d
                0x000000000800073c                __floatdidf
                0x000000000800073c                __aeabi_l2d
 .text          0x0000000008000798       0x40 c:/st/stm32cubeide_1.7.0/stm32cubeide/plugins/com.st.stm32cube.ide.mcu.externaltools.gnu-tools-for-stm32.10.3-2021.10.win32_1.0.200.202301161003/tools/bin/../lib/gcc/arm-none-eabi/10.3.1/thumb/v7e-m+fp/hard\libgcc.a(_arm_fixunsdfsi.o)
                0x0000000008000798                __aeabi_d2uiz
                0x0000000008000798                __fixunsdfsi
 .text          0x00000000080007d8       0x30 c:/st/stm32cubeide_1.7.0/stm32cubeide/plugins/com.st.stm32cube.ide.mcu.externaltools.gnu-tools-for-stm32.10.3-2021.10.win32_1.0.200.202301161003/tools/bin/../lib/gcc/arm-none-eabi/10.3.1/thumb/v7e-m+fp/hard\libgcc.a(_aeabi_uldivmod.o)
                0x00000000080007d8                __aeabi_uldivmod
 .text          0x0000000008000808      0x2d0 c:/st/stm32cubeide_1.7.0/stm32cubeide/plugins/com.st.stm32cube.ide.mcu.externaltools.gnu-tools-for-stm32.10.3-2021.10.win32_1.0.200.202301161003/tools/bin/../lib/gcc/arm-none-eabi/10.3.1/thumb/v7e-m+fp/hard\libgcc.a(_udivmoddi4.o)
                0x0000000008000808                __udivmoddi4
 .text          0x0000000008000ad8        0x4 c:/st/stm32cubeide_1.7.0/stm32cubeide/plugins/com.st.stm32cube.ide.mcu.externaltools.gnu-tools-for-stm32.10.3-2021.10.win32_1.0.200.202301161003/tools/bin/../lib/gcc/arm-none-eabi/10.3.1/thumb/v7e-m+fp/hard\libgcc.a(_dvmd_tls.o)
                0x0000000008000ad8                __aeabi_idiv0
                0x0000000008000ad8                __aeabi_ldiv0
 *(.text*)
 .text.send_CAN
                0x0000000008000adc       0x50 ./Core/Src/CAN_Bus.o
                0x0000000008000adc                send_CAN
 .text.send_CAN_IVT_nbytes
                0x0000000008000b2c       0x54 ./Core/Src/CAN_Bus.o
                0x0000000008000b2c                send_CAN_IVT_nbytes
 .text.read_CAN
                0x0000000008000b80       0x64 ./Core/Src/CAN_Bus.o
                0x0000000008000b80                read_CAN
 .text.FIFO_ovf
                0x0000000008000be4       0x30 ./Core/Src/CAN_Bus.o
                0x0000000008000be4                FIFO_ovf
 .text.send_data2ECU
                0x0000000008000c14       0xa0 ./Core/Src/CAN_Bus.o
                0x0000000008000c14                send_data2ECU
 .text.ISA_IVT_Init
                0x0000000008000cb4      0x154 ./Core/Src/CAN_Bus.o
                0x0000000008000cb4                ISA_IVT_Init
 .text.CAN_receive_packet
                0x0000000008000e08       0xb0 ./Core/Src/CAN_Bus.o
                0x0000000008000e08                CAN_receive_packet
 .text.delay_1us
                0x0000000008000eb8       0x26 ./Core/Src/SPI_MB.o
                0x0000000008000eb8                delay_1us
 *fill*         0x0000000008000ede        0x2 
 .text.wake_up  0x0000000008000ee0       0x64 ./Core/Src/SPI_MB.o
                0x0000000008000ee0                wake_up
 .text.SPI_Transceive
                0x0000000008000f44       0x48 ./Core/Src/SPI_MB.o
                0x0000000008000f44                SPI_Transceive
 .text.generatePEC
                0x0000000008000f8c      0x1a0 ./Core/Src/SPI_MB.o
                0x0000000008000f8c                generatePEC
 .text.Command  0x000000000800112c       0x64 ./Core/Src/SPI_MB.o
                0x000000000800112c                Command
 .text.Write_Registergroup
                0x0000000008001190      0x12e ./Core/Src/SPI_MB.o
                0x0000000008001190                Write_Registergroup
 .text.Read_Registergroup
                0x00000000080012be      0x170 ./Core/Src/SPI_MB.o
                0x00000000080012be                Read_Registergroup
 *fill*         0x000000000800142e        0x2 
 .text.Read_Voltages
                0x0000000008001430      0x110 ./Core/Src/SPI_MB.o
                0x0000000008001430                Read_Voltages
 .text.Read_Temp
                0x0000000008001540      0x218 ./Core/Src/SPI_MB.o
                0x0000000008001540                Read_Temp
 .text.ADBMS_HW_Init
                0x0000000008001758      0x200 ./Core/Src/SPI_MB.o
                0x0000000008001758                ADBMS_HW_Init
 .text.get_battery_status_code
                0x0000000008001958       0x9c ./Core/Src/battery.o
                0x0000000008001958                get_battery_status_code
 .text.battery_reset_error_flags
                0x00000000080019f4       0x18 ./Core/Src/battery.o
                0x00000000080019f4                battery_reset_error_flags
 .text.get_battery_error_code
                0x0000000008001a0c       0x18 ./Core/Src/battery.o
                0x0000000008001a0c                get_battery_error_code
 .text.set_battery_error_flag
                0x0000000008001a24       0x28 ./Core/Src/battery.o
                0x0000000008001a24                set_battery_error_flag
 .text.calc_Battery_values
                0x0000000008001a4c      0x16c ./Core/Src/battery.o
                0x0000000008001a4c                calc_Battery_values
 .text.volt2celsius
                0x0000000008001bb8       0xa8 ./Core/Src/battery.o
                0x0000000008001bb8                volt2celsius
 .text.refresh_SDC
                0x0000000008001c60       0x60 ./Core/Src/battery.o
                0x0000000008001c60                refresh_SDC
 .text.SDC_reset
                0x0000000008001cc0       0x9c ./Core/Src/battery.o
                0x0000000008001cc0                SDC_reset
 .text.check_battery
                0x0000000008001d5c       0x8c ./Core/Src/battery.o
                0x0000000008001d5c                check_battery
 .text.set_relays
                0x0000000008001de8       0x90 ./Core/Src/battery.o
                0x0000000008001de8                set_relays
 .text.main     0x0000000008001e78       0xe4 ./Core/Src/main.o
                0x0000000008001e78                main
 .text.SystemClock_Config
                0x0000000008001f5c       0xc4 ./Core/Src/main.o
                0x0000000008001f5c                SystemClock_Config
 .text.MX_CAN1_Init
                0x0000000008002020      0x108 ./Core/Src/main.o
 .text.MX_SPI1_Init
                0x0000000008002128       0x7c ./Core/Src/main.o
 .text.MX_TIM6_Init
                0x00000000080021a4       0x74 ./Core/Src/main.o
 .text.MX_TIM7_Init
                0x0000000008002218       0x70 ./Core/Src/main.o
 .text.MX_USART2_UART_Init
                0x0000000008002288       0x60 ./Core/Src/main.o
 .text.MX_GPIO_Init
                0x00000000080022e8       0xe8 ./Core/Src/main.o
 .text.HAL_TIM_PeriodElapsedCallback
                0x00000000080023d0       0x14 ./Core/Src/main.o
                0x00000000080023d0                HAL_TIM_PeriodElapsedCallback
 .text.Error_Handler
                0x00000000080023e4       0x14 ./Core/Src/main.o
                0x00000000080023e4                Error_Handler
 .text.SerialMonitor
                0x00000000080023f8       0xd4 ./Core/Src/serial_monitor.o
                0x00000000080023f8                SerialMonitor
 .text.HAL_MspInit
                0x00000000080024cc       0x48 ./Core/Src/stm32l4xx_hal_msp.o
                0x00000000080024cc                HAL_MspInit
 .text.HAL_CAN_MspInit
                0x0000000008002514       0x88 ./Core/Src/stm32l4xx_hal_msp.o
                0x0000000008002514                HAL_CAN_MspInit
 .text.HAL_SPI_MspInit
                0x000000000800259c       0xa8 ./Core/Src/stm32l4xx_hal_msp.o
                0x000000000800259c                HAL_SPI_MspInit
 .text.HAL_TIM_Base_MspInit
                0x0000000008002644       0x74 ./Core/Src/stm32l4xx_hal_msp.o
                0x0000000008002644                HAL_TIM_Base_MspInit
 .text.HAL_UART_MspInit
                0x00000000080026b8       0xd4 ./Core/Src/stm32l4xx_hal_msp.o
                0x00000000080026b8                HAL_UART_MspInit
 .text.NMI_Handler
                0x000000000800278c        0x6 ./Core/Src/stm32l4xx_it.o
                0x000000000800278c                NMI_Handler
 .text.HardFault_Handler
                0x0000000008002792        0x6 ./Core/Src/stm32l4xx_it.o
                0x0000000008002792                HardFault_Handler
 .text.MemManage_Handler
                0x0000000008002798        0x6 ./Core/Src/stm32l4xx_it.o
                0x0000000008002798                MemManage_Handler
 .text.BusFault_Handler
                0x000000000800279e        0x6 ./Core/Src/stm32l4xx_it.o
                0x000000000800279e                BusFault_Handler
 .text.UsageFault_Handler
                0x00000000080027a4        0x6 ./Core/Src/stm32l4xx_it.o
                0x00000000080027a4                UsageFault_Handler
 .text.SVC_Handler
                0x00000000080027aa        0xe ./Core/Src/stm32l4xx_it.o
                0x00000000080027aa                SVC_Handler
 .text.DebugMon_Handler
                0x00000000080027b8        0xe ./Core/Src/stm32l4xx_it.o
                0x00000000080027b8                DebugMon_Handler
 .text.PendSV_Handler
                0x00000000080027c6        0xe ./Core/Src/stm32l4xx_it.o
                0x00000000080027c6                PendSV_Handler
 .text.SysTick_Handler
                0x00000000080027d4        0xc ./Core/Src/stm32l4xx_it.o
                0x00000000080027d4                SysTick_Handler
 .text.TIM7_IRQHandler
                0x00000000080027e0       0x14 ./Core/Src/stm32l4xx_it.o
                0x00000000080027e0                TIM7_IRQHandler
 .text.SystemInit
                0x00000000080027f4       0x24 ./Core/Src/system_stm32l4xx.o
                0x00000000080027f4                SystemInit
 .text.Reset_Handler
                0x0000000008002818       0x50 ./Core/Startup/startup_stm32l432kcux.o
                0x0000000008002818                Reset_Handler
 .text.Default_Handler
                0x0000000008002868        0x2 ./Core/Startup/startup_stm32l432kcux.o
                0x0000000008002868                RTC_Alarm_IRQHandler
                0x0000000008002868                EXTI2_IRQHandler
                0x0000000008002868                TIM1_CC_IRQHandler
                0x0000000008002868                TSC_IRQHandler
                0x0000000008002868                TAMP_STAMP_IRQHandler
                0x0000000008002868                EXTI3_IRQHandler
                0x0000000008002868                LPTIM2_IRQHandler
                0x0000000008002868                I2C3_ER_IRQHandler
                0x0000000008002868                EXTI0_IRQHandler
                0x0000000008002868                CAN1_RX0_IRQHandler
                0x0000000008002868                FPU_IRQHandler
                0x0000000008002868                TIM1_UP_TIM16_IRQHandler
                0x0000000008002868                SPI1_IRQHandler
                0x0000000008002868                TIM6_DAC_IRQHandler
                0x0000000008002868                DMA2_Channel2_IRQHandler
                0x0000000008002868                DMA1_Channel4_IRQHandler
                0x0000000008002868                ADC1_IRQHandler
                0x0000000008002868                DMA1_Channel7_IRQHandler
                0x0000000008002868                CAN1_RX1_IRQHandler
                0x0000000008002868                DMA2_Channel1_IRQHandler
                0x0000000008002868                QUADSPI_IRQHandler
                0x0000000008002868                I2C1_EV_IRQHandler
                0x0000000008002868                DMA1_Channel6_IRQHandler
                0x0000000008002868                DMA2_Channel4_IRQHandler
                0x0000000008002868                RCC_IRQHandler
                0x0000000008002868                TIM1_TRG_COM_IRQHandler
                0x0000000008002868                DMA1_Channel1_IRQHandler
                0x0000000008002868                Default_Handler
                0x0000000008002868                DMA2_Channel7_IRQHandler
                0x0000000008002868                EXTI15_10_IRQHandler
                0x0000000008002868                I2C3_EV_IRQHandler
                0x0000000008002868                USB_IRQHandler
                0x0000000008002868                EXTI9_5_IRQHandler
                0x0000000008002868                RTC_WKUP_IRQHandler
                0x0000000008002868                PVD_PVM_IRQHandler
                0x0000000008002868                CAN1_TX_IRQHandler
                0x0000000008002868                DMA2_Channel5_IRQHandler
                0x0000000008002868                CRS_IRQHandler
                0x0000000008002868                DMA1_Channel5_IRQHandler
                0x0000000008002868                EXTI4_IRQHandler
                0x0000000008002868                RNG_IRQHandler
                0x0000000008002868                DMA1_Channel3_IRQHandler
                0x0000000008002868                COMP_IRQHandler
                0x0000000008002868                WWDG_IRQHandler
                0x0000000008002868                LPUART1_IRQHandler
                0x0000000008002868                DMA2_Channel6_IRQHandler
                0x0000000008002868                TIM2_IRQHandler
                0x0000000008002868                EXTI1_IRQHandler
                0x0000000008002868                USART2_IRQHandler
                0x0000000008002868                DMA1_Channel2_IRQHandler
                0x0000000008002868                CAN1_SCE_IRQHandler
                0x0000000008002868                FLASH_IRQHandler
                0x0000000008002868                USART1_IRQHandler
                0x0000000008002868                SPI3_IRQHandler
                0x0000000008002868                I2C1_ER_IRQHandler
                0x0000000008002868                SWPMI1_IRQHandler
                0x0000000008002868                LPTIM1_IRQHandler
                0x0000000008002868                SAI1_IRQHandler
                0x0000000008002868                DMA2_Channel3_IRQHandler
                0x0000000008002868                TIM1_BRK_TIM15_IRQHandler
 .text.HAL_Init
                0x000000000800286a       0x30 ./Drivers/STM32L4xx_HAL_Driver/Src/stm32l4xx_hal.o
                0x000000000800286a                HAL_Init
 *fill*         0x000000000800289a        0x2 
 .text.HAL_InitTick
                0x000000000800289c       0x78 ./Drivers/STM32L4xx_HAL_Driver/Src/stm32l4xx_hal.o
                0x000000000800289c                HAL_InitTick
 .text.HAL_IncTick
                0x0000000008002914       0x28 ./Drivers/STM32L4xx_HAL_Driver/Src/stm32l4xx_hal.o
                0x0000000008002914                HAL_IncTick
 .text.HAL_GetTick
                0x000000000800293c       0x18 ./Drivers/STM32L4xx_HAL_Driver/Src/stm32l4xx_hal.o
                0x000000000800293c                HAL_GetTick
 .text.HAL_Delay
                0x0000000008002954       0x48 ./Drivers/STM32L4xx_HAL_Driver/Src/stm32l4xx_hal.o
                0x0000000008002954                HAL_Delay
 .text.HAL_CAN_Init
                0x000000000800299c      0x1f6 ./Drivers/STM32L4xx_HAL_Driver/Src/stm32l4xx_hal_can.o
                0x000000000800299c                HAL_CAN_Init
 .text.HAL_CAN_ConfigFilter
                0x0000000008002b92      0x194 ./Drivers/STM32L4xx_HAL_Driver/Src/stm32l4xx_hal_can.o
                0x0000000008002b92                HAL_CAN_ConfigFilter
 .text.HAL_CAN_Start
                0x0000000008002d26       0x88 ./Drivers/STM32L4xx_HAL_Driver/Src/stm32l4xx_hal_can.o
                0x0000000008002d26                HAL_CAN_Start
 .text.HAL_CAN_AddTxMessage
                0x0000000008002dae      0x1a0 ./Drivers/STM32L4xx_HAL_Driver/Src/stm32l4xx_hal_can.o
                0x0000000008002dae                HAL_CAN_AddTxMessage
 .text.HAL_CAN_GetRxMessage
                0x0000000008002f4e      0x224 ./Drivers/STM32L4xx_HAL_Driver/Src/stm32l4xx_hal_can.o
                0x0000000008002f4e                HAL_CAN_GetRxMessage
 .text.HAL_CAN_GetRxFifoFillLevel
                0x0000000008003172       0x50 ./Drivers/STM32L4xx_HAL_Driver/Src/stm32l4xx_hal_can.o
                0x0000000008003172                HAL_CAN_GetRxFifoFillLevel
 *fill*         0x00000000080031c2        0x2 
 .text.__NVIC_SetPriorityGrouping
                0x00000000080031c4       0x48 ./Drivers/STM32L4xx_HAL_Driver/Src/stm32l4xx_hal_cortex.o
 .text.__NVIC_GetPriorityGrouping
                0x000000000800320c       0x1c ./Drivers/STM32L4xx_HAL_Driver/Src/stm32l4xx_hal_cortex.o
 .text.__NVIC_EnableIRQ
                0x0000000008003228       0x3c ./Drivers/STM32L4xx_HAL_Driver/Src/stm32l4xx_hal_cortex.o
 .text.__NVIC_SetPriority
                0x0000000008003264       0x54 ./Drivers/STM32L4xx_HAL_Driver/Src/stm32l4xx_hal_cortex.o
 .text.NVIC_EncodePriority
                0x00000000080032b8       0x66 ./Drivers/STM32L4xx_HAL_Driver/Src/stm32l4xx_hal_cortex.o
 *fill*         0x000000000800331e        0x2 
 .text.SysTick_Config
                0x0000000008003320       0x44 ./Drivers/STM32L4xx_HAL_Driver/Src/stm32l4xx_hal_cortex.o
 .text.HAL_NVIC_SetPriorityGrouping
                0x0000000008003364       0x16 ./Drivers/STM32L4xx_HAL_Driver/Src/stm32l4xx_hal_cortex.o
                0x0000000008003364                HAL_NVIC_SetPriorityGrouping
 .text.HAL_NVIC_SetPriority
                0x000000000800337a       0x38 ./Drivers/STM32L4xx_HAL_Driver/Src/stm32l4xx_hal_cortex.o
                0x000000000800337a                HAL_NVIC_SetPriority
 .text.HAL_NVIC_EnableIRQ
                0x00000000080033b2       0x1c ./Drivers/STM32L4xx_HAL_Driver/Src/stm32l4xx_hal_cortex.o
                0x00000000080033b2                HAL_NVIC_EnableIRQ
 .text.HAL_SYSTICK_Config
                0x00000000080033ce       0x18 ./Drivers/STM32L4xx_HAL_Driver/Src/stm32l4xx_hal_cortex.o
                0x00000000080033ce                HAL_SYSTICK_Config
 *fill*         0x00000000080033e6        0x2 
 .text.HAL_GPIO_Init
                0x00000000080033e8      0x2d4 ./Drivers/STM32L4xx_HAL_Driver/Src/stm32l4xx_hal_gpio.o
                0x00000000080033e8                HAL_GPIO_Init
 .text.HAL_GPIO_WritePin
                0x00000000080036bc       0x30 ./Drivers/STM32L4xx_HAL_Driver/Src/stm32l4xx_hal_gpio.o
                0x00000000080036bc                HAL_GPIO_WritePin
 .text.HAL_PWR_EnableBkUpAccess
                0x00000000080036ec       0x20 ./Drivers/STM32L4xx_HAL_Driver/Src/stm32l4xx_hal_pwr.o
                0x00000000080036ec                HAL_PWR_EnableBkUpAccess
 .text.HAL_PWREx_GetVoltageRange
                0x000000000800370c       0x1c ./Drivers/STM32L4xx_HAL_Driver/Src/stm32l4xx_hal_pwr_ex.o
                0x000000000800370c                HAL_PWREx_GetVoltageRange
 .text.HAL_PWREx_ControlVoltageScaling
                0x0000000008003728       0xac ./Drivers/STM32L4xx_HAL_Driver/Src/stm32l4xx_hal_pwr_ex.o
                0x0000000008003728                HAL_PWREx_ControlVoltageScaling
 .text.HAL_RCC_OscConfig
                0x00000000080037d4      0x828 ./Drivers/STM32L4xx_HAL_Driver/Src/stm32l4xx_hal_rcc.o
                0x00000000080037d4                HAL_RCC_OscConfig
 .text.HAL_RCC_ClockConfig
                0x0000000008003ffc      0x200 ./Drivers/STM32L4xx_HAL_Driver/Src/stm32l4xx_hal_rcc.o
                0x0000000008003ffc                HAL_RCC_ClockConfig
 .text.HAL_RCC_GetSysClockFreq
                0x00000000080041fc      0x118 ./Drivers/STM32L4xx_HAL_Driver/Src/stm32l4xx_hal_rcc.o
                0x00000000080041fc                HAL_RCC_GetSysClockFreq
 .text.HAL_RCC_GetHCLKFreq
                0x0000000008004314       0x18 ./Drivers/STM32L4xx_HAL_Driver/Src/stm32l4xx_hal_rcc.o
                0x0000000008004314                HAL_RCC_GetHCLKFreq
 .text.HAL_RCC_GetPCLK1Freq
                0x000000000800432c       0x2c ./Drivers/STM32L4xx_HAL_Driver/Src/stm32l4xx_hal_rcc.o
                0x000000000800432c                HAL_RCC_GetPCLK1Freq
 .text.HAL_RCC_GetPCLK2Freq
                0x0000000008004358       0x2c ./Drivers/STM32L4xx_HAL_Driver/Src/stm32l4xx_hal_rcc.o
                0x0000000008004358                HAL_RCC_GetPCLK2Freq
 .text.RCC_SetFlashLatencyFromMSIRange
                0x0000000008004384       0xc0 ./Drivers/STM32L4xx_HAL_Driver/Src/stm32l4xx_hal_rcc.o
 .text.HAL_RCCEx_PeriphCLKConfig
                0x0000000008004444      0x3ec ./Drivers/STM32L4xx_HAL_Driver/Src/stm32l4xx_hal_rcc_ex.o
                0x0000000008004444                HAL_RCCEx_PeriphCLKConfig
 .text.HAL_RCCEx_EnableMSIPLLMode
                0x0000000008004830       0x20 ./Drivers/STM32L4xx_HAL_Driver/Src/stm32l4xx_hal_rcc_ex.o
                0x0000000008004830                HAL_RCCEx_EnableMSIPLLMode
 .text.RCCEx_PLLSAI1_Config
                0x0000000008004850      0x1e4 ./Drivers/STM32L4xx_HAL_Driver/Src/stm32l4xx_hal_rcc_ex.o
 .text.HAL_SPI_Init
                0x0000000008004a34      0x146 ./Drivers/STM32L4xx_HAL_Driver/Src/stm32l4xx_hal_spi.o
                0x0000000008004a34                HAL_SPI_Init
 .text.HAL_SPI_TransmitReceive
                0x0000000008004b7a      0x426 ./Drivers/STM32L4xx_HAL_Driver/Src/stm32l4xx_hal_spi.o
                0x0000000008004b7a                HAL_SPI_TransmitReceive
 .text.SPI_WaitFlagStateUntilTimeout
                0x0000000008004fa0      0x110 ./Drivers/STM32L4xx_HAL_Driver/Src/stm32l4xx_hal_spi.o
 .text.SPI_WaitFifoStateUntilTimeout
                0x00000000080050b0      0x12c ./Drivers/STM32L4xx_HAL_Driver/Src/stm32l4xx_hal_spi.o
 .text.SPI_EndRxTxTransaction
                0x00000000080051dc       0x8c ./Drivers/STM32L4xx_HAL_Driver/Src/stm32l4xx_hal_spi.o
 .text.HAL_TIM_Base_Init
                0x0000000008005268       0xae ./Drivers/STM32L4xx_HAL_Driver/Src/stm32l4xx_hal_tim.o
                0x0000000008005268                HAL_TIM_Base_Init
 *fill*         0x0000000008005316        0x2 
 .text.HAL_TIM_Base_Start
                0x0000000008005318       0x98 ./Drivers/STM32L4xx_HAL_Driver/Src/stm32l4xx_hal_tim.o
                0x0000000008005318                HAL_TIM_Base_Start
 .text.HAL_TIM_IRQHandler
                0x00000000080053b0      0x23e ./Drivers/STM32L4xx_HAL_Driver/Src/stm32l4xx_hal_tim.o
                0x00000000080053b0                HAL_TIM_IRQHandler
 .text.HAL_TIM_OC_DelayElapsedCallback
                0x00000000080055ee       0x14 ./Drivers/STM32L4xx_HAL_Driver/Src/stm32l4xx_hal_tim.o
                0x00000000080055ee                HAL_TIM_OC_DelayElapsedCallback
 .text.HAL_TIM_IC_CaptureCallback
                0x0000000008005602       0x14 ./Drivers/STM32L4xx_HAL_Driver/Src/stm32l4xx_hal_tim.o
                0x0000000008005602                HAL_TIM_IC_CaptureCallback
 .text.HAL_TIM_PWM_PulseFinishedCallback
                0x0000000008005616       0x14 ./Drivers/STM32L4xx_HAL_Driver/Src/stm32l4xx_hal_tim.o
                0x0000000008005616                HAL_TIM_PWM_PulseFinishedCallback
 .text.HAL_TIM_TriggerCallback
                0x000000000800562a       0x14 ./Drivers/STM32L4xx_HAL_Driver/Src/stm32l4xx_hal_tim.o
                0x000000000800562a                HAL_TIM_TriggerCallback
 *fill*         0x000000000800563e        0x2 
 .text.TIM_Base_SetConfig
                0x0000000008005640       0xc8 ./Drivers/STM32L4xx_HAL_Driver/Src/stm32l4xx_hal_tim.o
                0x0000000008005640                TIM_Base_SetConfig
 .text.HAL_TIMEx_MasterConfigSynchronization
                0x0000000008005708       0xcc ./Drivers/STM32L4xx_HAL_Driver/Src/stm32l4xx_hal_tim_ex.o
                0x0000000008005708                HAL_TIMEx_MasterConfigSynchronization
 .text.HAL_TIMEx_CommutCallback
                0x00000000080057d4       0x14 ./Drivers/STM32L4xx_HAL_Driver/Src/stm32l4xx_hal_tim_ex.o
                0x00000000080057d4                HAL_TIMEx_CommutCallback
 .text.HAL_TIMEx_BreakCallback
                0x00000000080057e8       0x14 ./Drivers/STM32L4xx_HAL_Driver/Src/stm32l4xx_hal_tim_ex.o
                0x00000000080057e8                HAL_TIMEx_BreakCallback
 .text.HAL_TIMEx_Break2Callback
                0x00000000080057fc       0x14 ./Drivers/STM32L4xx_HAL_Driver/Src/stm32l4xx_hal_tim_ex.o
                0x00000000080057fc                HAL_TIMEx_Break2Callback
 .text.HAL_UART_Init
                0x0000000008005810       0x9c ./Drivers/STM32L4xx_HAL_Driver/Src/stm32l4xx_hal_uart.o
                0x0000000008005810                HAL_UART_Init
 .text.HAL_UART_Transmit
                0x00000000080058ac      0x128 ./Drivers/STM32L4xx_HAL_Driver/Src/stm32l4xx_hal_uart.o
                0x00000000080058ac                HAL_UART_Transmit
 .text.UART_SetConfig
                0x00000000080059d4      0x458 ./Drivers/STM32L4xx_HAL_Driver/Src/stm32l4xx_hal_uart.o
                0x00000000080059d4                UART_SetConfig
 .text.UART_AdvFeatureConfig
                0x0000000008005e2c      0x144 ./Drivers/STM32L4xx_HAL_Driver/Src/stm32l4xx_hal_uart.o
                0x0000000008005e2c                UART_AdvFeatureConfig
 .text.UART_CheckIdleState
                0x0000000008005f70       0x92 ./Drivers/STM32L4xx_HAL_Driver/Src/stm32l4xx_hal_uart.o
                0x0000000008005f70                UART_CheckIdleState
 .text.UART_WaitOnFlagUntilTimeout
                0x0000000008006002      0x188 ./Drivers/STM32L4xx_HAL_Driver/Src/stm32l4xx_hal_uart.o
                0x0000000008006002                UART_WaitOnFlagUntilTimeout
 *fill*         0x000000000800618a        0x2 
 .text.__libc_init_array
                0x000000000800618c       0x48 c:/st/stm32cubeide_1.7.0/stm32cubeide/plugins/com.st.stm32cube.ide.mcu.externaltools.gnu-tools-for-stm32.10.3-2021.10.win32_1.0.200.202301161003/tools/bin/../lib/gcc/arm-none-eabi/10.3.1/../../../../arm-none-eabi/lib/thumb/v7e-m+fp/hard\libc_nano.a(lib_a-init.o)
                0x000000000800618c                __libc_init_array
 .text.memcpy   0x00000000080061d4       0x1c c:/st/stm32cubeide_1.7.0/stm32cubeide/plugins/com.st.stm32cube.ide.mcu.externaltools.gnu-tools-for-stm32.10.3-2021.10.win32_1.0.200.202301161003/tools/bin/../lib/gcc/arm-none-eabi/10.3.1/../../../../arm-none-eabi/lib/thumb/v7e-m+fp/hard\libc_nano.a(lib_a-memcpy-stub.o)
                0x00000000080061d4                memcpy
 .text.memset   0x00000000080061f0       0x10 c:/st/stm32cubeide_1.7.0/stm32cubeide/plugins/com.st.stm32cube.ide.mcu.externaltools.gnu-tools-for-stm32.10.3-2021.10.win32_1.0.200.202301161003/tools/bin/../lib/gcc/arm-none-eabi/10.3.1/../../../../arm-none-eabi/lib/thumb/v7e-m+fp/hard\libc_nano.a(lib_a-memset.o)
                0x00000000080061f0                memset
 *(.glue_7)
 .glue_7        0x0000000008006200        0x0 linker stubs
 *(.glue_7t)
 .glue_7t       0x0000000008006200        0x0 linker stubs
 *(.eh_frame)
 .eh_frame      0x0000000008006200        0x0 c:/st/stm32cubeide_1.7.0/stm32cubeide/plugins/com.st.stm32cube.ide.mcu.externaltools.gnu-tools-for-stm32.10.3-2021.10.win32_1.0.200.202301161003/tools/bin/../lib/gcc/arm-none-eabi/10.3.1/thumb/v7e-m+fp/hard/crtbegin.o
 *(.init)
 .init          0x0000000008006200        0x4 c:/st/stm32cubeide_1.7.0/stm32cubeide/plugins/com.st.stm32cube.ide.mcu.externaltools.gnu-tools-for-stm32.10.3-2021.10.win32_1.0.200.202301161003/tools/bin/../lib/gcc/arm-none-eabi/10.3.1/thumb/v7e-m+fp/hard/crti.o
                0x0000000008006200                _init
 .init          0x0000000008006204        0x8 c:/st/stm32cubeide_1.7.0/stm32cubeide/plugins/com.st.stm32cube.ide.mcu.externaltools.gnu-tools-for-stm32.10.3-2021.10.win32_1.0.200.202301161003/tools/bin/../lib/gcc/arm-none-eabi/10.3.1/thumb/v7e-m+fp/hard/crtn.o
 *(.fini)
 .fini          0x000000000800620c        0x4 c:/st/stm32cubeide_1.7.0/stm32cubeide/plugins/com.st.stm32cube.ide.mcu.externaltools.gnu-tools-for-stm32.10.3-2021.10.win32_1.0.200.202301161003/tools/bin/../lib/gcc/arm-none-eabi/10.3.1/thumb/v7e-m+fp/hard/crti.o
                0x000000000800620c                _fini
 .fini          0x0000000008006210        0x8 c:/st/stm32cubeide_1.7.0/stm32cubeide/plugins/com.st.stm32cube.ide.mcu.externaltools.gnu-tools-for-stm32.10.3-2021.10.win32_1.0.200.202301161003/tools/bin/../lib/gcc/arm-none-eabi/10.3.1/thumb/v7e-m+fp/hard/crtn.o
                0x0000000008006218                . = ALIGN (0x4)
                0x0000000008006218                _etext = .

.vfp11_veneer   0x0000000008006218        0x0
 .vfp11_veneer  0x0000000008006218        0x0 linker stubs

.v4_bx          0x0000000008006218        0x0
 .v4_bx         0x0000000008006218        0x0 linker stubs

.iplt           0x0000000008006218        0x0
 .iplt          0x0000000008006218        0x0 c:/st/stm32cubeide_1.7.0/stm32cubeide/plugins/com.st.stm32cube.ide.mcu.externaltools.gnu-tools-for-stm32.10.3-2021.10.win32_1.0.200.202301161003/tools/bin/../lib/gcc/arm-none-eabi/10.3.1/thumb/v7e-m+fp/hard/crtbegin.o

.rodata         0x0000000008006218       0xd4
                0x0000000008006218                . = ALIGN (0x4)
 *(.rodata)
 .rodata        0x0000000008006218       0x15 ./Core/Src/CAN_Bus.o
 *fill*         0x000000000800622d        0x3 
 .rodata        0x0000000008006230       0x58 ./Core/Src/battery.o
 *(.rodata*)
 .rodata.CFGAR  0x0000000008006288        0x6 ./Core/Src/SPI_MB.o
 *fill*         0x000000000800628e        0x2 
 .rodata.CFGBR  0x0000000008006290        0x6 ./Core/Src/SPI_MB.o
 *fill*         0x0000000008006296        0x2 
 .rodata.RDCV   0x0000000008006298        0x6 ./Core/Src/SPI_MB.o
 *fill*         0x000000000800629e        0x2 
 .rodata.RDAUX  0x00000000080062a0        0x4 ./Core/Src/SPI_MB.o
 .rodata.AHBPrescTable
                0x00000000080062a4       0x10 ./Core/Src/system_stm32l4xx.o
                0x00000000080062a4                AHBPrescTable
 .rodata.APBPrescTable
                0x00000000080062b4        0x8 ./Core/Src/system_stm32l4xx.o
                0x00000000080062b4                APBPrescTable
 .rodata.MSIRangeTable
                0x00000000080062bc       0x30 ./Core/Src/system_stm32l4xx.o
                0x00000000080062bc                MSIRangeTable
                0x00000000080062ec                . = ALIGN (0x4)

.ARM.extab      0x00000000080062ec        0x0
                0x00000000080062ec                . = ALIGN (0x4)
 *(.ARM.extab* .gnu.linkonce.armextab.*)
                0x00000000080062ec                . = ALIGN (0x4)

.ARM            0x00000000080062ec        0x8
                0x00000000080062ec                . = ALIGN (0x4)
                0x00000000080062ec                __exidx_start = .
 *(.ARM.exidx*)
 .ARM.exidx     0x00000000080062ec        0x8 c:/st/stm32cubeide_1.7.0/stm32cubeide/plugins/com.st.stm32cube.ide.mcu.externaltools.gnu-tools-for-stm32.10.3-2021.10.win32_1.0.200.202301161003/tools/bin/../lib/gcc/arm-none-eabi/10.3.1/thumb/v7e-m+fp/hard\libgcc.a(_udivmoddi4.o)
                0x00000000080062f4                __exidx_end = .
                0x00000000080062f4                . = ALIGN (0x4)

.rel.dyn        0x00000000080062f4        0x0
 .rel.iplt      0x00000000080062f4        0x0 c:/st/stm32cubeide_1.7.0/stm32cubeide/plugins/com.st.stm32cube.ide.mcu.externaltools.gnu-tools-for-stm32.10.3-2021.10.win32_1.0.200.202301161003/tools/bin/../lib/gcc/arm-none-eabi/10.3.1/thumb/v7e-m+fp/hard/crtbegin.o

.preinit_array  0x00000000080062f4        0x0
                0x00000000080062f4                . = ALIGN (0x4)
                0x00000000080062f4                PROVIDE (__preinit_array_start = .)
 *(.preinit_array*)
                0x00000000080062f4                PROVIDE (__preinit_array_end = .)
                0x00000000080062f4                . = ALIGN (0x4)

.init_array     0x00000000080062f4        0x4
                0x00000000080062f4                . = ALIGN (0x4)
                0x00000000080062f4                PROVIDE (__init_array_start = .)
 *(SORT_BY_NAME(.init_array.*))
 *(.init_array*)
 .init_array    0x00000000080062f4        0x4 c:/st/stm32cubeide_1.7.0/stm32cubeide/plugins/com.st.stm32cube.ide.mcu.externaltools.gnu-tools-for-stm32.10.3-2021.10.win32_1.0.200.202301161003/tools/bin/../lib/gcc/arm-none-eabi/10.3.1/thumb/v7e-m+fp/hard/crtbegin.o
                0x00000000080062f8                PROVIDE (__init_array_end = .)
                0x00000000080062f8                . = ALIGN (0x4)

.fini_array     0x00000000080062f8        0x4
                0x00000000080062f8                . = ALIGN (0x4)
                [!provide]                        PROVIDE (__fini_array_start = .)
 *(SORT_BY_NAME(.fini_array.*))
 *(.fini_array*)
 .fini_array    0x00000000080062f8        0x4 c:/st/stm32cubeide_1.7.0/stm32cubeide/plugins/com.st.stm32cube.ide.mcu.externaltools.gnu-tools-for-stm32.10.3-2021.10.win32_1.0.200.202301161003/tools/bin/../lib/gcc/arm-none-eabi/10.3.1/thumb/v7e-m+fp/hard/crtbegin.o
                [!provide]                        PROVIDE (__fini_array_end = .)
                0x00000000080062fc                . = ALIGN (0x4)
                0x00000000080062fc                _sidata = LOADADDR (.data)

.data           0x0000000020000000       0x10 load address 0x00000000080062fc
                0x0000000020000000                . = ALIGN (0x4)
                0x0000000020000000                _sdata = .
 *(.data)
 *(.data*)
 .data.error_counter
                0x0000000020000000        0x1 ./Core/Src/battery.o
 *fill*         0x0000000020000001        0x3 
 .data.SystemCoreClock
                0x0000000020000004        0x4 ./Core/Src/system_stm32l4xx.o
                0x0000000020000004                SystemCoreClock
 .data.uwTickPrio
                0x0000000020000008        0x4 ./Drivers/STM32L4xx_HAL_Driver/Src/stm32l4xx_hal.o
                0x0000000020000008                uwTickPrio
 .data.uwTickFreq
                0x000000002000000c        0x1 ./Drivers/STM32L4xx_HAL_Driver/Src/stm32l4xx_hal.o
                0x000000002000000c                uwTickFreq
 *(.RamFunc)
 *(.RamFunc*)
                0x0000000020000010                . = ALIGN (0x4)
 *fill*         0x000000002000000d        0x3 
                0x0000000020000010                _edata = .

.igot.plt       0x0000000020000010        0x0 load address 0x000000000800630c
 .igot.plt      0x0000000020000010        0x0 c:/st/stm32cubeide_1.7.0/stm32cubeide/plugins/com.st.stm32cube.ide.mcu.externaltools.gnu-tools-for-stm32.10.3-2021.10.win32_1.0.200.202301161003/tools/bin/../lib/gcc/arm-none-eabi/10.3.1/thumb/v7e-m+fp/hard/crtbegin.o
                0x0000000020000010                . = ALIGN (0x4)

.bss            0x0000000020000010      0x47c load address 0x000000000800630c
                0x0000000020000010                _sbss = .
                0x0000000020000010                __bss_start__ = _sbss
 *(.bss)
 .bss           0x0000000020000010       0x1c c:/st/stm32cubeide_1.7.0/stm32cubeide/plugins/com.st.stm32cube.ide.mcu.externaltools.gnu-tools-for-stm32.10.3-2021.10.win32_1.0.200.202301161003/tools/bin/../lib/gcc/arm-none-eabi/10.3.1/thumb/v7e-m+fp/hard/crtbegin.o
 *(.bss*)
 .bss.TxHeader.3
                0x000000002000002c       0x18 ./Core/Src/CAN_Bus.o
 .bss.TxMailbox.2
                0x0000000020000044       0x50 ./Core/Src/CAN_Bus.o
 .bss.TxHeader.1
                0x0000000020000094       0x18 ./Core/Src/CAN_Bus.o
 .bss.TxMailbox.0
                0x00000000200000ac       0x50 ./Core/Src/CAN_Bus.o
 .bss.battery_values
                0x00000000200000fc      0x1d8 ./Core/Src/battery.o
                0x00000000200000fc                battery_values
 *fill*         0x00000000200002d4        0x4 
 .bss.last_value.0
                0x00000000200002d8        0x8 ./Core/Src/battery.o
 .bss.hcan1     0x00000000200002e0       0x28 ./Core/Src/main.o
                0x00000000200002e0                hcan1
 .bss.hspi1     0x0000000020000308       0x64 ./Core/Src/main.o
                0x0000000020000308                hspi1
 .bss.htim6     0x000000002000036c       0x4c ./Core/Src/main.o
                0x000000002000036c                htim6
 .bss.htim7     0x00000000200003b8       0x4c ./Core/Src/main.o
                0x00000000200003b8                htim7
 .bss.huart2    0x0000000020000404       0x84 ./Core/Src/main.o
                0x0000000020000404                huart2
 .bss.uwTick    0x0000000020000488        0x4 ./Drivers/STM32L4xx_HAL_Driver/Src/stm32l4xx_hal.o
                0x0000000020000488                uwTick
 *(COMMON)
                0x000000002000048c                . = ALIGN (0x4)
                0x000000002000048c                _ebss = .
                0x000000002000048c                __bss_end__ = _ebss

._user_heap_stack
                0x000000002000048c      0x604 load address 0x000000000800630c
                0x0000000020000490                . = ALIGN (0x8)
 *fill*         0x000000002000048c        0x4 
                [!provide]                        PROVIDE (end = .)
                0x0000000020000490                PROVIDE (_end = .)
                0x0000000020000690                . = (. + _Min_Heap_Size)
 *fill*         0x0000000020000490      0x200 
                0x0000000020000a90                . = (. + _Min_Stack_Size)
 *fill*         0x0000000020000690      0x400 
                0x0000000020000a90                . = ALIGN (0x8)

/DISCARD/
 libc.a(*)
 libm.a(*)
 libgcc.a(*)

.ARM.attributes
                0x0000000000000000       0x30
 *(.ARM.attributes)
 .ARM.attributes
                0x0000000000000000       0x1e c:/st/stm32cubeide_1.7.0/stm32cubeide/plugins/com.st.stm32cube.ide.mcu.externaltools.gnu-tools-for-stm32.10.3-2021.10.win32_1.0.200.202301161003/tools/bin/../lib/gcc/arm-none-eabi/10.3.1/thumb/v7e-m+fp/hard/crti.o
 .ARM.attributes
                0x000000000000001e       0x34 c:/st/stm32cubeide_1.7.0/stm32cubeide/plugins/com.st.stm32cube.ide.mcu.externaltools.gnu-tools-for-stm32.10.3-2021.10.win32_1.0.200.202301161003/tools/bin/../lib/gcc/arm-none-eabi/10.3.1/thumb/v7e-m+fp/hard/crtbegin.o
 .ARM.attributes
                0x0000000000000052       0x34 ./Core/Src/CAN_Bus.o
 .ARM.attributes
                0x0000000000000086       0x34 ./Core/Src/SPI_MB.o
 .ARM.attributes
                0x00000000000000ba       0x34 ./Core/Src/battery.o
 .ARM.attributes
                0x00000000000000ee       0x34 ./Core/Src/main.o
 .ARM.attributes
                0x0000000000000122       0x34 ./Core/Src/serial_monitor.o
 .ARM.attributes
                0x0000000000000156       0x34 ./Core/Src/stm32l4xx_hal_msp.o
 .ARM.attributes
                0x000000000000018a       0x34 ./Core/Src/stm32l4xx_it.o
 .ARM.attributes
                0x00000000000001be       0x34 ./Core/Src/system_stm32l4xx.o
 .ARM.attributes
                0x00000000000001f2       0x21 ./Core/Startup/startup_stm32l432kcux.o
 .ARM.attributes
                0x0000000000000213       0x34 ./Drivers/STM32L4xx_HAL_Driver/Src/stm32l4xx_hal.o
 .ARM.attributes
                0x0000000000000247       0x34 ./Drivers/STM32L4xx_HAL_Driver/Src/stm32l4xx_hal_can.o
 .ARM.attributes
                0x000000000000027b       0x34 ./Drivers/STM32L4xx_HAL_Driver/Src/stm32l4xx_hal_cortex.o
 .ARM.attributes
                0x00000000000002af       0x34 ./Drivers/STM32L4xx_HAL_Driver/Src/stm32l4xx_hal_gpio.o
 .ARM.attributes
                0x00000000000002e3       0x34 ./Drivers/STM32L4xx_HAL_Driver/Src/stm32l4xx_hal_pwr.o
 .ARM.attributes
                0x0000000000000317       0x34 ./Drivers/STM32L4xx_HAL_Driver/Src/stm32l4xx_hal_pwr_ex.o
 .ARM.attributes
                0x000000000000034b       0x34 ./Drivers/STM32L4xx_HAL_Driver/Src/stm32l4xx_hal_rcc.o
 .ARM.attributes
                0x000000000000037f       0x34 ./Drivers/STM32L4xx_HAL_Driver/Src/stm32l4xx_hal_rcc_ex.o
 .ARM.attributes
                0x00000000000003b3       0x34 ./Drivers/STM32L4xx_HAL_Driver/Src/stm32l4xx_hal_spi.o
 .ARM.attributes
                0x00000000000003e7       0x34 ./Drivers/STM32L4xx_HAL_Driver/Src/stm32l4xx_hal_tim.o
 .ARM.attributes
                0x000000000000041b       0x34 ./Drivers/STM32L4xx_HAL_Driver/Src/stm32l4xx_hal_tim_ex.o
 .ARM.attributes
                0x000000000000044f       0x34 ./Drivers/STM32L4xx_HAL_Driver/Src/stm32l4xx_hal_uart.o
 .ARM.attributes
                0x0000000000000483       0x34 c:/st/stm32cubeide_1.7.0/stm32cubeide/plugins/com.st.stm32cube.ide.mcu.externaltools.gnu-tools-for-stm32.10.3-2021.10.win32_1.0.200.202301161003/tools/bin/../lib/gcc/arm-none-eabi/10.3.1/../../../../arm-none-eabi/lib/thumb/v7e-m+fp/hard\libc_nano.a(lib_a-init.o)
 .ARM.attributes
                0x00000000000004b7       0x34 c:/st/stm32cubeide_1.7.0/stm32cubeide/plugins/com.st.stm32cube.ide.mcu.externaltools.gnu-tools-for-stm32.10.3-2021.10.win32_1.0.200.202301161003/tools/bin/../lib/gcc/arm-none-eabi/10.3.1/../../../../arm-none-eabi/lib/thumb/v7e-m+fp/hard\libc_nano.a(lib_a-memcpy-stub.o)
 .ARM.attributes
                0x00000000000004eb       0x34 c:/st/stm32cubeide_1.7.0/stm32cubeide/plugins/com.st.stm32cube.ide.mcu.externaltools.gnu-tools-for-stm32.10.3-2021.10.win32_1.0.200.202301161003/tools/bin/../lib/gcc/arm-none-eabi/10.3.1/../../../../arm-none-eabi/lib/thumb/v7e-m+fp/hard\libc_nano.a(lib_a-memset.o)
 .ARM.attributes
                0x000000000000051f       0x1e c:/st/stm32cubeide_1.7.0/stm32cubeide/plugins/com.st.stm32cube.ide.mcu.externaltools.gnu-tools-for-stm32.10.3-2021.10.win32_1.0.200.202301161003/tools/bin/../lib/gcc/arm-none-eabi/10.3.1/thumb/v7e-m+fp/hard\libgcc.a(_arm_muldf3.o)
 .ARM.attributes
                0x000000000000053d       0x1e c:/st/stm32cubeide_1.7.0/stm32cubeide/plugins/com.st.stm32cube.ide.mcu.externaltools.gnu-tools-for-stm32.10.3-2021.10.win32_1.0.200.202301161003/tools/bin/../lib/gcc/arm-none-eabi/10.3.1/thumb/v7e-m+fp/hard\libgcc.a(_arm_addsubdf3.o)
 .ARM.attributes
                0x000000000000055b       0x1e c:/st/stm32cubeide_1.7.0/stm32cubeide/plugins/com.st.stm32cube.ide.mcu.externaltools.gnu-tools-for-stm32.10.3-2021.10.win32_1.0.200.202301161003/tools/bin/../lib/gcc/arm-none-eabi/10.3.1/thumb/v7e-m+fp/hard\libgcc.a(_arm_fixunsdfsi.o)
 .ARM.attributes
                0x0000000000000579       0x1e c:/st/stm32cubeide_1.7.0/stm32cubeide/plugins/com.st.stm32cube.ide.mcu.externaltools.gnu-tools-for-stm32.10.3-2021.10.win32_1.0.200.202301161003/tools/bin/../lib/gcc/arm-none-eabi/10.3.1/thumb/v7e-m+fp/hard\libgcc.a(_aeabi_uldivmod.o)
 .ARM.attributes
                0x0000000000000597       0x34 c:/st/stm32cubeide_1.7.0/stm32cubeide/plugins/com.st.stm32cube.ide.mcu.externaltools.gnu-tools-for-stm32.10.3-2021.10.win32_1.0.200.202301161003/tools/bin/../lib/gcc/arm-none-eabi/10.3.1/thumb/v7e-m+fp/hard\libgcc.a(_udivmoddi4.o)
 .ARM.attributes
                0x00000000000005cb       0x1e c:/st/stm32cubeide_1.7.0/stm32cubeide/plugins/com.st.stm32cube.ide.mcu.externaltools.gnu-tools-for-stm32.10.3-2021.10.win32_1.0.200.202301161003/tools/bin/../lib/gcc/arm-none-eabi/10.3.1/thumb/v7e-m+fp/hard\libgcc.a(_dvmd_tls.o)
 .ARM.attributes
                0x00000000000005e9       0x1e c:/st/stm32cubeide_1.7.0/stm32cubeide/plugins/com.st.stm32cube.ide.mcu.externaltools.gnu-tools-for-stm32.10.3-2021.10.win32_1.0.200.202301161003/tools/bin/../lib/gcc/arm-none-eabi/10.3.1/thumb/v7e-m+fp/hard/crtn.o
OUTPUT(AMS-CB.elf elf32-littlearm)
LOAD linker stubs
LOAD c:/st/stm32cubeide_1.7.0/stm32cubeide/plugins/com.st.stm32cube.ide.mcu.externaltools.gnu-tools-for-stm32.10.3-2021.10.win32_1.0.200.202301161003/tools/bin/../lib/gcc/arm-none-eabi/10.3.1/../../../../arm-none-eabi/lib/thumb/v7e-m+fp/hard\libc.a
LOAD c:/st/stm32cubeide_1.7.0/stm32cubeide/plugins/com.st.stm32cube.ide.mcu.externaltools.gnu-tools-for-stm32.10.3-2021.10.win32_1.0.200.202301161003/tools/bin/../lib/gcc/arm-none-eabi/10.3.1/../../../../arm-none-eabi/lib/thumb/v7e-m+fp/hard\libm.a
LOAD c:/st/stm32cubeide_1.7.0/stm32cubeide/plugins/com.st.stm32cube.ide.mcu.externaltools.gnu-tools-for-stm32.10.3-2021.10.win32_1.0.200.202301161003/tools/bin/../lib/gcc/arm-none-eabi/10.3.1/thumb/v7e-m+fp/hard\libgcc.a

.debug_info     0x0000000000000000    0x1663e
 .debug_info    0x0000000000000000      0xafa ./Core/Src/CAN_Bus.o
 .debug_info    0x0000000000000afa      0xeb0 ./Core/Src/SPI_MB.o
 .debug_info    0x00000000000019aa      0x87a ./Core/Src/battery.o
 .debug_info    0x0000000000002224     0x1c83 ./Core/Src/main.o
 .debug_info    0x0000000000003ea7      0x81c ./Core/Src/serial_monitor.o
 .debug_info    0x00000000000046c3     0x1a55 ./Core/Src/stm32l4xx_hal_msp.o
 .debug_info    0x0000000000006118      0x760 ./Core/Src/stm32l4xx_it.o
 .debug_info    0x0000000000006878      0x5d0 ./Core/Src/system_stm32l4xx.o
 .debug_info    0x0000000000006e48       0x22 ./Core/Startup/startup_stm32l432kcux.o
 .debug_info    0x0000000000006e6a      0x9d6 ./Drivers/STM32L4xx_HAL_Driver/Src/stm32l4xx_hal.o
 .debug_info    0x0000000000007840     0x101a ./Drivers/STM32L4xx_HAL_Driver/Src/stm32l4xx_hal_can.o
 .debug_info    0x000000000000885a      0xd9f ./Drivers/STM32L4xx_HAL_Driver/Src/stm32l4xx_hal_cortex.o
 .debug_info    0x00000000000095f9      0x81d ./Drivers/STM32L4xx_HAL_Driver/Src/stm32l4xx_hal_gpio.o
 .debug_info    0x0000000000009e16      0x95a ./Drivers/STM32L4xx_HAL_Driver/Src/stm32l4xx_hal_pwr.o
 .debug_info    0x000000000000a770      0x967 ./Drivers/STM32L4xx_HAL_Driver/Src/stm32l4xx_hal_pwr_ex.o
 .debug_info    0x000000000000b0d7      0xc93 ./Drivers/STM32L4xx_HAL_Driver/Src/stm32l4xx_hal_rcc.o
 .debug_info    0x000000000000bd6a      0xf57 ./Drivers/STM32L4xx_HAL_Driver/Src/stm32l4xx_hal_rcc_ex.o
 .debug_info    0x000000000000ccc1     0x177e ./Drivers/STM32L4xx_HAL_Driver/Src/stm32l4xx_hal_spi.o
 .debug_info    0x000000000000e43f     0x2d00 ./Drivers/STM32L4xx_HAL_Driver/Src/stm32l4xx_hal_tim.o
 .debug_info    0x000000000001113f     0x17e7 ./Drivers/STM32L4xx_HAL_Driver/Src/stm32l4xx_hal_tim_ex.o
 .debug_info    0x0000000000012926     0x3d18 ./Drivers/STM32L4xx_HAL_Driver/Src/stm32l4xx_hal_uart.o

.debug_abbrev   0x0000000000000000     0x2d23
 .debug_abbrev  0x0000000000000000      0x26c ./Core/Src/CAN_Bus.o
 .debug_abbrev  0x000000000000026c      0x249 ./Core/Src/SPI_MB.o
 .debug_abbrev  0x00000000000004b5      0x263 ./Core/Src/battery.o
 .debug_abbrev  0x0000000000000718      0x361 ./Core/Src/main.o
 .debug_abbrev  0x0000000000000a79      0x1bf ./Core/Src/serial_monitor.o
 .debug_abbrev  0x0000000000000c38      0x24d ./Core/Src/stm32l4xx_hal_msp.o
 .debug_abbrev  0x0000000000000e85      0x181 ./Core/Src/stm32l4xx_it.o
 .debug_abbrev  0x0000000000001006      0x113 ./Core/Src/system_stm32l4xx.o
 .debug_abbrev  0x0000000000001119       0x12 ./Core/Startup/startup_stm32l432kcux.o
 .debug_abbrev  0x000000000000112b      0x21b ./Drivers/STM32L4xx_HAL_Driver/Src/stm32l4xx_hal.o
 .debug_abbrev  0x0000000000001346      0x238 ./Drivers/STM32L4xx_HAL_Driver/Src/stm32l4xx_hal_can.o
 .debug_abbrev  0x000000000000157e      0x313 ./Drivers/STM32L4xx_HAL_Driver/Src/stm32l4xx_hal_cortex.o
 .debug_abbrev  0x0000000000001891      0x1b8 ./Drivers/STM32L4xx_HAL_Driver/Src/stm32l4xx_hal_gpio.o
 .debug_abbrev  0x0000000000001a49      0x1c6 ./Drivers/STM32L4xx_HAL_Driver/Src/stm32l4xx_hal_pwr.o
 .debug_abbrev  0x0000000000001c0f      0x1f0 ./Drivers/STM32L4xx_HAL_Driver/Src/stm32l4xx_hal_pwr_ex.o
 .debug_abbrev  0x0000000000001dff      0x2ba ./Drivers/STM32L4xx_HAL_Driver/Src/stm32l4xx_hal_rcc.o
 .debug_abbrev  0x00000000000020b9      0x296 ./Drivers/STM32L4xx_HAL_Driver/Src/stm32l4xx_hal_rcc_ex.o
 .debug_abbrev  0x000000000000234f      0x251 ./Drivers/STM32L4xx_HAL_Driver/Src/stm32l4xx_hal_spi.o
 .debug_abbrev  0x00000000000025a0      0x261 ./Drivers/STM32L4xx_HAL_Driver/Src/stm32l4xx_hal_tim.o
 .debug_abbrev  0x0000000000002801      0x269 ./Drivers/STM32L4xx_HAL_Driver/Src/stm32l4xx_hal_tim_ex.o
 .debug_abbrev  0x0000000000002a6a      0x2b9 ./Drivers/STM32L4xx_HAL_Driver/Src/stm32l4xx_hal_uart.o

.debug_aranges  0x0000000000000000     0x1340
 .debug_aranges
                0x0000000000000000       0x58 ./Core/Src/CAN_Bus.o
 .debug_aranges
                0x0000000000000058       0x70 ./Core/Src/SPI_MB.o
 .debug_aranges
                0x00000000000000c8       0x80 ./Core/Src/battery.o
 .debug_aranges
                0x0000000000000148       0x68 ./Core/Src/main.o
 .debug_aranges
                0x00000000000001b0       0x28 ./Core/Src/serial_monitor.o
 .debug_aranges
                0x00000000000001d8       0x60 ./Core/Src/stm32l4xx_hal_msp.o
 .debug_aranges
                0x0000000000000238       0x68 ./Core/Src/stm32l4xx_it.o
 .debug_aranges
                0x00000000000002a0       0x28 ./Core/Src/system_stm32l4xx.o
 .debug_aranges
                0x00000000000002c8       0x28 ./Core/Startup/startup_stm32l432kcux.o
 .debug_aranges
                0x00000000000002f0      0x108 ./Drivers/STM32L4xx_HAL_Driver/Src/stm32l4xx_hal.o
 .debug_aranges
                0x00000000000003f8      0x138 ./Drivers/STM32L4xx_HAL_Driver/Src/stm32l4xx_hal_can.o
 .debug_aranges
                0x0000000000000530      0x118 ./Drivers/STM32L4xx_HAL_Driver/Src/stm32l4xx_hal_cortex.o
 .debug_aranges
                0x0000000000000648       0x58 ./Drivers/STM32L4xx_HAL_Driver/Src/stm32l4xx_hal_gpio.o
 .debug_aranges
                0x00000000000006a0       0x98 ./Drivers/STM32L4xx_HAL_Driver/Src/stm32l4xx_hal_pwr.o
 .debug_aranges
                0x0000000000000738      0x128 ./Drivers/STM32L4xx_HAL_Driver/Src/stm32l4xx_hal_pwr_ex.o
 .debug_aranges
                0x0000000000000860       0x90 ./Drivers/STM32L4xx_HAL_Driver/Src/stm32l4xx_hal_rcc.o
 .debug_aranges
                0x00000000000008f0       0xf0 ./Drivers/STM32L4xx_HAL_Driver/Src/stm32l4xx_hal_rcc_ex.o
 .debug_aranges
                0x00000000000009e0      0x1d8 ./Drivers/STM32L4xx_HAL_Driver/Src/stm32l4xx_hal_spi.o
 .debug_aranges
                0x0000000000000bb8      0x3e0 ./Drivers/STM32L4xx_HAL_Driver/Src/stm32l4xx_hal_tim.o
 .debug_aranges
                0x0000000000000f98      0x180 ./Drivers/STM32L4xx_HAL_Driver/Src/stm32l4xx_hal_tim_ex.o
 .debug_aranges
                0x0000000000001118      0x228 ./Drivers/STM32L4xx_HAL_Driver/Src/stm32l4xx_hal_uart.o

.debug_ranges   0x0000000000000000     0x1228
 .debug_ranges  0x0000000000000000       0x48 ./Core/Src/CAN_Bus.o
 .debug_ranges  0x0000000000000048       0x60 ./Core/Src/SPI_MB.o
 .debug_ranges  0x00000000000000a8       0x70 ./Core/Src/battery.o
 .debug_ranges  0x0000000000000118       0x58 ./Core/Src/main.o
 .debug_ranges  0x0000000000000170       0x18 ./Core/Src/serial_monitor.o
 .debug_ranges  0x0000000000000188       0x50 ./Core/Src/stm32l4xx_hal_msp.o
 .debug_ranges  0x00000000000001d8       0x58 ./Core/Src/stm32l4xx_it.o
 .debug_ranges  0x0000000000000230       0x18 ./Core/Src/system_stm32l4xx.o
 .debug_ranges  0x0000000000000248       0x20 ./Core/Startup/startup_stm32l432kcux.o
 .debug_ranges  0x0000000000000268       0xf8 ./Drivers/STM32L4xx_HAL_Driver/Src/stm32l4xx_hal.o
 .debug_ranges  0x0000000000000360      0x128 ./Drivers/STM32L4xx_HAL_Driver/Src/stm32l4xx_hal_can.o
 .debug_ranges  0x0000000000000488      0x108 ./Drivers/STM32L4xx_HAL_Driver/Src/stm32l4xx_hal_cortex.o
 .debug_ranges  0x0000000000000590       0x48 ./Drivers/STM32L4xx_HAL_Driver/Src/stm32l4xx_hal_gpio.o
 .debug_ranges  0x00000000000005d8       0x88 ./Drivers/STM32L4xx_HAL_Driver/Src/stm32l4xx_hal_pwr.o
 .debug_ranges  0x0000000000000660      0x118 ./Drivers/STM32L4xx_HAL_Driver/Src/stm32l4xx_hal_pwr_ex.o
 .debug_ranges  0x0000000000000778       0x80 ./Drivers/STM32L4xx_HAL_Driver/Src/stm32l4xx_hal_rcc.o
 .debug_ranges  0x00000000000007f8       0xe0 ./Drivers/STM32L4xx_HAL_Driver/Src/stm32l4xx_hal_rcc_ex.o
 .debug_ranges  0x00000000000008d8      0x1c8 ./Drivers/STM32L4xx_HAL_Driver/Src/stm32l4xx_hal_spi.o
 .debug_ranges  0x0000000000000aa0      0x3d0 ./Drivers/STM32L4xx_HAL_Driver/Src/stm32l4xx_hal_tim.o
 .debug_ranges  0x0000000000000e70      0x170 ./Drivers/STM32L4xx_HAL_Driver/Src/stm32l4xx_hal_tim_ex.o
 .debug_ranges  0x0000000000000fe0      0x248 ./Drivers/STM32L4xx_HAL_Driver/Src/stm32l4xx_hal_uart.o

.debug_line     0x0000000000000000    0x10bbe
 .debug_line    0x0000000000000000      0x4c2 ./Core/Src/CAN_Bus.o
 .debug_line    0x00000000000004c2      0xc3f ./Core/Src/SPI_MB.o
 .debug_line    0x0000000000001101      0x624 ./Core/Src/battery.o
 .debug_line    0x0000000000001725      0x687 ./Core/Src/main.o
 .debug_line    0x0000000000001dac      0x368 ./Core/Src/serial_monitor.o
 .debug_line    0x0000000000002114      0x4b1 ./Core/Src/stm32l4xx_hal_msp.o
 .debug_line    0x00000000000025c5      0x362 ./Core/Src/stm32l4xx_it.o
 .debug_line    0x0000000000002927      0x2fc ./Core/Src/system_stm32l4xx.o
 .debug_line    0x0000000000002c23       0x88 ./Core/Startup/startup_stm32l432kcux.o
 .debug_line    0x0000000000002cab      0x629 ./Drivers/STM32L4xx_HAL_Driver/Src/stm32l4xx_hal.o
 .debug_line    0x00000000000032d4      0xd0f ./Drivers/STM32L4xx_HAL_Driver/Src/stm32l4xx_hal_can.o
 .debug_line    0x0000000000003fe3      0x841 ./Drivers/STM32L4xx_HAL_Driver/Src/stm32l4xx_hal_cortex.o
 .debug_line    0x0000000000004824      0x661 ./Drivers/STM32L4xx_HAL_Driver/Src/stm32l4xx_hal_gpio.o
 .debug_line    0x0000000000004e85      0x496 ./Drivers/STM32L4xx_HAL_Driver/Src/stm32l4xx_hal_pwr.o
 .debug_line    0x000000000000531b      0x7bf ./Drivers/STM32L4xx_HAL_Driver/Src/stm32l4xx_hal_pwr_ex.o
 .debug_line    0x0000000000005ada      0xb8b ./Drivers/STM32L4xx_HAL_Driver/Src/stm32l4xx_hal_rcc.o
 .debug_line    0x0000000000006665      0xebc ./Drivers/STM32L4xx_HAL_Driver/Src/stm32l4xx_hal_rcc_ex.o
 .debug_line    0x0000000000007521     0x1af2 ./Drivers/STM32L4xx_HAL_Driver/Src/stm32l4xx_hal_spi.o
 .debug_line    0x0000000000009013     0x36e6 ./Drivers/STM32L4xx_HAL_Driver/Src/stm32l4xx_hal_tim.o
 .debug_line    0x000000000000c6f9     0x16b7 ./Drivers/STM32L4xx_HAL_Driver/Src/stm32l4xx_hal_tim_ex.o
 .debug_line    0x000000000000ddb0     0x2e0e ./Drivers/STM32L4xx_HAL_Driver/Src/stm32l4xx_hal_uart.o

.debug_str      0x0000000000000000     0x5c3a
 .debug_str     0x0000000000000000      0x76c ./Core/Src/CAN_Bus.o
                                        0x829 (size before relaxing)
 .debug_str     0x000000000000076c      0x4ec ./Core/Src/SPI_MB.o
                                        0x78f (size before relaxing)
 .debug_str     0x0000000000000c58      0x182 ./Core/Src/battery.o
                                        0x5bb (size before relaxing)
 .debug_str     0x0000000000000dda      0xa23 ./Core/Src/main.o
                                       0x153b (size before relaxing)
 .debug_str     0x00000000000017fd       0x5c ./Core/Src/serial_monitor.o
                                        0x6c4 (size before relaxing)
 .debug_str     0x0000000000001859      0x6a9 ./Core/Src/stm32l4xx_hal_msp.o
                                       0x154a (size before relaxing)
 .debug_str     0x0000000000001f02       0xda ./Core/Src/stm32l4xx_it.o
                                        0x77d (size before relaxing)
 .debug_str     0x0000000000001fdc       0xf2 ./Core/Src/system_stm32l4xx.o
                                        0x3ef (size before relaxing)
 .debug_str     0x00000000000020ce       0x36 ./Core/Startup/startup_stm32l432kcux.o
                                         0x65 (size before relaxing)
 .debug_str     0x0000000000002104      0x3be ./Drivers/STM32L4xx_HAL_Driver/Src/stm32l4xx_hal.o
                                        0xb22 (size before relaxing)
 .debug_str     0x00000000000024c2      0x3e4 ./Drivers/STM32L4xx_HAL_Driver/Src/stm32l4xx_hal_can.o
                                        0xa64 (size before relaxing)
 .debug_str     0x00000000000028a6      0x413 ./Drivers/STM32L4xx_HAL_Driver/Src/stm32l4xx_hal_cortex.o
                                        0xb1d (size before relaxing)
 .debug_str     0x0000000000002cb9      0x111 ./Drivers/STM32L4xx_HAL_Driver/Src/stm32l4xx_hal_gpio.o
                                        0x551 (size before relaxing)
 .debug_str     0x0000000000002dca      0x2af ./Drivers/STM32L4xx_HAL_Driver/Src/stm32l4xx_hal_pwr.o
                                        0x6a3 (size before relaxing)
 .debug_str     0x0000000000003079      0x3c3 ./Drivers/STM32L4xx_HAL_Driver/Src/stm32l4xx_hal_pwr_ex.o
                                        0x7b2 (size before relaxing)
 .debug_str     0x000000000000343c      0x217 ./Drivers/STM32L4xx_HAL_Driver/Src/stm32l4xx_hal_rcc.o
                                        0x86c (size before relaxing)
 .debug_str     0x0000000000003653      0x42a ./Drivers/STM32L4xx_HAL_Driver/Src/stm32l4xx_hal_rcc_ex.o
                                        0xb72 (size before relaxing)
 .debug_str     0x0000000000003a7d      0x577 ./Drivers/STM32L4xx_HAL_Driver/Src/stm32l4xx_hal_spi.o
                                        0xbf4 (size before relaxing)
 .debug_str     0x0000000000003ff4      0xef6 ./Drivers/STM32L4xx_HAL_Driver/Src/stm32l4xx_hal_tim.o
                                       0x171c (size before relaxing)
 .debug_str     0x0000000000004eea      0x5e3 ./Drivers/STM32L4xx_HAL_Driver/Src/stm32l4xx_hal_tim_ex.o
                                       0x1040 (size before relaxing)
 .debug_str     0x00000000000054cd      0x76d ./Drivers/STM32L4xx_HAL_Driver/Src/stm32l4xx_hal_uart.o
                                        0xff1 (size before relaxing)

.comment        0x0000000000000000       0x50
 .comment       0x0000000000000000       0x50 ./Core/Src/CAN_Bus.o
                                         0x51 (size before relaxing)
 .comment       0x0000000000000050       0x51 ./Core/Src/SPI_MB.o
 .comment       0x0000000000000050       0x51 ./Core/Src/battery.o
 .comment       0x0000000000000050       0x51 ./Core/Src/main.o
 .comment       0x0000000000000050       0x51 ./Core/Src/serial_monitor.o
 .comment       0x0000000000000050       0x51 ./Core/Src/stm32l4xx_hal_msp.o
 .comment       0x0000000000000050       0x51 ./Core/Src/stm32l4xx_it.o
 .comment       0x0000000000000050       0x51 ./Core/Src/system_stm32l4xx.o
 .comment       0x0000000000000050       0x51 ./Drivers/STM32L4xx_HAL_Driver/Src/stm32l4xx_hal.o
 .comment       0x0000000000000050       0x51 ./Drivers/STM32L4xx_HAL_Driver/Src/stm32l4xx_hal_can.o
 .comment       0x0000000000000050       0x51 ./Drivers/STM32L4xx_HAL_Driver/Src/stm32l4xx_hal_cortex.o
 .comment       0x0000000000000050       0x51 ./Drivers/STM32L4xx_HAL_Driver/Src/stm32l4xx_hal_gpio.o
 .comment       0x0000000000000050       0x51 ./Drivers/STM32L4xx_HAL_Driver/Src/stm32l4xx_hal_pwr.o
 .comment       0x0000000000000050       0x51 ./Drivers/STM32L4xx_HAL_Driver/Src/stm32l4xx_hal_pwr_ex.o
 .comment       0x0000000000000050       0x51 ./Drivers/STM32L4xx_HAL_Driver/Src/stm32l4xx_hal_rcc.o
 .comment       0x0000000000000050       0x51 ./Drivers/STM32L4xx_HAL_Driver/Src/stm32l4xx_hal_rcc_ex.o
 .comment       0x0000000000000050       0x51 ./Drivers/STM32L4xx_HAL_Driver/Src/stm32l4xx_hal_spi.o
 .comment       0x0000000000000050       0x51 ./Drivers/STM32L4xx_HAL_Driver/Src/stm32l4xx_hal_tim.o
 .comment       0x0000000000000050       0x51 ./Drivers/STM32L4xx_HAL_Driver/Src/stm32l4xx_hal_tim_ex.o
 .comment       0x0000000000000050       0x51 ./Drivers/STM32L4xx_HAL_Driver/Src/stm32l4xx_hal_uart.o

.debug_frame    0x0000000000000000     0x5280
 .debug_frame   0x0000000000000000      0x130 ./Core/Src/CAN_Bus.o
 .debug_frame   0x0000000000000130      0x1b4 ./Core/Src/SPI_MB.o
 .debug_frame   0x00000000000002e4      0x1ec ./Core/Src/battery.o
 .debug_frame   0x00000000000004d0      0x160 ./Core/Src/main.o
 .debug_frame   0x0000000000000630       0x68 ./Core/Src/serial_monitor.o
 .debug_frame   0x0000000000000698      0x15c ./Core/Src/stm32l4xx_hal_msp.o
 .debug_frame   0x00000000000007f4      0x120 ./Core/Src/stm32l4xx_it.o
 .debug_frame   0x0000000000000914       0x58 ./Core/Src/system_stm32l4xx.o
 .debug_frame   0x000000000000096c      0x3dc ./Drivers/STM32L4xx_HAL_Driver/Src/stm32l4xx_hal.o
 .debug_frame   0x0000000000000d48      0x5a0 ./Drivers/STM32L4xx_HAL_Driver/Src/stm32l4xx_hal_can.o
 .debug_frame   0x00000000000012e8      0x498 ./Drivers/STM32L4xx_HAL_Driver/Src/stm32l4xx_hal_cortex.o
 .debug_frame   0x0000000000001780      0x14c ./Drivers/STM32L4xx_HAL_Driver/Src/stm32l4xx_hal_gpio.o
 .debug_frame   0x00000000000018cc      0x230 ./Drivers/STM32L4xx_HAL_Driver/Src/stm32l4xx_hal_pwr.o
 .debug_frame   0x0000000000001afc      0x4a4 ./Drivers/STM32L4xx_HAL_Driver/Src/stm32l4xx_hal_pwr_ex.o
 .debug_frame   0x0000000000001fa0      0x21c ./Drivers/STM32L4xx_HAL_Driver/Src/stm32l4xx_hal_rcc.o
 .debug_frame   0x00000000000021bc      0x3d0 ./Drivers/STM32L4xx_HAL_Driver/Src/stm32l4xx_hal_rcc_ex.o
 .debug_frame   0x000000000000258c      0x860 ./Drivers/STM32L4xx_HAL_Driver/Src/stm32l4xx_hal_spi.o
 .debug_frame   0x0000000000002dec     0x121c ./Drivers/STM32L4xx_HAL_Driver/Src/stm32l4xx_hal_tim.o
 .debug_frame   0x0000000000004008      0x6b0 ./Drivers/STM32L4xx_HAL_Driver/Src/stm32l4xx_hal_tim_ex.o
 .debug_frame   0x00000000000046b8      0x9f4 ./Drivers/STM32L4xx_HAL_Driver/Src/stm32l4xx_hal_uart.o
 .debug_frame   0x00000000000050ac       0x2c c:/st/stm32cubeide_1.7.0/stm32cubeide/plugins/com.st.stm32cube.ide.mcu.externaltools.gnu-tools-for-stm32.10.3-2021.10.win32_1.0.200.202301161003/tools/bin/../lib/gcc/arm-none-eabi/10.3.1/../../../../arm-none-eabi/lib/thumb/v7e-m+fp/hard\libc_nano.a(lib_a-init.o)
 .debug_frame   0x00000000000050d8       0x28 c:/st/stm32cubeide_1.7.0/stm32cubeide/plugins/com.st.stm32cube.ide.mcu.externaltools.gnu-tools-for-stm32.10.3-2021.10.win32_1.0.200.202301161003/tools/bin/../lib/gcc/arm-none-eabi/10.3.1/../../../../arm-none-eabi/lib/thumb/v7e-m+fp/hard\libc_nano.a(lib_a-memcpy-stub.o)
 .debug_frame   0x0000000000005100       0x20 c:/st/stm32cubeide_1.7.0/stm32cubeide/plugins/com.st.stm32cube.ide.mcu.externaltools.gnu-tools-for-stm32.10.3-2021.10.win32_1.0.200.202301161003/tools/bin/../lib/gcc/arm-none-eabi/10.3.1/../../../../arm-none-eabi/lib/thumb/v7e-m+fp/hard\libc_nano.a(lib_a-memset.o)
 .debug_frame   0x0000000000005120       0x30 c:/st/stm32cubeide_1.7.0/stm32cubeide/plugins/com.st.stm32cube.ide.mcu.externaltools.gnu-tools-for-stm32.10.3-2021.10.win32_1.0.200.202301161003/tools/bin/../lib/gcc/arm-none-eabi/10.3.1/thumb/v7e-m+fp/hard\libgcc.a(_arm_muldf3.o)
 .debug_frame   0x0000000000005150       0xac c:/st/stm32cubeide_1.7.0/stm32cubeide/plugins/com.st.stm32cube.ide.mcu.externaltools.gnu-tools-for-stm32.10.3-2021.10.win32_1.0.200.202301161003/tools/bin/../lib/gcc/arm-none-eabi/10.3.1/thumb/v7e-m+fp/hard\libgcc.a(_arm_addsubdf3.o)
 .debug_frame   0x00000000000051fc       0x24 c:/st/stm32cubeide_1.7.0/stm32cubeide/plugins/com.st.stm32cube.ide.mcu.externaltools.gnu-tools-for-stm32.10.3-2021.10.win32_1.0.200.202301161003/tools/bin/../lib/gcc/arm-none-eabi/10.3.1/thumb/v7e-m+fp/hard\libgcc.a(_arm_fixunsdfsi.o)
 .debug_frame   0x0000000000005220       0x2c c:/st/stm32cubeide_1.7.0/stm32cubeide/plugins/com.st.stm32cube.ide.mcu.externaltools.gnu-tools-for-stm32.10.3-2021.10.win32_1.0.200.202301161003/tools/bin/../lib/gcc/arm-none-eabi/10.3.1/thumb/v7e-m+fp/hard\libgcc.a(_aeabi_uldivmod.o)
 .debug_frame   0x000000000000524c       0x34 c:/st/stm32cubeide_1.7.0/stm32cubeide/plugins/com.st.stm32cube.ide.mcu.externaltools.gnu-tools-for-stm32.10.3-2021.10.win32_1.0.200.202301161003/tools/bin/../lib/gcc/arm-none-eabi/10.3.1/thumb/v7e-m+fp/hard\libgcc.a(_udivmoddi4.o)
