../Core/Src/SPI_MB.c:10:6:delay_1us	8	static
../Core/Src/SPI_MB.c:14:6:wake_up	8	static
../Core/Src/SPI_MB.c:23:19:SPI_Transceive	24	static
../Core/Src/SPI_MB.c:32:10:Calculate_CRC	16	static
../Core/Src/SPI_MB.c:37:10:generatePEC	20	static
../Core/Src/SPI_MB.c:65:19:Command	32	static
../Core/Src/SPI_MB.c:79:19:Write_Registergroup	48	static
../Core/Src/SPI_MB.c:101:19:Read_Registergroup	40	static
../Core/Src/SPI_MB.c:126:19:Read_Voltages	32	static
../Core/Src/SPI_MB.c:168:19:ADBMS_HW_Init	8	static
