../Core/Src/stm32l4xx_hal_msp.c:63:6:HAL_MspInit	8	static
../Core/Src/stm32l4xx_hal_msp.c:85:6:HAL_ADC_MspInit	120	static
../Core/Src/stm32l4xx_hal_msp.c:139:6:HAL_ADC_MspDeInit	0	static
../Core/Src/stm32l4xx_hal_msp.c:170:6:HAL_CAN_MspInit	40	static
../Core/Src/stm32l4xx_hal_msp.c:206:6:HAL_CAN_MspDeInit	0	static
../Core/Src/stm32l4xx_hal_msp.c:235:6:HAL_CRC_MspInit	8	static
../Core/Src/stm32l4xx_hal_msp.c:257:6:HAL_CRC_MspDeInit	0	static
../Core/Src/stm32l4xx_hal_msp.c:279:6:HAL_SPI_MspInit	40	static
../Core/Src/stm32l4xx_hal_msp.c:316:6:HAL_SPI_MspDeInit	0	static
../Core/Src/stm32l4xx_hal_msp.c:346:6:HAL_UART_MspInit	128	static
../Core/Src/stm32l4xx_hal_msp.c:400:6:HAL_UART_MspDeInit	0	static
