../Core/Src/battery.c:13:6:init_Battery_values	0	static
../Core/Src/battery.c:30:9:get_battery_status_code	0	static
../Core/Src/battery.c:42:6:battery_reset_error_flags	0	static
../Core/Src/battery.c:46:9:get_battery_error_code	0	static
../Core/Src/battery.c:50:6:set_battery_error_flag	0	static
../Core/Src/battery.c:54:6:set_reset_battery_status_flag	0	static
../Core/Src/battery.c:62:23:calc_Battery_values	8	static
../Core/Src/battery.c:106:9:volt2celsius	112	static
../Core/Src/battery.c:194:6:set_relays	0	static
../Core/Src/battery.c:123:23:refresh_SDC	8	static
../Core/Src/battery.c:175:23:check_battery	16	static
../Core/Src/battery.c:148:23:SDC_reset	456	static
../Core/Src/battery.c:216:9:balancing	56	static
