../Core/Src/main.c:85:5:main	16	static
../Core/Src/main.c:200:6:SystemClock_Config	96	static
../Core/Src/main.c:261:13:MX_CAN1_Init	56	static
../Core/Src/main.c:326:13:MX_SPI1_Init	8	static
../Core/Src/main.c:366:13:MX_TIM6_Init	24	static
../Core/Src/main.c:406:13:MX_TIM7_Init	24	static
../Core/Src/main.c:446:13:MX_USART2_UART_Init	8	static
../Core/Src/main.c:481:13:MX_GPIO_Init	40	static
../Core/Src/main.c:532:6:HAL_TIM_PeriodElapsedCallback	16	static
../Core/Src/main.c:548:6:Error_Handler	8	static
