../Core/Src/main.c:527:13:MX_GPIO_Init	48	static
../Core/Src/main.c:77:6:HAL_TIM_PeriodElapsedCallback	0	static
../Core/Src/main.c:584:6:Error_Handler	16	static
../Core/Src/main.c:492:13:MX_USART2_UART_Init	8	static
../Core/Src/main.c:312:13:MX_CAN1_Init	56	static
../Core/Src/main.c:372:13:MX_SPI1_Init	8	static
../Core/Src/main.c:412:13:MX_TIM6_Init	24	static
../Core/Src/main.c:452:13:MX_TIM7_Init	24	static
../Core/Src/main.c:251:6:SystemClock_Config	96	static
../Core/Src/main.c:92:5:main	152	static
