../Core/Src/SPI_MB.c:16:6:delay_1us	8	static
../Core/Src/SPI_MB.c:20:6:wake_up	24	static
../Core/Src/SPI_MB.c:30:19:SPI_Transceive	32	static
../Core/Src/SPI_MB.c:45:10:generatePEC	28	static
../Core/Src/SPI_MB.c:73:19:Command	32	static
../Core/Src/SPI_MB.c:87:19:Write_Registergroup	112	static
../Core/Src/SPI_MB.c:109:19:Read_Registergroup	128	static
../Core/Src/SPI_MB.c:138:19:Read_Voltages	56	static
../Core/Src/SPI_MB.c:163:19:Read_Temp	56	static
../Core/Src/SPI_MB.c:206:19:ADBMS_HW_Init	136	static
